------------------------------ Training begins --------------------------------- 

Config: {'n_states': 32, 'n_obs': 32, 'mu_w': array([0., 0., 0., 0., 0., 0., 0., 0., 0., 0., 0., 0., 0., 0., 0., 0., 0.,
       0., 0., 0., 0., 0., 0., 0., 0., 0., 0., 0., 0., 0., 0., 0.]), 'C_w': None, 'H': array([[1., 0., 0., ..., 0., 0., 0.],
       [0., 1., 0., ..., 0., 0., 0.],
       [0., 0., 1., ..., 0., 0., 0.],
       ...,
       [0., 0., 0., ..., 1., 0., 0.],
       [0., 0., 0., ..., 0., 1., 0.],
       [0., 0., 0., ..., 0., 0., 1.]]), 'mu_x0': array([0., 0., 0., 0., 0., 0., 0., 0., 0., 0., 0., 0., 0., 0., 0., 0., 0.,
       0., 0., 0., 0., 0., 0., 0., 0., 0., 0., 0., 0., 0., 0., 0.]), 'C_x0': array([[1., 0., 0., ..., 0., 0., 0.],
       [0., 1., 0., ..., 0., 0., 0.],
       [0., 0., 1., ..., 0., 0., 0.],
       ...,
       [0., 0., 0., ..., 1., 0., 0.],
       [0., 0., 0., ..., 0., 1., 0.],
       [0., 0., 0., ..., 0., 0., 1.]]), 'batch_size': 64, 'rnn_type': 'gru', 'device': device(type='cuda', index=0), 'rnn_params_dict': {'gru': {'model_type': 'gru', 'input_size': 32, 'output_size': 32, 'n_hidden': 64, 'n_layers': 1, 'lr': 1e-05, 'num_epochs': 2000, 'min_delta': 0.05, 'n_hidden_dense': 64, 'device': device(type='cuda', index=0)}, 'rnn': {'model_type': 'gru', 'input_size': 32, 'output_size': 32, 'n_hidden': 40, 'n_layers': 2, 'lr': 0.001, 'num_epochs': 300, 'min_delta': 0.001, 'n_hidden_dense': 32, 'device': device(type='cuda', index=0)}, 'lstm': {'model_type': 'lstm', 'input_size': 32, 'output_size': 32, 'n_hidden': 40, 'n_layers': 2, 'lr': 0.001, 'num_epochs': 300, 'min_delta': 0.001, 'n_hidden_dense': 32, 'device': device(type='cuda', index=0)}}} 

No. of trainable parameters: 27136

Epoch: 1/2000, Training NLL:1.837649047, Val. NLL:1.894273281, Val. MSE: 1.874223232, Time_Elapsed:0.3671 secs
Epoch: 50/2000, Training NLL:1.745996475, Val. NLL:1.805698872, Val. MSE: 1.816619039, Time_Elapsed:5.6277 secs
Epoch: 100/2000, Training NLL:1.635018925, Val. NLL:1.728624165, Val. MSE: 1.707069516, Time_Elapsed:10.9529 secs
Epoch: 150/2000, Training NLL:1.468097329, Val. NLL:1.581251264, Val. MSE: 1.637466967, Time_Elapsed:16.2749 secs
Epoch: 200/2000, Training NLL:1.248129984, Val. NLL:1.297634721, Val. MSE: 1.267493188, Time_Elapsed:21.6432 secs
Epoch: 250/2000, Training NLL:1.022868951, Val. NLL:1.040094972, Val. MSE: 1.039424807, Time_Elapsed:27.0063 secs
Epoch: 300/2000, Training NLL:0.851606290, Val. NLL:0.919835031, Val. MSE: 0.946895570, Time_Elapsed:32.3799 secs
Epoch: 350/2000, Training NLL:0.734710366, Val. NLL:0.727277786, Val. MSE: 0.782332748, Time_Elapsed:37.6840 secs
Epoch: 400/2000, Training NLL:0.657281150, Val. NLL:0.685102642, Val. MSE: 0.746171176, Time_Elapsed:42.9759 secs
Epoch: 450/2000, Training NLL:0.601313214, Val. NLL:0.711012602, Val. MSE: 0.801384330, Time_Elapsed:48.2703 secs
Epoch: 500/2000, Training NLL:0.563397735, Val. NLL:0.566549748, Val. MSE: 0.650836259, Time_Elapsed:53.5423 secs
Epoch: 550/2000, Training NLL:0.533647428, Val. NLL:0.566132009, Val. MSE: 0.655491740, Time_Elapsed:58.8516 secs
Epoch: 600/2000, Training NLL:0.511124358, Val. NLL:0.529050231, Val. MSE: 0.646395206, Time_Elapsed:64.1582 secs
Epoch: 650/2000, Training NLL:0.491192753, Val. NLL:0.514511392, Val. MSE: 0.653438807, Time_Elapsed:69.4968 secs
Consecutive iterations are:[678, 679, 680]
Exit and Convergence reached after 3 iterations for relative change in NLL below :0.05
Training convergence attained at Epoch: 680!

Saving the best model at epoch=680, with training loss=0.48107509811719257, validation loss=0.5082304924726486
------------------------------ Training ends --------------------------------- 

