------------------------------ Training begins --------------------------------- 

Config: {'n_states': 3, 'n_obs': 3, 'mu_w': array([0., 0., 0.]), 'C_w': array([[2.30988066, 0.        , 0.        ],
       [0.        , 2.30988066, 0.        ],
       [0.        , 0.        , 2.30988066]]), 'H': array([[1., 0., 0.],
       [0., 1., 0.],
       [0., 0., 1.]]), 'mu_x0': array([0., 0., 0.]), 'C_x0': array([[1., 0., 0.],
       [0., 1., 0.],
       [0., 0., 1.]]), 'batch_size': 64, 'rnn_type': 'gru', 'device': device(type='cpu'), 'rnn_params_dict': {'gru': {'model_type': 'gru', 'input_size': 3, 'output_size': 3, 'n_hidden': 30, 'n_layers': 1, 'lr': 0.01, 'num_epochs': 2000, 'min_delta': 0.05, 'n_hidden_dense': 32, 'device': device(type='cpu')}, 'rnn': {'model_type': 'gru', 'input_size': 3, 'output_size': 3, 'n_hidden': 40, 'n_layers': 2, 'lr': 0.001, 'num_epochs': 300, 'min_delta': 0.001, 'n_hidden_dense': 32, 'device': device(type='cpu')}, 'lstm': {'model_type': 'lstm', 'input_size': 3, 'output_size': 3, 'n_hidden': 40, 'n_layers': 2, 'lr': 0.001, 'num_epochs': 300, 'min_delta': 0.001, 'n_hidden_dense': 32, 'device': device(type='cpu')}}} 

No. of trainable parameters: 4340

Epoch: 1/2000, Training NLL:40.003960292, Val. NLL:24.530191422, Val. MSE: 53.940427288, Time_Elapsed:2.7556 secs
Epoch: 50/2000, Training NLL:0.145514806, Val. NLL:0.147486955, Val. MSE: 3.150590659, Time_Elapsed:181.5504 secs
Epoch: 100/2000, Training NLL:0.123580143, Val. NLL:0.121784594, Val. MSE: 3.134672061, Time_Elapsed:370.8802 secs
Epoch: 150/2000, Training NLL:0.116304316, Val. NLL:0.116349462, Val. MSE: 3.121689184, Time_Elapsed:554.9927 secs
Epoch: 200/2000, Training NLL:0.108815443, Val. NLL:0.104517419, Val. MSE: 2.960996355, Time_Elapsed:733.7712 secs
Epoch: 250/2000, Training NLL:0.102489832, Val. NLL:0.107473508, Val. MSE: 2.992831976, Time_Elapsed:911.0351 secs
Epoch: 300/2000, Training NLL:0.098715042, Val. NLL:0.103306316, Val. MSE: 2.720339738, Time_Elapsed:1093.4080 secs
Epoch: 350/2000, Training NLL:0.091736772, Val. NLL:0.091239855, Val. MSE: 2.915954167, Time_Elapsed:1274.6521 secs
Epoch: 400/2000, Training NLL:0.091630091, Val. NLL:0.101577204, Val. MSE: 2.977120904, Time_Elapsed:1458.2078 secs
Epoch: 450/2000, Training NLL:0.093950273, Val. NLL:0.095661938, Val. MSE: 2.958492353, Time_Elapsed:1634.5520 secs
Epoch: 500/2000, Training NLL:0.090122004, Val. NLL:0.099159870, Val. MSE: 2.805497366, Time_Elapsed:1811.9924 secs
Epoch: 550/2000, Training NLL:0.091550066, Val. NLL:0.097017583, Val. MSE: 2.948644300, Time_Elapsed:1989.4987 secs
Epoch: 600/2000, Training NLL:0.087718037, Val. NLL:0.095378067, Val. MSE: 2.695820230, Time_Elapsed:2168.2648 secs
Epoch: 650/2000, Training NLL:0.090311265, Val. NLL:0.093329702, Val. MSE: 3.079697638, Time_Elapsed:2351.3001 secs
Consecutive iterations are:[669, 670, 671]
Exit and Convergence reached after 3 iterations for relative change in NLL below :0.05
Training convergence attained at Epoch: 671!

Saving the best model at epoch=671, with training loss=0.0871688686311245, validation loss=0.09003615751862526
------------------------------ Training ends --------------------------------- 

------------------------------ Training begins --------------------------------- 

Config: {'n_states': 3, 'n_obs': 3, 'mu_w': array([0., 0., 0.]), 'C_w': array([[2.16719498, 0.        , 0.        ],
       [0.        , 2.16719498, 0.        ],
       [0.        , 0.        , 2.16719498]]), 'H': array([[1., 0., 0.],
       [0., 1., 0.],
       [0., 0., 1.]]), 'mu_x0': array([0., 0., 0.]), 'C_x0': array([[1., 0., 0.],
       [0., 1., 0.],
       [0., 0., 1.]]), 'batch_size': 64, 'rnn_type': 'gru', 'device': device(type='cpu'), 'rnn_params_dict': {'gru': {'model_type': 'gru', 'input_size': 3, 'output_size': 3, 'n_hidden': 30, 'n_layers': 1, 'lr': 0.01, 'num_epochs': 2000, 'min_delta': 0.05, 'n_hidden_dense': 32, 'device': device(type='cpu')}, 'rnn': {'model_type': 'gru', 'input_size': 3, 'output_size': 3, 'n_hidden': 40, 'n_layers': 2, 'lr': 0.001, 'num_epochs': 300, 'min_delta': 0.001, 'n_hidden_dense': 32, 'device': device(type='cpu')}, 'lstm': {'model_type': 'lstm', 'input_size': 3, 'output_size': 3, 'n_hidden': 40, 'n_layers': 2, 'lr': 0.001, 'num_epochs': 300, 'min_delta': 0.001, 'n_hidden_dense': 32, 'device': device(type='cpu')}}} 

No. of trainable parameters: 4340

Epoch: 1/2000, Training NLL:40.048338890, Val. NLL:24.066744804, Val. MSE: 43.940361835, Time_Elapsed:3.5675 secs
Epoch: 50/2000, Training NLL:0.196165288, Val. NLL:0.185890213, Val. MSE: 0.782445499, Time_Elapsed:189.0718 secs
Epoch: 100/2000, Training NLL:0.117730789, Val. NLL:0.135352373, Val. MSE: 0.586740385, Time_Elapsed:367.6517 secs
Epoch: 150/2000, Training NLL:0.118782827, Val. NLL:0.122691989, Val. MSE: 0.509598114, Time_Elapsed:545.0852 secs
Epoch: 200/2000, Training NLL:0.098682697, Val. NLL:0.106662046, Val. MSE: 0.467109963, Time_Elapsed:720.7915 secs
Epoch: 250/2000, Training NLL:0.095892577, Val. NLL:0.108320400, Val. MSE: 0.480807141, Time_Elapsed:908.0001 secs
Epoch: 300/2000, Training NLL:0.098759466, Val. NLL:0.113508988, Val. MSE: 0.487607719, Time_Elapsed:1086.0939 secs
Epoch: 350/2000, Training NLL:0.091782138, Val. NLL:0.102591339, Val. MSE: 0.452694590, Time_Elapsed:1265.1720 secs
Epoch: 400/2000, Training NLL:0.089567075, Val. NLL:0.096338246, Val. MSE: 0.433577445, Time_Elapsed:1449.3411 secs
Epoch: 450/2000, Training NLL:0.092458614, Val. NLL:0.093895510, Val. MSE: 0.435893130, Time_Elapsed:1626.7794 secs
Epoch: 500/2000, Training NLL:0.092044961, Val. NLL:0.096786864, Val. MSE: 0.442832859, Time_Elapsed:1804.4456 secs
Epoch: 550/2000, Training NLL:0.088290252, Val. NLL:0.099950314, Val. MSE: 0.448772268, Time_Elapsed:1981.7791 secs
Epoch: 600/2000, Training NLL:0.093784583, Val. NLL:0.100868773, Val. MSE: 0.456261602, Time_Elapsed:2155.8712 secs
Epoch: 650/2000, Training NLL:0.090305963, Val. NLL:0.094657160, Val. MSE: 0.427790640, Time_Elapsed:2331.7934 secs
Consecutive iterations are:[671, 672, 673]
Exit and Convergence reached after 3 iterations for relative change in NLL below :0.05
Training convergence attained at Epoch: 673!

Saving the best model at epoch=673, with training loss=0.08783600976069768, validation loss=0.09553346782922745
------------------------------ Training ends --------------------------------- 

------------------------------ Training begins --------------------------------- 

Config: {'n_states': 3, 'n_obs': 3, 'mu_w': array([0., 0., 0.]), 'C_w': array([[[2.03506423, 0.        , 0.        ],
        [0.        , 2.03506423, 0.        ],
        [0.        , 0.        , 2.03506423]]]), 'H': array([[1., 0., 0.],
       [0., 1., 0.],
       [0., 0., 1.]]), 'mu_x0': array([0., 0., 0.]), 'C_x0': array([[1., 0., 0.],
       [0., 1., 0.],
       [0., 0., 1.]]), 'batch_size': 64, 'rnn_type': 'gru', 'device': device(type='cpu'), 'rnn_params_dict': {'gru': {'model_type': 'gru', 'input_size': 3, 'output_size': 3, 'n_hidden': 30, 'n_layers': 1, 'lr': 0.01, 'num_epochs': 2000, 'min_delta': 0.05, 'n_hidden_dense': 32, 'device': device(type='cpu')}, 'rnn': {'model_type': 'gru', 'input_size': 3, 'output_size': 3, 'n_hidden': 40, 'n_layers': 2, 'lr': 0.001, 'num_epochs': 300, 'min_delta': 0.001, 'n_hidden_dense': 32, 'device': device(type='cpu')}, 'lstm': {'model_type': 'lstm', 'input_size': 3, 'output_size': 3, 'n_hidden': 40, 'n_layers': 2, 'lr': 0.001, 'num_epochs': 300, 'min_delta': 0.001, 'n_hidden_dense': 32, 'device': device(type='cpu')}}} 

No. of trainable parameters: 4340

Epoch: 1/2000, Training NLL:41.629884720, Val. NLL:24.644045830, Val. MSE: 40.588112926, Time_Elapsed:3.9158 secs
Epoch: 50/2000, Training NLL:0.192029806, Val. NLL:0.192509510, Val. MSE: 0.756888663, Time_Elapsed:230.0393 secs
Epoch: 100/2000, Training NLL:0.116046575, Val. NLL:0.115857005, Val. MSE: 0.543117232, Time_Elapsed:458.5953 secs
Epoch: 150/2000, Training NLL:0.110949041, Val. NLL:0.118763231, Val. MSE: 0.534846361, Time_Elapsed:691.1800 secs
Epoch: 200/2000, Training NLL:0.098891483, Val. NLL:0.106629748, Val. MSE: 0.491377571, Time_Elapsed:917.7313 secs
Epoch: 250/2000, Training NLL:0.104650459, Val. NLL:0.095211826, Val. MSE: 0.472704743, Time_Elapsed:1148.1507 secs
Epoch: 300/2000, Training NLL:0.095474154, Val. NLL:0.095317416, Val. MSE: 0.460152157, Time_Elapsed:1373.3825 secs
Epoch: 350/2000, Training NLL:0.092388966, Val. NLL:0.093871813, Val. MSE: 0.455427550, Time_Elapsed:1603.9676 secs
Epoch: 400/2000, Training NLL:0.097215589, Val. NLL:0.089786727, Val. MSE: 0.455326983, Time_Elapsed:1829.4909 secs
Epoch: 450/2000, Training NLL:0.088226488, Val. NLL:0.089296181, Val. MSE: 0.435933087, Time_Elapsed:2063.0368 secs
Epoch: 500/2000, Training NLL:0.088665298, Val. NLL:0.088149827, Val. MSE: 0.441840501, Time_Elapsed:2301.5189 secs
Epoch: 550/2000, Training NLL:0.091202185, Val. NLL:0.085417040, Val. MSE: 0.434746173, Time_Elapsed:2531.2007 secs
Epoch: 600/2000, Training NLL:0.097229784, Val. NLL:0.110145338, Val. MSE: 0.487145685, Time_Elapsed:2762.5316 secs
Epoch: 650/2000, Training NLL:0.087360438, Val. NLL:0.085648388, Val. MSE: 0.436968239, Time_Elapsed:2989.3807 secs
Consecutive iterations are:[682, 683, 684]
Exit and Convergence reached after 3 iterations for relative change in NLL below :0.05
Training convergence attained at Epoch: 684!

Saving the best model at epoch=684, with training loss=0.08547630657752354, validation loss=0.0858309455215931
------------------------------ Training ends --------------------------------- 

