------------------------------ Training begins --------------------------------- 

Config: {'n_states': 16, 'n_obs': 16, 'mu_w': array([0., 0., 0., 0., 0., 0., 0., 0., 0., 0., 0., 0., 0., 0., 0., 0.]), 'C_w': None, 'H': array([[1., 0., 0., 0., 0., 0., 0., 0., 0., 0., 0., 0., 0., 0., 0., 0.],
       [0., 1., 0., 0., 0., 0., 0., 0., 0., 0., 0., 0., 0., 0., 0., 0.],
       [0., 0., 1., 0., 0., 0., 0., 0., 0., 0., 0., 0., 0., 0., 0., 0.],
       [0., 0., 0., 1., 0., 0., 0., 0., 0., 0., 0., 0., 0., 0., 0., 0.],
       [0., 0., 0., 0., 1., 0., 0., 0., 0., 0., 0., 0., 0., 0., 0., 0.],
       [0., 0., 0., 0., 0., 1., 0., 0., 0., 0., 0., 0., 0., 0., 0., 0.],
       [0., 0., 0., 0., 0., 0., 1., 0., 0., 0., 0., 0., 0., 0., 0., 0.],
       [0., 0., 0., 0., 0., 0., 0., 1., 0., 0., 0., 0., 0., 0., 0., 0.],
       [0., 0., 0., 0., 0., 0., 0., 0., 1., 0., 0., 0., 0., 0., 0., 0.],
       [0., 0., 0., 0., 0., 0., 0., 0., 0., 1., 0., 0., 0., 0., 0., 0.],
       [0., 0., 0., 0., 0., 0., 0., 0., 0., 0., 1., 0., 0., 0., 0., 0.],
       [0., 0., 0., 0., 0., 0., 0., 0., 0., 0., 0., 1., 0., 0., 0., 0.],
       [0., 0., 0., 0., 0., 0., 0., 0., 0., 0., 0., 0., 1., 0., 0., 0.],
       [0., 0., 0., 0., 0., 0., 0., 0., 0., 0., 0., 0., 0., 1., 0., 0.],
       [0., 0., 0., 0., 0., 0., 0., 0., 0., 0., 0., 0., 0., 0., 1., 0.],
       [0., 0., 0., 0., 0., 0., 0., 0., 0., 0., 0., 0., 0., 0., 0., 1.]]), 'mu_x0': array([0., 0., 0., 0., 0., 0., 0., 0., 0., 0., 0., 0., 0., 0., 0., 0.]), 'C_x0': array([[1., 0., 0., 0., 0., 0., 0., 0., 0., 0., 0., 0., 0., 0., 0., 0.],
       [0., 1., 0., 0., 0., 0., 0., 0., 0., 0., 0., 0., 0., 0., 0., 0.],
       [0., 0., 1., 0., 0., 0., 0., 0., 0., 0., 0., 0., 0., 0., 0., 0.],
       [0., 0., 0., 1., 0., 0., 0., 0., 0., 0., 0., 0., 0., 0., 0., 0.],
       [0., 0., 0., 0., 1., 0., 0., 0., 0., 0., 0., 0., 0., 0., 0., 0.],
       [0., 0., 0., 0., 0., 1., 0., 0., 0., 0., 0., 0., 0., 0., 0., 0.],
       [0., 0., 0., 0., 0., 0., 1., 0., 0., 0., 0., 0., 0., 0., 0., 0.],
       [0., 0., 0., 0., 0., 0., 0., 1., 0., 0., 0., 0., 0., 0., 0., 0.],
       [0., 0., 0., 0., 0., 0., 0., 0., 1., 0., 0., 0., 0., 0., 0., 0.],
       [0., 0., 0., 0., 0., 0., 0., 0., 0., 1., 0., 0., 0., 0., 0., 0.],
       [0., 0., 0., 0., 0., 0., 0., 0., 0., 0., 1., 0., 0., 0., 0., 0.],
       [0., 0., 0., 0., 0., 0., 0., 0., 0., 0., 0., 1., 0., 0., 0., 0.],
       [0., 0., 0., 0., 0., 0., 0., 0., 0., 0., 0., 0., 1., 0., 0., 0.],
       [0., 0., 0., 0., 0., 0., 0., 0., 0., 0., 0., 0., 0., 1., 0., 0.],
       [0., 0., 0., 0., 0., 0., 0., 0., 0., 0., 0., 0., 0., 0., 1., 0.],
       [0., 0., 0., 0., 0., 0., 0., 0., 0., 0., 0., 0., 0., 0., 0., 1.]]), 'batch_size': 64, 'rnn_type': 'gru', 'num_mixtures': 20, 'device': device(type='cuda', index=0), 'rnn_params_dict': {'gru': {'model_type': 'gru', 'input_size': 16, 'output_size': 16, 'num_mixtures': 20, 'n_hidden': 128, 'n_layers': 1, 'lr': 1e-05, 'num_epochs': 2000, 'min_delta': 0.005, 'n_hidden_dense': 64, 'device': device(type='cuda', index=0)}, 'rnn': {'model_type': 'gru', 'input_size': 16, 'output_size': 16, 'num_mixtures': None, 'n_hidden': 40, 'n_layers': 2, 'lr': 0.001, 'num_epochs': 300, 'min_delta': 0.001, 'n_hidden_dense': 32, 'device': device(type='cuda', index=0)}, 'lstm': {'model_type': 'lstm', 'input_size': 16, 'output_size': 16, 'num_mixtures': None, 'n_hidden': 40, 'n_layers': 2, 'lr': 0.001, 'num_epochs': 300, 'min_delta': 0.001, 'n_hidden_dense': 32, 'device': device(type='cuda', index=0)}}} 

No. of trainable parameters: 107220

Epoch: 1/2000, Training NLL:19.401008924, Val. NLL:20.488930702, Val. MSE: 14.475023270, Time_Elapsed:0.7118 secs
Epoch: 50/2000, Training NLL:19.347686450, Val. NLL:20.088602066, Val. MSE: 13.780615330, Time_Elapsed:24.2317 secs
Epoch: 100/2000, Training NLL:19.217865626, Val. NLL:20.185796738, Val. MSE: 13.946330070, Time_Elapsed:48.3084 secs
Epoch: 150/2000, Training NLL:18.983611425, Val. NLL:20.634391785, Val. MSE: 13.752721310, Time_Elapsed:72.2216 secs
Epoch: 200/2000, Training NLL:18.489023527, Val. NLL:19.027688026, Val. MSE: 11.757481575, Time_Elapsed:96.1918 secs
Epoch: 250/2000, Training NLL:18.116803805, Val. NLL:18.602364540, Val. MSE: 10.513203621, Time_Elapsed:120.2592 secs
Epoch: 300/2000, Training NLL:17.849744161, Val. NLL:18.133463860, Val. MSE: 10.506268978, Time_Elapsed:144.2624 secs
Epoch: 350/2000, Training NLL:17.605114937, Val. NLL:17.980278969, Val. MSE: 10.285927296, Time_Elapsed:168.2744 secs
Epoch: 400/2000, Training NLL:17.377526283, Val. NLL:17.927527428, Val. MSE: 9.938899994, Time_Elapsed:192.3193 secs
Epoch: 450/2000, Training NLL:17.155421575, Val. NLL:18.077454567, Val. MSE: 9.782848358, Time_Elapsed:216.2446 secs
Epoch: 500/2000, Training NLL:16.931270281, Val. NLL:17.552513123, Val. MSE: 9.524106026, Time_Elapsed:240.1867 secs
Epoch: 550/2000, Training NLL:16.683173180, Val. NLL:16.665991783, Val. MSE: 8.736140728, Time_Elapsed:264.1450 secs
Epoch: 600/2000, Training NLL:16.507641157, Val. NLL:16.702920914, Val. MSE: 8.933517456, Time_Elapsed:288.0440 secs
Epoch: 650/2000, Training NLL:16.281224728, Val. NLL:17.529611588, Val. MSE: 9.184736252, Time_Elapsed:311.8575 secs
Epoch: 700/2000, Training NLL:16.099645138, Val. NLL:16.371962547, Val. MSE: 8.367152691, Time_Elapsed:335.6672 secs
Epoch: 750/2000, Training NLL:15.962079366, Val. NLL:16.401672363, Val. MSE: 8.465657711, Time_Elapsed:359.6841 secs
Consecutive iterations are:[761, 762, 763]
Exit and Convergence reached after 3 iterations for relative change in NLL below :0.005
Training convergence attained at Epoch: 763!

Saving the best model at epoch=763, with training loss=15.913909276326498, validation loss=16.259297847747803
------------------------------ Training ends --------------------------------- 

