------------------------------ Training begins --------------------------------- 

Config: {'n_states': 32, 'n_obs': 32, 'mu_w': array([0., 0., 0., 0., 0., 0., 0., 0., 0., 0., 0., 0., 0., 0., 0., 0., 0.,
       0., 0., 0., 0., 0., 0., 0., 0., 0., 0., 0., 0., 0., 0., 0.]), 'C_w': None, 'H': array([[1., 0., 0., ..., 0., 0., 0.],
       [0., 1., 0., ..., 0., 0., 0.],
       [0., 0., 1., ..., 0., 0., 0.],
       ...,
       [0., 0., 0., ..., 1., 0., 0.],
       [0., 0., 0., ..., 0., 1., 0.],
       [0., 0., 0., ..., 0., 0., 1.]]), 'mu_x0': array([0., 0., 0., 0., 0., 0., 0., 0., 0., 0., 0., 0., 0., 0., 0., 0., 0.,
       0., 0., 0., 0., 0., 0., 0., 0., 0., 0., 0., 0., 0., 0., 0.]), 'C_x0': array([[1., 0., 0., ..., 0., 0., 0.],
       [0., 1., 0., ..., 0., 0., 0.],
       [0., 0., 1., ..., 0., 0., 0.],
       ...,
       [0., 0., 0., ..., 1., 0., 0.],
       [0., 0., 0., ..., 0., 1., 0.],
       [0., 0., 0., ..., 0., 0., 1.]]), 'batch_size': 64, 'rnn_type': 'gru', 'device': device(type='cuda', index=0), 'rnn_params_dict': {'gru': {'model_type': 'gru', 'input_size': 32, 'output_size': 32, 'n_hidden': 64, 'n_layers': 1, 'lr': 1e-05, 'num_epochs': 2000, 'min_delta': 0.05, 'n_hidden_dense': 64, 'device': device(type='cuda', index=0)}, 'rnn': {'model_type': 'gru', 'input_size': 32, 'output_size': 32, 'n_hidden': 40, 'n_layers': 2, 'lr': 0.001, 'num_epochs': 300, 'min_delta': 0.001, 'n_hidden_dense': 32, 'device': device(type='cuda', index=0)}, 'lstm': {'model_type': 'lstm', 'input_size': 32, 'output_size': 32, 'n_hidden': 40, 'n_layers': 2, 'lr': 0.001, 'num_epochs': 300, 'min_delta': 0.001, 'n_hidden_dense': 32, 'device': device(type='cuda', index=0)}}} 

No. of trainable parameters: 27136

Epoch: 1/2000, Training NLL:1.126056770, Val. NLL:1.163495064, Val. MSE: 4.052543640, Time_Elapsed:0.4127 secs
Epoch: 50/2000, Training NLL:1.089658419, Val. NLL:1.101500452, Val. MSE: 3.963504553, Time_Elapsed:7.3886 secs
Epoch: 100/2000, Training NLL:1.046966096, Val. NLL:1.104533434, Val. MSE: 3.881530404, Time_Elapsed:14.4877 secs
Epoch: 150/2000, Training NLL:0.987703184, Val. NLL:1.043418050, Val. MSE: 3.815467000, Time_Elapsed:21.4712 secs
Epoch: 200/2000, Training NLL:0.912411660, Val. NLL:0.965315223, Val. MSE: 3.257289886, Time_Elapsed:28.6505 secs
Epoch: 250/2000, Training NLL:0.823992362, Val. NLL:0.867356747, Val. MSE: 2.851286888, Time_Elapsed:35.7771 secs
Epoch: 300/2000, Training NLL:0.747572492, Val. NLL:0.803843081, Val. MSE: 2.689118028, Time_Elapsed:42.8617 secs
Epoch: 350/2000, Training NLL:0.688688755, Val. NLL:0.708258510, Val. MSE: 2.255172014, Time_Elapsed:49.9051 secs
Epoch: 400/2000, Training NLL:0.645776331, Val. NLL:0.673530698, Val. MSE: 2.227031112, Time_Elapsed:57.0333 secs
Epoch: 450/2000, Training NLL:0.610362798, Val. NLL:0.710397810, Val. MSE: 2.307007551, Time_Elapsed:64.0919 secs
Epoch: 500/2000, Training NLL:0.584749202, Val. NLL:0.595900625, Val. MSE: 1.802903414, Time_Elapsed:71.2824 secs
Epoch: 550/2000, Training NLL:0.561189691, Val. NLL:0.598637760, Val. MSE: 1.807460666, Time_Elapsed:78.2482 secs
Epoch: 600/2000, Training NLL:0.542494625, Val. NLL:0.573572218, Val. MSE: 1.731128216, Time_Elapsed:85.2902 secs
Epoch: 650/2000, Training NLL:0.526378920, Val. NLL:0.550426930, Val. MSE: 1.680962861, Time_Elapsed:92.3435 secs
Consecutive iterations are:[669, 670, 671]
Exit and Convergence reached after 3 iterations for relative change in NLL below :0.05
Training convergence attained at Epoch: 671!

Saving the best model at epoch=671, with training loss=0.520435094833374, validation loss=0.5544969141483307
------------------------------ Training ends --------------------------------- 

