------------------------------ Training begins --------------------------------- 

Config: {'n_states': 16, 'n_obs': 16, 'mu_w': array([0., 0., 0., 0., 0., 0., 0., 0., 0., 0., 0., 0., 0., 0., 0., 0.]), 'C_w': None, 'H': array([[1., 0., 0., 0., 0., 0., 0., 0., 0., 0., 0., 0., 0., 0., 0., 0.],
       [0., 1., 0., 0., 0., 0., 0., 0., 0., 0., 0., 0., 0., 0., 0., 0.],
       [0., 0., 1., 0., 0., 0., 0., 0., 0., 0., 0., 0., 0., 0., 0., 0.],
       [0., 0., 0., 1., 0., 0., 0., 0., 0., 0., 0., 0., 0., 0., 0., 0.],
       [0., 0., 0., 0., 1., 0., 0., 0., 0., 0., 0., 0., 0., 0., 0., 0.],
       [0., 0., 0., 0., 0., 1., 0., 0., 0., 0., 0., 0., 0., 0., 0., 0.],
       [0., 0., 0., 0., 0., 0., 1., 0., 0., 0., 0., 0., 0., 0., 0., 0.],
       [0., 0., 0., 0., 0., 0., 0., 1., 0., 0., 0., 0., 0., 0., 0., 0.],
       [0., 0., 0., 0., 0., 0., 0., 0., 1., 0., 0., 0., 0., 0., 0., 0.],
       [0., 0., 0., 0., 0., 0., 0., 0., 0., 1., 0., 0., 0., 0., 0., 0.],
       [0., 0., 0., 0., 0., 0., 0., 0., 0., 0., 1., 0., 0., 0., 0., 0.],
       [0., 0., 0., 0., 0., 0., 0., 0., 0., 0., 0., 1., 0., 0., 0., 0.],
       [0., 0., 0., 0., 0., 0., 0., 0., 0., 0., 0., 0., 1., 0., 0., 0.],
       [0., 0., 0., 0., 0., 0., 0., 0., 0., 0., 0., 0., 0., 1., 0., 0.],
       [0., 0., 0., 0., 0., 0., 0., 0., 0., 0., 0., 0., 0., 0., 1., 0.],
       [0., 0., 0., 0., 0., 0., 0., 0., 0., 0., 0., 0., 0., 0., 0., 1.]]), 'mu_x0': array([0., 0., 0., 0., 0., 0., 0., 0., 0., 0., 0., 0., 0., 0., 0., 0.]), 'C_x0': array([[1., 0., 0., 0., 0., 0., 0., 0., 0., 0., 0., 0., 0., 0., 0., 0.],
       [0., 1., 0., 0., 0., 0., 0., 0., 0., 0., 0., 0., 0., 0., 0., 0.],
       [0., 0., 1., 0., 0., 0., 0., 0., 0., 0., 0., 0., 0., 0., 0., 0.],
       [0., 0., 0., 1., 0., 0., 0., 0., 0., 0., 0., 0., 0., 0., 0., 0.],
       [0., 0., 0., 0., 1., 0., 0., 0., 0., 0., 0., 0., 0., 0., 0., 0.],
       [0., 0., 0., 0., 0., 1., 0., 0., 0., 0., 0., 0., 0., 0., 0., 0.],
       [0., 0., 0., 0., 0., 0., 1., 0., 0., 0., 0., 0., 0., 0., 0., 0.],
       [0., 0., 0., 0., 0., 0., 0., 1., 0., 0., 0., 0., 0., 0., 0., 0.],
       [0., 0., 0., 0., 0., 0., 0., 0., 1., 0., 0., 0., 0., 0., 0., 0.],
       [0., 0., 0., 0., 0., 0., 0., 0., 0., 1., 0., 0., 0., 0., 0., 0.],
       [0., 0., 0., 0., 0., 0., 0., 0., 0., 0., 1., 0., 0., 0., 0., 0.],
       [0., 0., 0., 0., 0., 0., 0., 0., 0., 0., 0., 1., 0., 0., 0., 0.],
       [0., 0., 0., 0., 0., 0., 0., 0., 0., 0., 0., 0., 1., 0., 0., 0.],
       [0., 0., 0., 0., 0., 0., 0., 0., 0., 0., 0., 0., 0., 1., 0., 0.],
       [0., 0., 0., 0., 0., 0., 0., 0., 0., 0., 0., 0., 0., 0., 1., 0.],
       [0., 0., 0., 0., 0., 0., 0., 0., 0., 0., 0., 0., 0., 0., 0., 1.]]), 'batch_size': 64, 'rnn_type': 'gru', 'num_mixtures': 20, 'device': device(type='cuda', index=0), 'rnn_params_dict': {'gru': {'model_type': 'gru', 'input_size': 16, 'output_size': 16, 'num_mixtures': 20, 'n_hidden': 128, 'n_layers': 1, 'lr': 1e-05, 'num_epochs': 2000, 'min_delta': 0.005, 'n_hidden_dense': 64, 'device': device(type='cuda', index=0)}, 'rnn': {'model_type': 'gru', 'input_size': 16, 'output_size': 16, 'num_mixtures': None, 'n_hidden': 40, 'n_layers': 2, 'lr': 0.001, 'num_epochs': 300, 'min_delta': 0.001, 'n_hidden_dense': 32, 'device': device(type='cuda', index=0)}, 'lstm': {'model_type': 'lstm', 'input_size': 16, 'output_size': 16, 'num_mixtures': None, 'n_hidden': 40, 'n_layers': 2, 'lr': 0.001, 'num_epochs': 300, 'min_delta': 0.001, 'n_hidden_dense': 32, 'device': device(type='cuda', index=0)}}} 

No. of trainable parameters: 107220

Epoch: 1/2000, Training NLL:30.164402962, Val. NLL:31.321617126, Val. MSE: 7.615953445, Time_Elapsed:0.7609 secs
Epoch: 50/2000, Training NLL:29.250504176, Val. NLL:30.201468468, Val. MSE: 6.762264490, Time_Elapsed:24.7071 secs
Epoch: 100/2000, Training NLL:26.318386396, Val. NLL:27.581935883, Val. MSE: 5.893973351, Time_Elapsed:49.0399 secs
Epoch: 150/2000, Training NLL:20.559677760, Val. NLL:22.243088722, Val. MSE: 4.215363026, Time_Elapsed:73.4512 secs
Epoch: 200/2000, Training NLL:16.726974805, Val. NLL:17.765573502, Val. MSE: 2.741466284, Time_Elapsed:97.9117 secs
Epoch: 250/2000, Training NLL:14.700551828, Val. NLL:15.235013485, Val. MSE: 1.878439724, Time_Elapsed:122.2317 secs
Epoch: 300/2000, Training NLL:13.557253520, Val. NLL:13.549666405, Val. MSE: 1.678341448, Time_Elapsed:146.5464 secs
Epoch: 350/2000, Training NLL:12.903565725, Val. NLL:13.374249458, Val. MSE: 1.555253148, Time_Elapsed:170.7859 secs
Epoch: 400/2000, Training NLL:12.486700535, Val. NLL:12.876038551, Val. MSE: 1.466370106, Time_Elapsed:195.0794 secs
Epoch: 450/2000, Training NLL:12.194358985, Val. NLL:12.812939167, Val. MSE: 1.478355229, Time_Elapsed:219.5294 secs
Epoch: 500/2000, Training NLL:11.948205948, Val. NLL:12.325537682, Val. MSE: 1.394893944, Time_Elapsed:243.8566 secs
Epoch: 550/2000, Training NLL:11.753724257, Val. NLL:11.739126205, Val. MSE: 1.278772533, Time_Elapsed:268.0686 secs
Epoch: 600/2000, Training NLL:11.591156006, Val. NLL:11.841418266, Val. MSE: 1.386150062, Time_Elapsed:292.4063 secs
Epoch: 650/2000, Training NLL:11.385441621, Val. NLL:12.586256981, Val. MSE: 1.510218620, Time_Elapsed:316.4397 secs
Epoch: 700/2000, Training NLL:11.216043313, Val. NLL:11.801493168, Val. MSE: 1.262688279, Time_Elapsed:340.8007 secs
Epoch: 750/2000, Training NLL:11.038443089, Val. NLL:11.836338997, Val. MSE: 1.383929968, Time_Elapsed:365.0685 secs
Consecutive iterations are:[776, 777, 778]
Exit and Convergence reached after 3 iterations for relative change in NLL below :0.005
Training convergence attained at Epoch: 778!

Saving the best model at epoch=778, with training loss=10.916076183319092, validation loss=11.279817581176758
------------------------------ Training ends --------------------------------- 

