------------------------------ Training begins --------------------------------- 

Config: {'n_states': 32, 'n_obs': 32, 'mu_w': array([0., 0., 0., 0., 0., 0., 0., 0., 0., 0., 0., 0., 0., 0., 0., 0., 0.,
       0., 0., 0., 0., 0., 0., 0., 0., 0., 0., 0., 0., 0., 0., 0.]), 'C_w': None, 'H': array([[1., 0., 0., ..., 0., 0., 0.],
       [0., 1., 0., ..., 0., 0., 0.],
       [0., 0., 1., ..., 0., 0., 0.],
       ...,
       [0., 0., 0., ..., 1., 0., 0.],
       [0., 0., 0., ..., 0., 1., 0.],
       [0., 0., 0., ..., 0., 0., 1.]]), 'mu_x0': array([0., 0., 0., 0., 0., 0., 0., 0., 0., 0., 0., 0., 0., 0., 0., 0., 0.,
       0., 0., 0., 0., 0., 0., 0., 0., 0., 0., 0., 0., 0., 0., 0.]), 'C_x0': array([[1., 0., 0., ..., 0., 0., 0.],
       [0., 1., 0., ..., 0., 0., 0.],
       [0., 0., 1., ..., 0., 0., 0.],
       ...,
       [0., 0., 0., ..., 1., 0., 0.],
       [0., 0., 0., ..., 0., 1., 0.],
       [0., 0., 0., ..., 0., 0., 1.]]), 'batch_size': 64, 'rnn_type': 'gru', 'device': device(type='cuda', index=0), 'rnn_params_dict': {'gru': {'model_type': 'gru', 'input_size': 32, 'output_size': 32, 'n_hidden': 40, 'n_layers': 1, 'lr': 0.0001, 'num_epochs': 2000, 'min_delta': 0.05, 'n_hidden_dense': 64, 'device': device(type='cuda', index=0)}, 'rnn': {'model_type': 'gru', 'input_size': 32, 'output_size': 32, 'n_hidden': 40, 'n_layers': 2, 'lr': 0.001, 'num_epochs': 300, 'min_delta': 0.001, 'n_hidden_dense': 32, 'device': device(type='cuda', index=0)}, 'lstm': {'model_type': 'lstm', 'input_size': 32, 'output_size': 32, 'n_hidden': 40, 'n_layers': 2, 'lr': 0.001, 'num_epochs': 300, 'min_delta': 0.001, 'n_hidden_dense': 32, 'device': device(type='cuda', index=0)}}} 

No. of trainable parameters: 15664

Epoch: 1/2000, Training NLL:1.283442239, Val. NLL:1.274404824, Val. MSE: 7.197078466, Time_Elapsed:0.8313 secs
Epoch: 50/2000, Training NLL:1.208920379, Val. NLL:1.208020568, Val. MSE: 5.026525259, Time_Elapsed:14.2355 secs
Epoch: 100/2000, Training NLL:1.160121441, Val. NLL:1.177411616, Val. MSE: 4.418722153, Time_Elapsed:28.0082 secs
Epoch: 150/2000, Training NLL:1.121430953, Val. NLL:1.154327929, Val. MSE: 4.643972635, Time_Elapsed:41.4772 secs
Epoch: 200/2000, Training NLL:1.084559898, Val. NLL:1.132061362, Val. MSE: 5.206323147, Time_Elapsed:55.2122 secs
Epoch: 250/2000, Training NLL:1.047629436, Val. NLL:1.085363269, Val. MSE: 5.449050188, Time_Elapsed:68.9644 secs
Epoch: 300/2000, Training NLL:1.014674574, Val. NLL:1.059354722, Val. MSE: 6.167160273, Time_Elapsed:82.5953 secs
Epoch: 350/2000, Training NLL:0.987270812, Val. NLL:1.021817029, Val. MSE: 6.842197895, Time_Elapsed:96.3173 secs
Epoch: 400/2000, Training NLL:0.965830992, Val. NLL:1.014219522, Val. MSE: 7.408420563, Time_Elapsed:109.8820 secs
Epoch: 450/2000, Training NLL:0.944797953, Val. NLL:1.016139865, Val. MSE: 7.952200174, Time_Elapsed:123.4232 secs
Epoch: 500/2000, Training NLL:0.924968431, Val. NLL:0.974605888, Val. MSE: 8.394626141, Time_Elapsed:137.0880 secs
Epoch: 550/2000, Training NLL:0.908905099, Val. NLL:0.957921743, Val. MSE: 9.206907749, Time_Elapsed:150.8685 secs
Epoch: 600/2000, Training NLL:0.891805112, Val. NLL:0.954195321, Val. MSE: 9.005945206, Time_Elapsed:164.6212 secs
Epoch: 650/2000, Training NLL:0.877322843, Val. NLL:0.920137733, Val. MSE: 9.625597954, Time_Elapsed:178.4403 secs
Consecutive iterations are:[670, 671, 672]
Exit and Convergence reached after 3 iterations for relative change in NLL below :0.05
Training convergence attained at Epoch: 672!

Saving the best model at epoch=672, with training loss=0.8708319067955017, validation loss=0.9084375202655792
------------------------------ Training ends --------------------------------- 

