------------------------------ Training begins --------------------------------- 

Config: {'n_states': 16, 'n_obs': 16, 'mu_w': array([0., 0., 0., 0., 0., 0., 0., 0., 0., 0., 0., 0., 0., 0., 0., 0.]), 'C_w': None, 'H': array([[1., 0., 0., 0., 0., 0., 0., 0., 0., 0., 0., 0., 0., 0., 0., 0.],
       [0., 1., 0., 0., 0., 0., 0., 0., 0., 0., 0., 0., 0., 0., 0., 0.],
       [0., 0., 1., 0., 0., 0., 0., 0., 0., 0., 0., 0., 0., 0., 0., 0.],
       [0., 0., 0., 1., 0., 0., 0., 0., 0., 0., 0., 0., 0., 0., 0., 0.],
       [0., 0., 0., 0., 1., 0., 0., 0., 0., 0., 0., 0., 0., 0., 0., 0.],
       [0., 0., 0., 0., 0., 1., 0., 0., 0., 0., 0., 0., 0., 0., 0., 0.],
       [0., 0., 0., 0., 0., 0., 1., 0., 0., 0., 0., 0., 0., 0., 0., 0.],
       [0., 0., 0., 0., 0., 0., 0., 1., 0., 0., 0., 0., 0., 0., 0., 0.],
       [0., 0., 0., 0., 0., 0., 0., 0., 1., 0., 0., 0., 0., 0., 0., 0.],
       [0., 0., 0., 0., 0., 0., 0., 0., 0., 1., 0., 0., 0., 0., 0., 0.],
       [0., 0., 0., 0., 0., 0., 0., 0., 0., 0., 1., 0., 0., 0., 0., 0.],
       [0., 0., 0., 0., 0., 0., 0., 0., 0., 0., 0., 1., 0., 0., 0., 0.],
       [0., 0., 0., 0., 0., 0., 0., 0., 0., 0., 0., 0., 1., 0., 0., 0.],
       [0., 0., 0., 0., 0., 0., 0., 0., 0., 0., 0., 0., 0., 1., 0., 0.],
       [0., 0., 0., 0., 0., 0., 0., 0., 0., 0., 0., 0., 0., 0., 1., 0.],
       [0., 0., 0., 0., 0., 0., 0., 0., 0., 0., 0., 0., 0., 0., 0., 1.]]), 'mu_x0': array([0., 0., 0., 0., 0., 0., 0., 0., 0., 0., 0., 0., 0., 0., 0., 0.]), 'C_x0': array([[1., 0., 0., 0., 0., 0., 0., 0., 0., 0., 0., 0., 0., 0., 0., 0.],
       [0., 1., 0., 0., 0., 0., 0., 0., 0., 0., 0., 0., 0., 0., 0., 0.],
       [0., 0., 1., 0., 0., 0., 0., 0., 0., 0., 0., 0., 0., 0., 0., 0.],
       [0., 0., 0., 1., 0., 0., 0., 0., 0., 0., 0., 0., 0., 0., 0., 0.],
       [0., 0., 0., 0., 1., 0., 0., 0., 0., 0., 0., 0., 0., 0., 0., 0.],
       [0., 0., 0., 0., 0., 1., 0., 0., 0., 0., 0., 0., 0., 0., 0., 0.],
       [0., 0., 0., 0., 0., 0., 1., 0., 0., 0., 0., 0., 0., 0., 0., 0.],
       [0., 0., 0., 0., 0., 0., 0., 1., 0., 0., 0., 0., 0., 0., 0., 0.],
       [0., 0., 0., 0., 0., 0., 0., 0., 1., 0., 0., 0., 0., 0., 0., 0.],
       [0., 0., 0., 0., 0., 0., 0., 0., 0., 1., 0., 0., 0., 0., 0., 0.],
       [0., 0., 0., 0., 0., 0., 0., 0., 0., 0., 1., 0., 0., 0., 0., 0.],
       [0., 0., 0., 0., 0., 0., 0., 0., 0., 0., 0., 1., 0., 0., 0., 0.],
       [0., 0., 0., 0., 0., 0., 0., 0., 0., 0., 0., 0., 1., 0., 0., 0.],
       [0., 0., 0., 0., 0., 0., 0., 0., 0., 0., 0., 0., 0., 1., 0., 0.],
       [0., 0., 0., 0., 0., 0., 0., 0., 0., 0., 0., 0., 0., 0., 1., 0.],
       [0., 0., 0., 0., 0., 0., 0., 0., 0., 0., 0., 0., 0., 0., 0., 1.]]), 'batch_size': 64, 'rnn_type': 'gru', 'num_mixtures': 20, 'device': device(type='cuda', index=0), 'rnn_params_dict': {'gru': {'model_type': 'gru', 'input_size': 16, 'output_size': 16, 'num_mixtures': 20, 'n_hidden': 128, 'n_layers': 1, 'lr': 1e-05, 'num_epochs': 2000, 'min_delta': 0.005, 'n_hidden_dense': 64, 'device': device(type='cuda', index=0)}, 'rnn': {'model_type': 'gru', 'input_size': 16, 'output_size': 16, 'num_mixtures': None, 'n_hidden': 40, 'n_layers': 2, 'lr': 0.001, 'num_epochs': 300, 'min_delta': 0.001, 'n_hidden_dense': 32, 'device': device(type='cuda', index=0)}, 'lstm': {'model_type': 'lstm', 'input_size': 16, 'output_size': 16, 'num_mixtures': None, 'n_hidden': 40, 'n_layers': 2, 'lr': 0.001, 'num_epochs': 300, 'min_delta': 0.001, 'n_hidden_dense': 32, 'device': device(type='cuda', index=0)}}} 

No. of trainable parameters: 107220

Epoch: 1/2000, Training NLL:18.501242638, Val. NLL:19.559576035, Val. MSE: 12.194625378, Time_Elapsed:0.7471 secs
Epoch: 50/2000, Training NLL:18.309184392, Val. NLL:19.553860664, Val. MSE: 11.312060356, Time_Elapsed:24.4992 secs
Epoch: 100/2000, Training NLL:17.772847176, Val. NLL:18.817706108, Val. MSE: 11.044504166, Time_Elapsed:48.6168 secs
Epoch: 150/2000, Training NLL:16.404906432, Val. NLL:17.664198875, Val. MSE: 9.562469482, Time_Elapsed:72.5362 secs
Epoch: 200/2000, Training NLL:15.116758823, Val. NLL:15.700462341, Val. MSE: 6.997336864, Time_Elapsed:96.6866 secs
Epoch: 250/2000, Training NLL:14.466469447, Val. NLL:14.949606895, Val. MSE: 5.443720579, Time_Elapsed:120.7271 secs
Epoch: 300/2000, Training NLL:13.987858295, Val. NLL:14.702546120, Val. MSE: 5.242507458, Time_Elapsed:144.8907 secs
Epoch: 350/2000, Training NLL:13.589719772, Val. NLL:14.115342140, Val. MSE: 5.155626535, Time_Elapsed:169.1950 secs
Epoch: 400/2000, Training NLL:13.198351383, Val. NLL:13.710692883, Val. MSE: 4.730708599, Time_Elapsed:193.5097 secs
Epoch: 450/2000, Training NLL:12.850551605, Val. NLL:13.576755047, Val. MSE: 4.658650875, Time_Elapsed:217.5152 secs
Epoch: 500/2000, Training NLL:12.527645906, Val. NLL:13.085174561, Val. MSE: 4.599876404, Time_Elapsed:241.4982 secs
Epoch: 550/2000, Training NLL:12.204366207, Val. NLL:12.560971737, Val. MSE: 4.311486721, Time_Elapsed:265.6691 secs
Epoch: 600/2000, Training NLL:11.942608039, Val. NLL:12.373809814, Val. MSE: 4.545604229, Time_Elapsed:289.7783 secs
Epoch: 650/2000, Training NLL:11.629793167, Val. NLL:12.883312225, Val. MSE: 4.867825985, Time_Elapsed:313.8160 secs
Epoch: 700/2000, Training NLL:11.371527513, Val. NLL:12.118505001, Val. MSE: 4.631967545, Time_Elapsed:337.9757 secs
Epoch: 750/2000, Training NLL:11.118245920, Val. NLL:11.775115013, Val. MSE: 4.587377310, Time_Elapsed:362.1019 secs
Epoch: 800/2000, Training NLL:10.822556814, Val. NLL:11.375133514, Val. MSE: 4.539328337, Time_Elapsed:386.1930 secs
Epoch: 850/2000, Training NLL:10.556470235, Val. NLL:11.452482700, Val. MSE: 4.557237387, Time_Elapsed:410.2600 secs
Consecutive iterations are:[869, 870, 871]
Exit and Convergence reached after 3 iterations for relative change in NLL below :0.005
Training convergence attained at Epoch: 871!

Saving the best model at epoch=871, with training loss=10.417040824890137, validation loss=11.684688568115234
------------------------------ Training ends --------------------------------- 

