------------------------------ Training begins --------------------------------- 

Config: {'n_states': 32, 'n_obs': 32, 'mu_w': array([0., 0., 0., 0., 0., 0., 0., 0., 0., 0., 0., 0., 0., 0., 0., 0., 0.,
       0., 0., 0., 0., 0., 0., 0., 0., 0., 0., 0., 0., 0., 0., 0.]), 'C_w': None, 'H': array([[1., 0., 0., ..., 0., 0., 0.],
       [0., 1., 0., ..., 0., 0., 0.],
       [0., 0., 1., ..., 0., 0., 0.],
       ...,
       [0., 0., 0., ..., 1., 0., 0.],
       [0., 0., 0., ..., 0., 1., 0.],
       [0., 0., 0., ..., 0., 0., 1.]]), 'mu_x0': array([0., 0., 0., 0., 0., 0., 0., 0., 0., 0., 0., 0., 0., 0., 0., 0., 0.,
       0., 0., 0., 0., 0., 0., 0., 0., 0., 0., 0., 0., 0., 0., 0.]), 'C_x0': array([[1., 0., 0., ..., 0., 0., 0.],
       [0., 1., 0., ..., 0., 0., 0.],
       [0., 0., 1., ..., 0., 0., 0.],
       ...,
       [0., 0., 0., ..., 1., 0., 0.],
       [0., 0., 0., ..., 0., 1., 0.],
       [0., 0., 0., ..., 0., 0., 1.]]), 'batch_size': 64, 'rnn_type': 'gru', 'device': device(type='cuda', index=0), 'rnn_params_dict': {'gru': {'model_type': 'gru', 'input_size': 32, 'output_size': 32, 'n_hidden': 64, 'n_layers': 1, 'lr': 1e-05, 'num_epochs': 2000, 'min_delta': 0.05, 'n_hidden_dense': 64, 'device': device(type='cuda', index=0)}, 'rnn': {'model_type': 'gru', 'input_size': 32, 'output_size': 32, 'n_hidden': 40, 'n_layers': 2, 'lr': 0.001, 'num_epochs': 300, 'min_delta': 0.001, 'n_hidden_dense': 32, 'device': device(type='cuda', index=0)}, 'lstm': {'model_type': 'lstm', 'input_size': 32, 'output_size': 32, 'n_hidden': 40, 'n_layers': 2, 'lr': 0.001, 'num_epochs': 300, 'min_delta': 0.001, 'n_hidden_dense': 32, 'device': device(type='cuda', index=0)}}} 

No. of trainable parameters: 27136

Epoch: 1/2000, Training NLL:1.229725023, Val. NLL:1.286980629, Val. MSE: 6.372543812, Time_Elapsed:1.9295 secs
Epoch: 50/2000, Training NLL:1.223976771, Val. NLL:1.267714322, Val. MSE: 6.347252131, Time_Elapsed:8.8515 secs
Epoch: 100/2000, Training NLL:1.219864388, Val. NLL:1.224435449, Val. MSE: 6.400379896, Time_Elapsed:15.8887 secs
Epoch: 150/2000, Training NLL:1.214137296, Val. NLL:1.255469441, Val. MSE: 6.513820887, Time_Elapsed:22.7502 secs
Epoch: 200/2000, Training NLL:1.207984904, Val. NLL:1.222230196, Val. MSE: 6.118497133, Time_Elapsed:29.8119 secs
Epoch: 250/2000, Training NLL:1.200073063, Val. NLL:1.211865842, Val. MSE: 5.838879108, Time_Elapsed:36.8196 secs
Epoch: 300/2000, Training NLL:1.191024443, Val. NLL:1.247704208, Val. MSE: 6.017330647, Time_Elapsed:43.7402 secs
Epoch: 350/2000, Training NLL:1.183666348, Val. NLL:1.168186724, Val. MSE: 5.693846226, Time_Elapsed:50.8018 secs
Epoch: 400/2000, Training NLL:1.174055676, Val. NLL:1.224980295, Val. MSE: 5.711756229, Time_Elapsed:57.7934 secs
Epoch: 450/2000, Training NLL:1.166309297, Val. NLL:1.224430203, Val. MSE: 6.083387136, Time_Elapsed:64.9268 secs
Epoch: 500/2000, Training NLL:1.159799178, Val. NLL:1.200063705, Val. MSE: 5.303167343, Time_Elapsed:71.8010 secs
Epoch: 550/2000, Training NLL:1.152445932, Val. NLL:1.191930115, Val. MSE: 5.514196396, Time_Elapsed:78.8692 secs
Epoch: 600/2000, Training NLL:1.145684878, Val. NLL:1.175124407, Val. MSE: 5.319930077, Time_Elapsed:85.8978 secs
Epoch: 650/2000, Training NLL:1.140193423, Val. NLL:1.164076686, Val. MSE: 5.277453661, Time_Elapsed:92.9215 secs
Consecutive iterations are:[669, 670, 671]
Exit and Convergence reached after 3 iterations for relative change in NLL below :0.05
Training convergence attained at Epoch: 671!

Saving the best model at epoch=671, with training loss=1.1379369497299194, validation loss=1.1853333115577698
------------------------------ Training ends --------------------------------- 

