------------------------------ Training begins --------------------------------- 

Config: {'n_states': 3, 'n_obs': 3, 'mu_w': array([0., 0., 0.]), 'C_w': array([[216.50875098,   0.        ,   0.        ],
       [  0.        , 216.50875098,   0.        ],
       [  0.        ,   0.        , 216.50875098]]), 'H': array([[1., 0., 0.],
       [0., 1., 0.],
       [0., 0., 1.]]), 'mu_x0': array([0., 0., 0.]), 'C_x0': array([[1., 0., 0.],
       [0., 1., 0.],
       [0., 0., 1.]]), 'batch_size': 64, 'rnn_type': 'gru', 'device': device(type='cpu'), 'rnn_params_dict': {'gru': {'model_type': 'gru', 'input_size': 3, 'output_size': 3, 'n_hidden': 30, 'n_layers': 1, 'lr': 0.01, 'num_epochs': 2000, 'min_delta': 0.05, 'n_hidden_dense': 32, 'device': device(type='cpu')}, 'rnn': {'model_type': 'gru', 'input_size': 3, 'output_size': 3, 'n_hidden': 40, 'n_layers': 2, 'lr': 0.001, 'num_epochs': 300, 'min_delta': 0.001, 'n_hidden_dense': 32, 'device': device(type='cpu')}, 'lstm': {'model_type': 'lstm', 'input_size': 3, 'output_size': 3, 'n_hidden': 40, 'n_layers': 2, 'lr': 0.001, 'num_epochs': 300, 'min_delta': 0.001, 'n_hidden_dense': 32, 'device': device(type='cpu')}}} 

No. of trainable parameters: 4340

Epoch: 1/2000, Training NLL:2.914089958, Val. NLL:2.834784985, Val. MSE: 241.097401275, Time_Elapsed:2.9964 secs
Epoch: 50/2000, Training NLL:2.307729443, Val. NLL:2.308902860, Val. MSE: 14.065207755, Time_Elapsed:192.4369 secs
Epoch: 100/2000, Training NLL:2.303657651, Val. NLL:2.303351521, Val. MSE: 13.540000567, Time_Elapsed:1664.0169 secs
Epoch: 150/2000, Training NLL:2.302932541, Val. NLL:2.305922866, Val. MSE: 14.069545350, Time_Elapsed:1963.6461 secs
Epoch: 200/2000, Training NLL:2.303207159, Val. NLL:2.306475759, Val. MSE: 13.654004017, Time_Elapsed:3265.0049 secs
Epoch: 250/2000, Training NLL:2.302220424, Val. NLL:2.302804470, Val. MSE: 15.195107621, Time_Elapsed:3474.3861 secs
Epoch: 300/2000, Training NLL:2.302357316, Val. NLL:2.307697654, Val. MSE: 13.467295783, Time_Elapsed:3782.9985 secs
Epoch: 350/2000, Training NLL:2.301678459, Val. NLL:2.304097295, Val. MSE: 15.295914900, Time_Elapsed:4015.8618 secs
Epoch: 400/2000, Training NLL:2.302417080, Val. NLL:2.303330541, Val. MSE: 12.967035460, Time_Elapsed:4193.7017 secs
Epoch: 450/2000, Training NLL:2.301487446, Val. NLL:2.307615399, Val. MSE: 16.070540458, Time_Elapsed:4368.5588 secs
Epoch: 500/2000, Training NLL:2.300697843, Val. NLL:2.304248929, Val. MSE: 13.150262328, Time_Elapsed:4544.9902 secs
Epoch: 550/2000, Training NLL:2.301352859, Val. NLL:2.297846913, Val. MSE: 13.494508122, Time_Elapsed:4721.1715 secs
Epoch: 600/2000, Training NLL:2.301233292, Val. NLL:2.306368709, Val. MSE: 13.603415902, Time_Elapsed:4893.1550 secs
Epoch: 650/2000, Training NLL:2.301704208, Val. NLL:2.305412292, Val. MSE: 13.825437779, Time_Elapsed:5073.2822 secs
Consecutive iterations are:[669, 670, 671]
Exit and Convergence reached after 3 iterations for relative change in NLL below :0.05
Training convergence attained at Epoch: 671!

Saving the best model at epoch=671, with training loss=2.300978144009908, validation loss=2.304539203643799
------------------------------ Training ends --------------------------------- 

------------------------------ Training begins --------------------------------- 

Config: {'n_states': 3, 'n_obs': 3, 'mu_w': array([0., 0., 0.]), 'C_w': array([[220.9431727,   0.       ,   0.       ],
       [  0.       , 220.9431727,   0.       ],
       [  0.       ,   0.       , 220.9431727]]), 'H': array([[1., 0., 0.],
       [0., 1., 0.],
       [0., 0., 1.]]), 'mu_x0': array([0., 0., 0.]), 'C_x0': array([[1., 0., 0.],
       [0., 1., 0.],
       [0., 0., 1.]]), 'batch_size': 64, 'rnn_type': 'gru', 'device': device(type='cpu'), 'rnn_params_dict': {'gru': {'model_type': 'gru', 'input_size': 3, 'output_size': 3, 'n_hidden': 30, 'n_layers': 1, 'lr': 0.01, 'num_epochs': 2000, 'min_delta': 0.05, 'n_hidden_dense': 32, 'device': device(type='cpu')}, 'rnn': {'model_type': 'gru', 'input_size': 3, 'output_size': 3, 'n_hidden': 40, 'n_layers': 2, 'lr': 0.001, 'num_epochs': 300, 'min_delta': 0.001, 'n_hidden_dense': 32, 'device': device(type='cpu')}, 'lstm': {'model_type': 'lstm', 'input_size': 3, 'output_size': 3, 'n_hidden': 40, 'n_layers': 2, 'lr': 0.001, 'num_epochs': 300, 'min_delta': 0.001, 'n_hidden_dense': 32, 'device': device(type='cpu')}}} 

No. of trainable parameters: 4340

Epoch: 1/2000, Training NLL:2.899680495, Val. NLL:2.819799662, Val. MSE: 235.680654164, Time_Elapsed:2.7005 secs
Epoch: 50/2000, Training NLL:2.310777108, Val. NLL:2.308062077, Val. MSE: 12.108747201, Time_Elapsed:188.0775 secs
Epoch: 100/2000, Training NLL:2.307347258, Val. NLL:2.307081103, Val. MSE: 10.997783939, Time_Elapsed:356.3271 secs
Epoch: 150/2000, Training NLL:2.306602319, Val. NLL:2.304414749, Val. MSE: 10.415974714, Time_Elapsed:522.8436 secs
Epoch: 200/2000, Training NLL:2.305663268, Val. NLL:2.307338595, Val. MSE: 10.166622421, Time_Elapsed:695.2669 secs
Epoch: 250/2000, Training NLL:2.306280335, Val. NLL:2.303831220, Val. MSE: 10.479776683, Time_Elapsed:871.7106 secs
Epoch: 300/2000, Training NLL:2.306039532, Val. NLL:2.305268049, Val. MSE: 10.412756244, Time_Elapsed:1053.0559 secs
Epoch: 350/2000, Training NLL:2.305149515, Val. NLL:2.307214499, Val. MSE: 10.619244643, Time_Elapsed:1232.0958 secs
Epoch: 400/2000, Training NLL:2.305027962, Val. NLL:2.302755117, Val. MSE: 10.863079210, Time_Elapsed:1408.6685 secs
Epoch: 450/2000, Training NLL:2.305031617, Val. NLL:2.307566524, Val. MSE: 10.487360421, Time_Elapsed:1585.5498 secs
Epoch: 500/2000, Training NLL:2.304926515, Val. NLL:2.306553245, Val. MSE: 10.847265354, Time_Elapsed:1765.4449 secs
Epoch: 550/2000, Training NLL:2.305284063, Val. NLL:2.304995060, Val. MSE: 10.353686935, Time_Elapsed:1955.3092 secs
Epoch: 600/2000, Training NLL:2.304681023, Val. NLL:2.308192015, Val. MSE: 10.353750984, Time_Elapsed:2144.2917 secs
Epoch: 650/2000, Training NLL:2.304633737, Val. NLL:2.301108360, Val. MSE: 10.139932356, Time_Elapsed:2323.5160 secs
Consecutive iterations are:[669, 670, 671]
Exit and Convergence reached after 3 iterations for relative change in NLL below :0.05
Training convergence attained at Epoch: 671!

Saving the best model at epoch=671, with training loss=2.3043159643809, validation loss=2.303685426712036
------------------------------ Training ends --------------------------------- 

------------------------------ Training begins --------------------------------- 

Config: {'n_states': 3, 'n_obs': 3, 'mu_w': array([0., 0., 0.]), 'C_w': array([[[217.36015952,   0.        ,   0.        ],
        [  0.        , 217.36015952,   0.        ],
        [  0.        ,   0.        , 217.36015952]]]), 'H': array([[1., 0., 0.],
       [0., 1., 0.],
       [0., 0., 1.]]), 'mu_x0': array([0., 0., 0.]), 'C_x0': array([[1., 0., 0.],
       [0., 1., 0.],
       [0., 0., 1.]]), 'batch_size': 64, 'rnn_type': 'gru', 'device': device(type='cpu'), 'rnn_params_dict': {'gru': {'model_type': 'gru', 'input_size': 3, 'output_size': 3, 'n_hidden': 30, 'n_layers': 1, 'lr': 0.01, 'num_epochs': 2000, 'min_delta': 0.05, 'n_hidden_dense': 32, 'device': device(type='cpu')}, 'rnn': {'model_type': 'gru', 'input_size': 3, 'output_size': 3, 'n_hidden': 40, 'n_layers': 2, 'lr': 0.001, 'num_epochs': 300, 'min_delta': 0.001, 'n_hidden_dense': 32, 'device': device(type='cpu')}, 'lstm': {'model_type': 'lstm', 'input_size': 3, 'output_size': 3, 'n_hidden': 40, 'n_layers': 2, 'lr': 0.001, 'num_epochs': 300, 'min_delta': 0.001, 'n_hidden_dense': 32, 'device': device(type='cpu')}}} 

No. of trainable parameters: 4340

Epoch: 1/2000, Training NLL:2.904911280, Val. NLL:2.824380636, Val. MSE: 235.394196400, Time_Elapsed:4.1321 secs
Epoch: 50/2000, Training NLL:2.308271130, Val. NLL:2.310620666, Val. MSE: 12.055843215, Time_Elapsed:219.0409 secs
Epoch: 100/2000, Training NLL:2.307462613, Val. NLL:2.305318832, Val. MSE: 10.869685545, Time_Elapsed:445.8257 secs
Epoch: 150/2000, Training NLL:2.304723541, Val. NLL:2.300469041, Val. MSE: 10.149424262, Time_Elapsed:669.5205 secs
Epoch: 200/2000, Training NLL:2.303413987, Val. NLL:2.304186702, Val. MSE: 10.199907208, Time_Elapsed:900.0465 secs
Epoch: 250/2000, Training NLL:2.303498467, Val. NLL:2.308027983, Val. MSE: 10.003817183, Time_Elapsed:1123.8510 secs
Epoch: 300/2000, Training NLL:2.302383622, Val. NLL:2.301539183, Val. MSE: 9.827844374, Time_Elapsed:1346.9113 secs
Epoch: 350/2000, Training NLL:2.302141825, Val. NLL:2.305507064, Val. MSE: 10.064593760, Time_Elapsed:1575.0020 secs
Epoch: 400/2000, Training NLL:2.302316387, Val. NLL:2.308989286, Val. MSE: 10.360323903, Time_Elapsed:1798.5476 secs
Epoch: 450/2000, Training NLL:2.302435438, Val. NLL:2.304343343, Val. MSE: 9.864361361, Time_Elapsed:2023.2068 secs
Epoch: 500/2000, Training NLL:2.302619457, Val. NLL:2.304559231, Val. MSE: 10.514203619, Time_Elapsed:2246.0909 secs
Epoch: 550/2000, Training NLL:2.302070300, Val. NLL:2.298287988, Val. MSE: 10.246314370, Time_Elapsed:2468.2048 secs
Epoch: 600/2000, Training NLL:2.301614205, Val. NLL:2.305846810, Val. MSE: 10.272688951, Time_Elapsed:2687.4209 secs
Epoch: 650/2000, Training NLL:2.302046100, Val. NLL:2.301723361, Val. MSE: 9.698653760, Time_Elapsed:2914.5973 secs
Consecutive iterations are:[669, 670, 671]
Exit and Convergence reached after 3 iterations for relative change in NLL below :0.05
Training convergence attained at Epoch: 671!

Saving the best model at epoch=671, with training loss=2.301756183306376, validation loss=2.3021174669265747
------------------------------ Training ends --------------------------------- 

------------------------------ Training begins --------------------------------- 

Config: {'n_states': 3, 'n_obs': 3, 'mu_w': array([0., 0., 0.]), 'C_w': array([[[217.36015952,   0.        ,   0.        ],
        [  0.        , 217.36015952,   0.        ],
        [  0.        ,   0.        , 217.36015952]]]), 'H': array([[1., 0., 0.],
       [0., 1., 0.],
       [0., 0., 1.]]), 'mu_x0': array([0., 0., 0.]), 'C_x0': array([[1., 0., 0.],
       [0., 1., 0.],
       [0., 0., 1.]]), 'batch_size': 64, 'rnn_type': 'gru', 'device': device(type='cuda', index=0), 'rnn_params_dict': {'gru': {'model_type': 'gru', 'input_size': 3, 'output_size': 3, 'n_hidden': 30, 'n_layers': 1, 'lr': 0.01, 'num_epochs': 2000, 'min_delta': 0.05, 'n_hidden_dense': 32, 'device': device(type='cuda', index=0)}, 'rnn': {'model_type': 'gru', 'input_size': 3, 'output_size': 3, 'n_hidden': 40, 'n_layers': 2, 'lr': 0.001, 'num_epochs': 300, 'min_delta': 0.001, 'n_hidden_dense': 32, 'device': device(type='cuda', index=0)}, 'lstm': {'model_type': 'lstm', 'input_size': 3, 'output_size': 3, 'n_hidden': 40, 'n_layers': 2, 'lr': 0.001, 'num_epochs': 300, 'min_delta': 0.001, 'n_hidden_dense': 32, 'device': device(type='cuda', index=0)}}} 

No. of trainable parameters: 4340

Epoch: 1/2000, Training NLL:2.912396073, Val. NLL:2.840478778, Val. MSE: 240.608936920, Time_Elapsed:0.6393 secs
Interrupted!! ...saving the model at epoch:2
------------------------------ Training ends --------------------------------- 

