------------------------------ Training begins --------------------------------- 

Config: {'n_states': 16, 'n_obs': 16, 'mu_w': array([0., 0., 0., 0., 0., 0., 0., 0., 0., 0., 0., 0., 0., 0., 0., 0.]), 'C_w': None, 'H': array([[1., 0., 0., 0., 0., 0., 0., 0., 0., 0., 0., 0., 0., 0., 0., 0.],
       [0., 1., 0., 0., 0., 0., 0., 0., 0., 0., 0., 0., 0., 0., 0., 0.],
       [0., 0., 1., 0., 0., 0., 0., 0., 0., 0., 0., 0., 0., 0., 0., 0.],
       [0., 0., 0., 1., 0., 0., 0., 0., 0., 0., 0., 0., 0., 0., 0., 0.],
       [0., 0., 0., 0., 1., 0., 0., 0., 0., 0., 0., 0., 0., 0., 0., 0.],
       [0., 0., 0., 0., 0., 1., 0., 0., 0., 0., 0., 0., 0., 0., 0., 0.],
       [0., 0., 0., 0., 0., 0., 1., 0., 0., 0., 0., 0., 0., 0., 0., 0.],
       [0., 0., 0., 0., 0., 0., 0., 1., 0., 0., 0., 0., 0., 0., 0., 0.],
       [0., 0., 0., 0., 0., 0., 0., 0., 1., 0., 0., 0., 0., 0., 0., 0.],
       [0., 0., 0., 0., 0., 0., 0., 0., 0., 1., 0., 0., 0., 0., 0., 0.],
       [0., 0., 0., 0., 0., 0., 0., 0., 0., 0., 1., 0., 0., 0., 0., 0.],
       [0., 0., 0., 0., 0., 0., 0., 0., 0., 0., 0., 1., 0., 0., 0., 0.],
       [0., 0., 0., 0., 0., 0., 0., 0., 0., 0., 0., 0., 1., 0., 0., 0.],
       [0., 0., 0., 0., 0., 0., 0., 0., 0., 0., 0., 0., 0., 1., 0., 0.],
       [0., 0., 0., 0., 0., 0., 0., 0., 0., 0., 0., 0., 0., 0., 1., 0.],
       [0., 0., 0., 0., 0., 0., 0., 0., 0., 0., 0., 0., 0., 0., 0., 1.]]), 'mu_x0': array([0., 0., 0., 0., 0., 0., 0., 0., 0., 0., 0., 0., 0., 0., 0., 0.]), 'C_x0': array([[1., 0., 0., 0., 0., 0., 0., 0., 0., 0., 0., 0., 0., 0., 0., 0.],
       [0., 1., 0., 0., 0., 0., 0., 0., 0., 0., 0., 0., 0., 0., 0., 0.],
       [0., 0., 1., 0., 0., 0., 0., 0., 0., 0., 0., 0., 0., 0., 0., 0.],
       [0., 0., 0., 1., 0., 0., 0., 0., 0., 0., 0., 0., 0., 0., 0., 0.],
       [0., 0., 0., 0., 1., 0., 0., 0., 0., 0., 0., 0., 0., 0., 0., 0.],
       [0., 0., 0., 0., 0., 1., 0., 0., 0., 0., 0., 0., 0., 0., 0., 0.],
       [0., 0., 0., 0., 0., 0., 1., 0., 0., 0., 0., 0., 0., 0., 0., 0.],
       [0., 0., 0., 0., 0., 0., 0., 1., 0., 0., 0., 0., 0., 0., 0., 0.],
       [0., 0., 0., 0., 0., 0., 0., 0., 1., 0., 0., 0., 0., 0., 0., 0.],
       [0., 0., 0., 0., 0., 0., 0., 0., 0., 1., 0., 0., 0., 0., 0., 0.],
       [0., 0., 0., 0., 0., 0., 0., 0., 0., 0., 1., 0., 0., 0., 0., 0.],
       [0., 0., 0., 0., 0., 0., 0., 0., 0., 0., 0., 1., 0., 0., 0., 0.],
       [0., 0., 0., 0., 0., 0., 0., 0., 0., 0., 0., 0., 1., 0., 0., 0.],
       [0., 0., 0., 0., 0., 0., 0., 0., 0., 0., 0., 0., 0., 1., 0., 0.],
       [0., 0., 0., 0., 0., 0., 0., 0., 0., 0., 0., 0., 0., 0., 1., 0.],
       [0., 0., 0., 0., 0., 0., 0., 0., 0., 0., 0., 0., 0., 0., 0., 1.]]), 'batch_size': 64, 'rnn_type': 'gru', 'num_mixtures': 10, 'device': device(type='cuda', index=0), 'rnn_params_dict': {'gru': {'model_type': 'gru', 'input_size': 16, 'output_size': 16, 'num_mixtures': 10, 'n_hidden': 128, 'n_layers': 1, 'lr': 1e-05, 'num_epochs': 2000, 'min_delta': 0.005, 'n_hidden_dense': 64, 'device': device(type='cuda', index=0)}, 'rnn': {'model_type': 'gru', 'input_size': 16, 'output_size': 16, 'num_mixtures': None, 'n_hidden': 40, 'n_layers': 2, 'lr': 0.001, 'num_epochs': 300, 'min_delta': 0.001, 'n_hidden_dense': 32, 'device': device(type='cuda', index=0)}, 'lstm': {'model_type': 'lstm', 'input_size': 16, 'output_size': 16, 'num_mixtures': None, 'n_hidden': 40, 'n_layers': 2, 'lr': 0.001, 'num_epochs': 300, 'min_delta': 0.001, 'n_hidden_dense': 32, 'device': device(type='cuda', index=0)}}} 

No. of trainable parameters: 85770

Epoch: 1/2000, Training NLL:30.294561386, Val. NLL:31.463327408, Val. MSE: 7.450402498, Time_Elapsed:0.5645 secs
Epoch: 50/2000, Training NLL:29.395923932, Val. NLL:29.340124130, Val. MSE: 6.392007351, Time_Elapsed:15.6016 secs
Epoch: 100/2000, Training NLL:26.863749186, Val. NLL:27.030935287, Val. MSE: 5.804964542, Time_Elapsed:30.6646 secs
Epoch: 150/2000, Training NLL:21.463295301, Val. NLL:22.314078331, Val. MSE: 3.861592650, Time_Elapsed:43.7293 secs
Epoch: 200/2000, Training NLL:17.618056933, Val. NLL:18.048708916, Val. MSE: 2.819840193, Time_Elapsed:57.0614 secs
Epoch: 250/2000, Training NLL:15.665593465, Val. NLL:16.542384148, Val. MSE: 2.310908198, Time_Elapsed:71.6628 secs
Epoch: 300/2000, Training NLL:14.406787872, Val. NLL:15.336405277, Val. MSE: 1.969290257, Time_Elapsed:86.9862 secs
Epoch: 350/2000, Training NLL:13.529202938, Val. NLL:13.992666245, Val. MSE: 1.802826703, Time_Elapsed:102.2247 secs
Epoch: 400/2000, Training NLL:12.953779538, Val. NLL:13.534685612, Val. MSE: 1.666437745, Time_Elapsed:117.4946 secs
Epoch: 450/2000, Training NLL:12.527861754, Val. NLL:13.648174286, Val. MSE: 1.644180715, Time_Elapsed:132.8702 secs
Epoch: 500/2000, Training NLL:12.158914566, Val. NLL:12.673392773, Val. MSE: 1.433820903, Time_Elapsed:148.1701 secs
Epoch: 550/2000, Training NLL:11.877627373, Val. NLL:12.410059929, Val. MSE: 1.458182216, Time_Elapsed:163.4363 secs
Epoch: 600/2000, Training NLL:11.618693670, Val. NLL:12.339538574, Val. MSE: 1.423663318, Time_Elapsed:178.6594 secs
Epoch: 650/2000, Training NLL:11.362082640, Val. NLL:11.871690273, Val. MSE: 1.358183324, Time_Elapsed:193.7814 secs
Consecutive iterations are:[675, 676, 677]
Exit and Convergence reached after 3 iterations for relative change in NLL below :0.005
Training convergence attained at Epoch: 677!

Saving the best model at epoch=677, with training loss=11.242653210957846, validation loss=11.812846183776855
------------------------------ Training ends --------------------------------- 

