------------------------------ Training begins --------------------------------- 

Config: {'n_states': 16, 'n_obs': 16, 'mu_w': array([0., 0., 0., 0., 0., 0., 0., 0., 0., 0., 0., 0., 0., 0., 0., 0.]), 'C_w': None, 'H': array([[1., 0., 0., 0., 0., 0., 0., 0., 0., 0., 0., 0., 0., 0., 0., 0.],
       [0., 1., 0., 0., 0., 0., 0., 0., 0., 0., 0., 0., 0., 0., 0., 0.],
       [0., 0., 1., 0., 0., 0., 0., 0., 0., 0., 0., 0., 0., 0., 0., 0.],
       [0., 0., 0., 1., 0., 0., 0., 0., 0., 0., 0., 0., 0., 0., 0., 0.],
       [0., 0., 0., 0., 1., 0., 0., 0., 0., 0., 0., 0., 0., 0., 0., 0.],
       [0., 0., 0., 0., 0., 1., 0., 0., 0., 0., 0., 0., 0., 0., 0., 0.],
       [0., 0., 0., 0., 0., 0., 1., 0., 0., 0., 0., 0., 0., 0., 0., 0.],
       [0., 0., 0., 0., 0., 0., 0., 1., 0., 0., 0., 0., 0., 0., 0., 0.],
       [0., 0., 0., 0., 0., 0., 0., 0., 1., 0., 0., 0., 0., 0., 0., 0.],
       [0., 0., 0., 0., 0., 0., 0., 0., 0., 1., 0., 0., 0., 0., 0., 0.],
       [0., 0., 0., 0., 0., 0., 0., 0., 0., 0., 1., 0., 0., 0., 0., 0.],
       [0., 0., 0., 0., 0., 0., 0., 0., 0., 0., 0., 1., 0., 0., 0., 0.],
       [0., 0., 0., 0., 0., 0., 0., 0., 0., 0., 0., 0., 1., 0., 0., 0.],
       [0., 0., 0., 0., 0., 0., 0., 0., 0., 0., 0., 0., 0., 1., 0., 0.],
       [0., 0., 0., 0., 0., 0., 0., 0., 0., 0., 0., 0., 0., 0., 1., 0.],
       [0., 0., 0., 0., 0., 0., 0., 0., 0., 0., 0., 0., 0., 0., 0., 1.]]), 'mu_x0': array([0., 0., 0., 0., 0., 0., 0., 0., 0., 0., 0., 0., 0., 0., 0., 0.]), 'C_x0': array([[1., 0., 0., 0., 0., 0., 0., 0., 0., 0., 0., 0., 0., 0., 0., 0.],
       [0., 1., 0., 0., 0., 0., 0., 0., 0., 0., 0., 0., 0., 0., 0., 0.],
       [0., 0., 1., 0., 0., 0., 0., 0., 0., 0., 0., 0., 0., 0., 0., 0.],
       [0., 0., 0., 1., 0., 0., 0., 0., 0., 0., 0., 0., 0., 0., 0., 0.],
       [0., 0., 0., 0., 1., 0., 0., 0., 0., 0., 0., 0., 0., 0., 0., 0.],
       [0., 0., 0., 0., 0., 1., 0., 0., 0., 0., 0., 0., 0., 0., 0., 0.],
       [0., 0., 0., 0., 0., 0., 1., 0., 0., 0., 0., 0., 0., 0., 0., 0.],
       [0., 0., 0., 0., 0., 0., 0., 1., 0., 0., 0., 0., 0., 0., 0., 0.],
       [0., 0., 0., 0., 0., 0., 0., 0., 1., 0., 0., 0., 0., 0., 0., 0.],
       [0., 0., 0., 0., 0., 0., 0., 0., 0., 1., 0., 0., 0., 0., 0., 0.],
       [0., 0., 0., 0., 0., 0., 0., 0., 0., 0., 1., 0., 0., 0., 0., 0.],
       [0., 0., 0., 0., 0., 0., 0., 0., 0., 0., 0., 1., 0., 0., 0., 0.],
       [0., 0., 0., 0., 0., 0., 0., 0., 0., 0., 0., 0., 1., 0., 0., 0.],
       [0., 0., 0., 0., 0., 0., 0., 0., 0., 0., 0., 0., 0., 1., 0., 0.],
       [0., 0., 0., 0., 0., 0., 0., 0., 0., 0., 0., 0., 0., 0., 1., 0.],
       [0., 0., 0., 0., 0., 0., 0., 0., 0., 0., 0., 0., 0., 0., 0., 1.]]), 'batch_size': 64, 'rnn_type': 'gru', 'device': device(type='cuda', index=0), 'rnn_params_dict': {'gru': {'model_type': 'gru', 'input_size': 16, 'output_size': 16, 'n_hidden': 32, 'n_layers': 1, 'lr': 2e-05, 'num_epochs': 2000, 'min_delta': 0.01, 'n_hidden_dense': 32, 'device': device(type='cuda', index=0)}, 'rnn': {'model_type': 'gru', 'input_size': 16, 'output_size': 16, 'n_hidden': 40, 'n_layers': 2, 'lr': 0.001, 'num_epochs': 300, 'min_delta': 0.001, 'n_hidden_dense': 32, 'device': device(type='cuda', index=0)}, 'lstm': {'model_type': 'lstm', 'input_size': 16, 'output_size': 16, 'n_hidden': 40, 'n_layers': 2, 'lr': 0.001, 'num_epochs': 300, 'min_delta': 0.001, 'n_hidden_dense': 32, 'device': device(type='cuda', index=0)}}} 

No. of trainable parameters: 6912

Epoch: 1/2000, Training NLL:1.609483858, Val. NLL:1.634175003, Val. MSE: 14.774590969, Time_Elapsed:1.0003 secs
Epoch: 50/2000, Training NLL:1.604197880, Val. NLL:1.648497224, Val. MSE: 14.903661728, Time_Elapsed:19.0964 secs
Epoch: 100/2000, Training NLL:1.598424276, Val. NLL:1.651697874, Val. MSE: 14.891411304, Time_Elapsed:37.5488 secs
Epoch: 150/2000, Training NLL:1.595340192, Val. NLL:1.631920874, Val. MSE: 14.281363964, Time_Elapsed:55.7531 secs
Epoch: 200/2000, Training NLL:1.585997482, Val. NLL:1.543931246, Val. MSE: 13.043519974, Time_Elapsed:73.8626 secs
Epoch: 250/2000, Training NLL:1.580264906, Val. NLL:1.536582708, Val. MSE: 12.696141243, Time_Elapsed:92.1800 secs
Epoch: 300/2000, Training NLL:1.571547826, Val. NLL:1.558267236, Val. MSE: 12.909598827, Time_Elapsed:110.5221 secs
Epoch: 350/2000, Training NLL:1.561369479, Val. NLL:1.602900088, Val. MSE: 12.956794739, Time_Elapsed:128.8300 secs
Epoch: 400/2000, Training NLL:1.553389529, Val. NLL:1.567071795, Val. MSE: 12.944121361, Time_Elapsed:147.0156 secs
Epoch: 450/2000, Training NLL:1.544515510, Val. NLL:1.528091609, Val. MSE: 12.335273743, Time_Elapsed:165.2713 secs
Epoch: 500/2000, Training NLL:1.537536303, Val. NLL:1.579187214, Val. MSE: 12.449419498, Time_Elapsed:183.7337 secs
Epoch: 550/2000, Training NLL:1.528850834, Val. NLL:1.495544076, Val. MSE: 11.681116581, Time_Elapsed:201.6993 secs
Epoch: 600/2000, Training NLL:1.519701143, Val. NLL:1.489289761, Val. MSE: 11.598798752, Time_Elapsed:219.7485 secs
Epoch: 650/2000, Training NLL:1.512159904, Val. NLL:1.513695002, Val. MSE: 11.645131111, Time_Elapsed:237.9524 secs
Epoch: 700/2000, Training NLL:1.505770981, Val. NLL:1.558988929, Val. MSE: 12.367371082, Time_Elapsed:256.2979 secs
Consecutive iterations are:[730, 731, 732]
Exit and Convergence reached after 3 iterations for relative change in NLL below :0.01
Training convergence attained at Epoch: 732!

Saving the best model at epoch=732, with training loss=1.501198987166087, validation loss=1.540395200252533
------------------------------ Training ends --------------------------------- 

------------------------------ Training begins --------------------------------- 

Config: {'n_states': 16, 'n_obs': 16, 'mu_w': array([0., 0., 0., 0., 0., 0., 0., 0., 0., 0., 0., 0., 0., 0., 0., 0.]), 'C_w': None, 'H': array([[1., 0., 0., 0., 0., 0., 0., 0., 0., 0., 0., 0., 0., 0., 0., 0.],
       [0., 1., 0., 0., 0., 0., 0., 0., 0., 0., 0., 0., 0., 0., 0., 0.],
       [0., 0., 1., 0., 0., 0., 0., 0., 0., 0., 0., 0., 0., 0., 0., 0.],
       [0., 0., 0., 1., 0., 0., 0., 0., 0., 0., 0., 0., 0., 0., 0., 0.],
       [0., 0., 0., 0., 1., 0., 0., 0., 0., 0., 0., 0., 0., 0., 0., 0.],
       [0., 0., 0., 0., 0., 1., 0., 0., 0., 0., 0., 0., 0., 0., 0., 0.],
       [0., 0., 0., 0., 0., 0., 1., 0., 0., 0., 0., 0., 0., 0., 0., 0.],
       [0., 0., 0., 0., 0., 0., 0., 1., 0., 0., 0., 0., 0., 0., 0., 0.],
       [0., 0., 0., 0., 0., 0., 0., 0., 1., 0., 0., 0., 0., 0., 0., 0.],
       [0., 0., 0., 0., 0., 0., 0., 0., 0., 1., 0., 0., 0., 0., 0., 0.],
       [0., 0., 0., 0., 0., 0., 0., 0., 0., 0., 1., 0., 0., 0., 0., 0.],
       [0., 0., 0., 0., 0., 0., 0., 0., 0., 0., 0., 1., 0., 0., 0., 0.],
       [0., 0., 0., 0., 0., 0., 0., 0., 0., 0., 0., 0., 1., 0., 0., 0.],
       [0., 0., 0., 0., 0., 0., 0., 0., 0., 0., 0., 0., 0., 1., 0., 0.],
       [0., 0., 0., 0., 0., 0., 0., 0., 0., 0., 0., 0., 0., 0., 1., 0.],
       [0., 0., 0., 0., 0., 0., 0., 0., 0., 0., 0., 0., 0., 0., 0., 1.]]), 'mu_x0': array([0., 0., 0., 0., 0., 0., 0., 0., 0., 0., 0., 0., 0., 0., 0., 0.]), 'C_x0': array([[1., 0., 0., 0., 0., 0., 0., 0., 0., 0., 0., 0., 0., 0., 0., 0.],
       [0., 1., 0., 0., 0., 0., 0., 0., 0., 0., 0., 0., 0., 0., 0., 0.],
       [0., 0., 1., 0., 0., 0., 0., 0., 0., 0., 0., 0., 0., 0., 0., 0.],
       [0., 0., 0., 1., 0., 0., 0., 0., 0., 0., 0., 0., 0., 0., 0., 0.],
       [0., 0., 0., 0., 1., 0., 0., 0., 0., 0., 0., 0., 0., 0., 0., 0.],
       [0., 0., 0., 0., 0., 1., 0., 0., 0., 0., 0., 0., 0., 0., 0., 0.],
       [0., 0., 0., 0., 0., 0., 1., 0., 0., 0., 0., 0., 0., 0., 0., 0.],
       [0., 0., 0., 0., 0., 0., 0., 1., 0., 0., 0., 0., 0., 0., 0., 0.],
       [0., 0., 0., 0., 0., 0., 0., 0., 1., 0., 0., 0., 0., 0., 0., 0.],
       [0., 0., 0., 0., 0., 0., 0., 0., 0., 1., 0., 0., 0., 0., 0., 0.],
       [0., 0., 0., 0., 0., 0., 0., 0., 0., 0., 1., 0., 0., 0., 0., 0.],
       [0., 0., 0., 0., 0., 0., 0., 0., 0., 0., 0., 1., 0., 0., 0., 0.],
       [0., 0., 0., 0., 0., 0., 0., 0., 0., 0., 0., 0., 1., 0., 0., 0.],
       [0., 0., 0., 0., 0., 0., 0., 0., 0., 0., 0., 0., 0., 1., 0., 0.],
       [0., 0., 0., 0., 0., 0., 0., 0., 0., 0., 0., 0., 0., 0., 1., 0.],
       [0., 0., 0., 0., 0., 0., 0., 0., 0., 0., 0., 0., 0., 0., 0., 1.]]), 'batch_size': 64, 'rnn_type': 'gru', 'device': device(type='cuda', index=0), 'rnn_params_dict': {'gru': {'model_type': 'gru', 'input_size': 16, 'output_size': 16, 'n_hidden': 128, 'n_layers': 1, 'lr': 2e-05, 'num_epochs': 2000, 'min_delta': 0.01, 'n_hidden_dense': 64, 'device': device(type='cuda', index=0)}, 'rnn': {'model_type': 'gru', 'input_size': 16, 'output_size': 16, 'n_hidden': 40, 'n_layers': 2, 'lr': 0.001, 'num_epochs': 300, 'min_delta': 0.001, 'n_hidden_dense': 32, 'device': device(type='cuda', index=0)}, 'lstm': {'model_type': 'lstm', 'input_size': 16, 'output_size': 16, 'n_hidden': 40, 'n_layers': 2, 'lr': 0.001, 'num_epochs': 300, 'min_delta': 0.001, 'n_hidden_dense': 32, 'device': device(type='cuda', index=0)}}} 

No. of trainable parameters: 66400

Epoch: 1/2000, Training NLL:1.607968370, Val. NLL:1.585346043, Val. MSE: 13.971275330, Time_Elapsed:0.4005 secs
Epoch: 50/2000, Training NLL:1.590235869, Val. NLL:1.614939928, Val. MSE: 14.026004314, Time_Elapsed:6.2070 secs
Epoch: 100/2000, Training NLL:1.563276450, Val. NLL:1.606975198, Val. MSE: 12.993793488, Time_Elapsed:12.1091 secs
Epoch: 150/2000, Training NLL:1.527568936, Val. NLL:1.574634433, Val. MSE: 13.346718311, Time_Elapsed:18.3719 secs
Epoch: 200/2000, Training NLL:1.490194559, Val. NLL:1.542674065, Val. MSE: 12.456221581, Time_Elapsed:24.7208 secs
Epoch: 250/2000, Training NLL:1.457945228, Val. NLL:1.479061604, Val. MSE: 11.634461403, Time_Elapsed:31.0748 secs
Epoch: 300/2000, Training NLL:1.430287480, Val. NLL:1.398388207, Val. MSE: 10.917575359, Time_Elapsed:37.4483 secs
Epoch: 350/2000, Training NLL:1.404124121, Val. NLL:1.422323883, Val. MSE: 11.298017025, Time_Elapsed:43.8360 secs
Epoch: 400/2000, Training NLL:1.379706144, Val. NLL:1.450582862, Val. MSE: 11.589957237, Time_Elapsed:50.1953 secs
Epoch: 450/2000, Training NLL:1.356654902, Val. NLL:1.372417212, Val. MSE: 10.946475983, Time_Elapsed:56.6022 secs
Epoch: 500/2000, Training NLL:1.333681107, Val. NLL:1.324099123, Val. MSE: 11.028101444, Time_Elapsed:62.9325 secs
Epoch: 550/2000, Training NLL:1.311322947, Val. NLL:1.336874902, Val. MSE: 12.574471951, Time_Elapsed:69.1524 secs
Epoch: 600/2000, Training NLL:1.288876990, Val. NLL:1.324138999, Val. MSE: 12.609882355, Time_Elapsed:75.5175 secs
Epoch: 650/2000, Training NLL:1.269491374, Val. NLL:1.291890144, Val. MSE: 12.985703945, Time_Elapsed:81.7237 secs
Consecutive iterations are:[682, 683, 684]
Exit and Convergence reached after 3 iterations for relative change in NLL below :0.01
Training convergence attained at Epoch: 684!

Saving the best model at epoch=684, with training loss=1.2570106784502666, validation loss=1.30300772190094
------------------------------ Training ends --------------------------------- 

