------------------------------ Training begins --------------------------------- 

Config: {'n_states': 9, 'n_obs': 9, 'mu_w': array([0., 0., 0., 0., 0., 0., 0., 0., 0.]), 'C_w': array([[0.0144762, 0.       , 0.       , 0.       , 0.       , 0.       ,
        0.       , 0.       , 0.       ],
       [0.       , 0.0144762, 0.       , 0.       , 0.       , 0.       ,
        0.       , 0.       , 0.       ],
       [0.       , 0.       , 0.0144762, 0.       , 0.       , 0.       ,
        0.       , 0.       , 0.       ],
       [0.       , 0.       , 0.       , 0.0144762, 0.       , 0.       ,
        0.       , 0.       , 0.       ],
       [0.       , 0.       , 0.       , 0.       , 0.0144762, 0.       ,
        0.       , 0.       , 0.       ],
       [0.       , 0.       , 0.       , 0.       , 0.       , 0.0144762,
        0.       , 0.       , 0.       ],
       [0.       , 0.       , 0.       , 0.       , 0.       , 0.       ,
        0.0144762, 0.       , 0.       ],
       [0.       , 0.       , 0.       , 0.       , 0.       , 0.       ,
        0.       , 0.0144762, 0.       ],
       [0.       , 0.       , 0.       , 0.       , 0.       , 0.       ,
        0.       , 0.       , 0.0144762]]), 'H': array([[1., 0., 0., 0., 0., 0., 0., 0., 0.],
       [0., 1., 0., 0., 0., 0., 0., 0., 0.],
       [0., 0., 1., 0., 0., 0., 0., 0., 0.],
       [0., 0., 0., 1., 0., 0., 0., 0., 0.],
       [0., 0., 0., 0., 1., 0., 0., 0., 0.],
       [0., 0., 0., 0., 0., 1., 0., 0., 0.],
       [0., 0., 0., 0., 0., 0., 1., 0., 0.],
       [0., 0., 0., 0., 0., 0., 0., 1., 0.],
       [0., 0., 0., 0., 0., 0., 0., 0., 1.]]), 'mu_x0': array([0., 0., 0., 0., 0., 0., 0., 0., 0.]), 'C_x0': array([[1., 0., 0., 0., 0., 0., 0., 0., 0.],
       [0., 1., 0., 0., 0., 0., 0., 0., 0.],
       [0., 0., 1., 0., 0., 0., 0., 0., 0.],
       [0., 0., 0., 1., 0., 0., 0., 0., 0.],
       [0., 0., 0., 0., 1., 0., 0., 0., 0.],
       [0., 0., 0., 0., 0., 1., 0., 0., 0.],
       [0., 0., 0., 0., 0., 0., 1., 0., 0.],
       [0., 0., 0., 0., 0., 0., 0., 1., 0.],
       [0., 0., 0., 0., 0., 0., 0., 0., 1.]]), 'batch_size': 64, 'rnn_type': 'gru', 'device': device(type='cuda', index=0), 'rnn_params_dict': {'gru': {'model_type': 'gru', 'input_size': 9, 'output_size': 9, 'n_hidden': 30, 'n_layers': 1, 'lr': 0.01, 'num_epochs': 2000, 'min_delta': 0.05, 'n_hidden_dense': 32, 'device': device(type='cuda', index=0)}, 'rnn': {'model_type': 'gru', 'input_size': 9, 'output_size': 9, 'n_hidden': 40, 'n_layers': 2, 'lr': 0.001, 'num_epochs': 300, 'min_delta': 0.001, 'n_hidden_dense': 32, 'device': device(type='cuda', index=0)}, 'lstm': {'model_type': 'lstm', 'input_size': 9, 'output_size': 9, 'n_hidden': 40, 'n_layers': 2, 'lr': 0.001, 'num_epochs': 300, 'min_delta': 0.001, 'n_hidden_dense': 32, 'device': device(type='cuda', index=0)}}} 

No. of trainable parameters: 5276

Epoch: 1/2000, Training NLL:4.377046953, Val. NLL:1.318202416, Val. MSE: 0.014563525, Time_Elapsed:0.3704 secs
Epoch: 50/2000, Training NLL:0.658415670, Val. NLL:0.655250867, Val. MSE: 0.014029767, Time_Elapsed:7.7055 secs
Epoch: 100/2000, Training NLL:0.654307649, Val. NLL:0.662387451, Val. MSE: 0.014284961, Time_Elapsed:15.3098 secs
Epoch: 150/2000, Training NLL:0.646388024, Val. NLL:0.669706941, Val. MSE: 0.014483725, Time_Elapsed:22.8839 secs
Epoch: 200/2000, Training NLL:0.634013881, Val. NLL:0.689790527, Val. MSE: 0.014391649, Time_Elapsed:30.4449 secs
Epoch: 250/2000, Training NLL:0.621189043, Val. NLL:0.708323220, Val. MSE: 0.014346389, Time_Elapsed:37.9833 secs
Epoch: 300/2000, Training NLL:0.614578734, Val. NLL:0.716487388, Val. MSE: 0.014714560, Time_Elapsed:45.5192 secs
Epoch: 350/2000, Training NLL:0.605340526, Val. NLL:0.732314448, Val. MSE: 0.014913212, Time_Elapsed:52.9477 secs
Epoch: 400/2000, Training NLL:0.599885474, Val. NLL:0.730470300, Val. MSE: 0.014875075, Time_Elapsed:60.5340 secs
Epoch: 450/2000, Training NLL:0.598295122, Val. NLL:0.744317651, Val. MSE: 0.014192342, Time_Elapsed:68.0971 secs
Epoch: 500/2000, Training NLL:0.594292422, Val. NLL:0.752550264, Val. MSE: 0.014493765, Time_Elapsed:75.6411 secs
Epoch: 550/2000, Training NLL:0.593845129, Val. NLL:0.750083208, Val. MSE: 0.014500680, Time_Elapsed:83.2744 secs
Epoch: 600/2000, Training NLL:0.587957377, Val. NLL:0.756107132, Val. MSE: 0.014328410, Time_Elapsed:90.9261 secs
Epoch: 650/2000, Training NLL:0.593488519, Val. NLL:0.757032692, Val. MSE: 0.014296852, Time_Elapsed:98.5402 secs
Consecutive iterations are:[669, 670, 671]
Exit and Convergence reached after 3 iterations for relative change in NLL below :0.05
Training convergence attained at Epoch: 671!

Saving the best model at epoch=671, with training loss=0.5838037182887396, validation loss=0.7624102234840393
------------------------------ Training ends --------------------------------- 

------------------------------ Training begins --------------------------------- 

Config: {'n_states': 9, 'n_obs': 9, 'mu_w': array([0., 0., 0., 0., 0., 0., 0., 0., 0.]), 'C_w': array([[0.0124254, 0.       , 0.       , 0.       , 0.       , 0.       ,
        0.       , 0.       , 0.       ],
       [0.       , 0.0124254, 0.       , 0.       , 0.       , 0.       ,
        0.       , 0.       , 0.       ],
       [0.       , 0.       , 0.0124254, 0.       , 0.       , 0.       ,
        0.       , 0.       , 0.       ],
       [0.       , 0.       , 0.       , 0.0124254, 0.       , 0.       ,
        0.       , 0.       , 0.       ],
       [0.       , 0.       , 0.       , 0.       , 0.0124254, 0.       ,
        0.       , 0.       , 0.       ],
       [0.       , 0.       , 0.       , 0.       , 0.       , 0.0124254,
        0.       , 0.       , 0.       ],
       [0.       , 0.       , 0.       , 0.       , 0.       , 0.       ,
        0.0124254, 0.       , 0.       ],
       [0.       , 0.       , 0.       , 0.       , 0.       , 0.       ,
        0.       , 0.0124254, 0.       ],
       [0.       , 0.       , 0.       , 0.       , 0.       , 0.       ,
        0.       , 0.       , 0.0124254]]), 'H': array([[1., 0., 0., 0., 0., 0., 0., 0., 0.],
       [0., 1., 0., 0., 0., 0., 0., 0., 0.],
       [0., 0., 1., 0., 0., 0., 0., 0., 0.],
       [0., 0., 0., 1., 0., 0., 0., 0., 0.],
       [0., 0., 0., 0., 1., 0., 0., 0., 0.],
       [0., 0., 0., 0., 0., 1., 0., 0., 0.],
       [0., 0., 0., 0., 0., 0., 1., 0., 0.],
       [0., 0., 0., 0., 0., 0., 0., 1., 0.],
       [0., 0., 0., 0., 0., 0., 0., 0., 1.]]), 'mu_x0': array([0., 0., 0., 0., 0., 0., 0., 0., 0.]), 'C_x0': array([[1., 0., 0., 0., 0., 0., 0., 0., 0.],
       [0., 1., 0., 0., 0., 0., 0., 0., 0.],
       [0., 0., 1., 0., 0., 0., 0., 0., 0.],
       [0., 0., 0., 1., 0., 0., 0., 0., 0.],
       [0., 0., 0., 0., 1., 0., 0., 0., 0.],
       [0., 0., 0., 0., 0., 1., 0., 0., 0.],
       [0., 0., 0., 0., 0., 0., 1., 0., 0.],
       [0., 0., 0., 0., 0., 0., 0., 1., 0.],
       [0., 0., 0., 0., 0., 0., 0., 0., 1.]]), 'batch_size': 64, 'rnn_type': 'gru', 'device': device(type='cuda', index=0), 'rnn_params_dict': {'gru': {'model_type': 'gru', 'input_size': 9, 'output_size': 9, 'n_hidden': 30, 'n_layers': 1, 'lr': 0.01, 'num_epochs': 2000, 'min_delta': 0.05, 'n_hidden_dense': 32, 'device': device(type='cuda', index=0)}, 'rnn': {'model_type': 'gru', 'input_size': 9, 'output_size': 9, 'n_hidden': 40, 'n_layers': 2, 'lr': 0.001, 'num_epochs': 300, 'min_delta': 0.001, 'n_hidden_dense': 32, 'device': device(type='cuda', index=0)}, 'lstm': {'model_type': 'lstm', 'input_size': 9, 'output_size': 9, 'n_hidden': 40, 'n_layers': 2, 'lr': 0.001, 'num_epochs': 300, 'min_delta': 0.001, 'n_hidden_dense': 32, 'device': device(type='cuda', index=0)}}} 

No. of trainable parameters: 5276

Epoch: 1/2000, Training NLL:3.559936196, Val. NLL:1.147122145, Val. MSE: 0.012400094, Time_Elapsed:0.3288 secs
Epoch: 50/2000, Training NLL:0.603305986, Val. NLL:0.602665166, Val. MSE: 0.012761391, Time_Elapsed:7.8217 secs
Epoch: 100/2000, Training NLL:0.599927709, Val. NLL:0.601831396, Val. MSE: 0.012664825, Time_Elapsed:15.4835 secs
Epoch: 150/2000, Training NLL:0.591052185, Val. NLL:0.623565594, Val. MSE: 0.012657463, Time_Elapsed:23.1562 secs
Epoch: 200/2000, Training NLL:0.577890744, Val. NLL:0.631905059, Val. MSE: 0.012614907, Time_Elapsed:30.7628 secs
Epoch: 250/2000, Training NLL:0.566007709, Val. NLL:0.655248702, Val. MSE: 0.012292663, Time_Elapsed:38.3625 secs
Epoch: 300/2000, Training NLL:0.556474412, Val. NLL:0.655803045, Val. MSE: 0.012678212, Time_Elapsed:45.9758 secs
Epoch: 350/2000, Training NLL:0.550801421, Val. NLL:0.678512613, Val. MSE: 0.012750848, Time_Elapsed:53.6197 secs
Epoch: 400/2000, Training NLL:0.550949688, Val. NLL:0.679451704, Val. MSE: 0.012441190, Time_Elapsed:61.2455 secs
Epoch: 450/2000, Training NLL:0.539048404, Val. NLL:0.691333592, Val. MSE: 0.012646719, Time_Elapsed:68.8460 secs
Epoch: 500/2000, Training NLL:0.540770128, Val. NLL:0.718303223, Val. MSE: 0.012523982, Time_Elapsed:76.4536 secs
Epoch: 550/2000, Training NLL:0.534198453, Val. NLL:0.726001879, Val. MSE: 0.012355835, Time_Elapsed:84.0025 secs
Epoch: 600/2000, Training NLL:0.537669008, Val. NLL:0.702160696, Val. MSE: 0.012882953, Time_Elapsed:91.5742 secs
Epoch: 650/2000, Training NLL:0.533097843, Val. NLL:0.728324552, Val. MSE: 0.012445703, Time_Elapsed:99.1808 secs
Consecutive iterations are:[669, 670, 671]
Exit and Convergence reached after 3 iterations for relative change in NLL below :0.05
Training convergence attained at Epoch: 671!

Saving the best model at epoch=671, with training loss=0.5320424487193426, validation loss=0.7326533993085226
------------------------------ Training ends --------------------------------- 

------------------------------ Training begins --------------------------------- 

Config: {'n_states': 9, 'n_obs': 9, 'mu_w': array([0., 0., 0., 0., 0., 0., 0., 0., 0.]), 'C_w': None, 'H': array([[1., 0., 0., 0., 0., 0., 0., 0., 0.],
       [0., 1., 0., 0., 0., 0., 0., 0., 0.],
       [0., 0., 1., 0., 0., 0., 0., 0., 0.],
       [0., 0., 0., 1., 0., 0., 0., 0., 0.],
       [0., 0., 0., 0., 1., 0., 0., 0., 0.],
       [0., 0., 0., 0., 0., 1., 0., 0., 0.],
       [0., 0., 0., 0., 0., 0., 1., 0., 0.],
       [0., 0., 0., 0., 0., 0., 0., 1., 0.],
       [0., 0., 0., 0., 0., 0., 0., 0., 1.]]), 'mu_x0': array([0., 0., 0., 0., 0., 0., 0., 0., 0.]), 'C_x0': array([[1., 0., 0., 0., 0., 0., 0., 0., 0.],
       [0., 1., 0., 0., 0., 0., 0., 0., 0.],
       [0., 0., 1., 0., 0., 0., 0., 0., 0.],
       [0., 0., 0., 1., 0., 0., 0., 0., 0.],
       [0., 0., 0., 0., 1., 0., 0., 0., 0.],
       [0., 0., 0., 0., 0., 1., 0., 0., 0.],
       [0., 0., 0., 0., 0., 0., 1., 0., 0.],
       [0., 0., 0., 0., 0., 0., 0., 1., 0.],
       [0., 0., 0., 0., 0., 0., 0., 0., 1.]]), 'batch_size': 64, 'rnn_type': 'gru', 'device': device(type='cuda', index=0), 'rnn_params_dict': {'gru': {'model_type': 'gru', 'input_size': 9, 'output_size': 9, 'n_hidden': 30, 'n_layers': 1, 'lr': 0.01, 'num_epochs': 2000, 'min_delta': 0.05, 'n_hidden_dense': 32, 'device': device(type='cuda', index=0)}, 'rnn': {'model_type': 'gru', 'input_size': 9, 'output_size': 9, 'n_hidden': 40, 'n_layers': 2, 'lr': 0.001, 'num_epochs': 300, 'min_delta': 0.001, 'n_hidden_dense': 32, 'device': device(type='cuda', index=0)}, 'lstm': {'model_type': 'lstm', 'input_size': 9, 'output_size': 9, 'n_hidden': 40, 'n_layers': 2, 'lr': 0.001, 'num_epochs': 300, 'min_delta': 0.001, 'n_hidden_dense': 32, 'device': device(type='cuda', index=0)}}} 

No. of trainable parameters: 5276

------------------------------ Training begins --------------------------------- 

Config: {'n_states': 9, 'n_obs': 9, 'mu_w': array([0., 0., 0., 0., 0., 0., 0., 0., 0.]), 'C_w': None, 'H': array([[1., 0., 0., 0., 0., 0., 0., 0., 0.],
       [0., 1., 0., 0., 0., 0., 0., 0., 0.],
       [0., 0., 1., 0., 0., 0., 0., 0., 0.],
       [0., 0., 0., 1., 0., 0., 0., 0., 0.],
       [0., 0., 0., 0., 1., 0., 0., 0., 0.],
       [0., 0., 0., 0., 0., 1., 0., 0., 0.],
       [0., 0., 0., 0., 0., 0., 1., 0., 0.],
       [0., 0., 0., 0., 0., 0., 0., 1., 0.],
       [0., 0., 0., 0., 0., 0., 0., 0., 1.]]), 'mu_x0': array([0., 0., 0., 0., 0., 0., 0., 0., 0.]), 'C_x0': array([[1., 0., 0., 0., 0., 0., 0., 0., 0.],
       [0., 1., 0., 0., 0., 0., 0., 0., 0.],
       [0., 0., 1., 0., 0., 0., 0., 0., 0.],
       [0., 0., 0., 1., 0., 0., 0., 0., 0.],
       [0., 0., 0., 0., 1., 0., 0., 0., 0.],
       [0., 0., 0., 0., 0., 1., 0., 0., 0.],
       [0., 0., 0., 0., 0., 0., 1., 0., 0.],
       [0., 0., 0., 0., 0., 0., 0., 1., 0.],
       [0., 0., 0., 0., 0., 0., 0., 0., 1.]]), 'batch_size': 64, 'rnn_type': 'gru', 'device': device(type='cuda', index=0), 'rnn_params_dict': {'gru': {'model_type': 'gru', 'input_size': 9, 'output_size': 9, 'n_hidden': 30, 'n_layers': 1, 'lr': 0.01, 'num_epochs': 2000, 'min_delta': 0.05, 'n_hidden_dense': 32, 'device': device(type='cuda', index=0)}, 'rnn': {'model_type': 'gru', 'input_size': 9, 'output_size': 9, 'n_hidden': 40, 'n_layers': 2, 'lr': 0.001, 'num_epochs': 300, 'min_delta': 0.001, 'n_hidden_dense': 32, 'device': device(type='cuda', index=0)}, 'lstm': {'model_type': 'lstm', 'input_size': 9, 'output_size': 9, 'n_hidden': 40, 'n_layers': 2, 'lr': 0.001, 'num_epochs': 300, 'min_delta': 0.001, 'n_hidden_dense': 32, 'device': device(type='cuda', index=0)}}} 

No. of trainable parameters: 5276

------------------------------ Training begins --------------------------------- 

Config: {'n_states': 9, 'n_obs': 9, 'mu_w': array([0., 0., 0., 0., 0., 0., 0., 0., 0.]), 'C_w': None, 'H': array([[1., 0., 0., 0., 0., 0., 0., 0., 0.],
       [0., 1., 0., 0., 0., 0., 0., 0., 0.],
       [0., 0., 1., 0., 0., 0., 0., 0., 0.],
       [0., 0., 0., 1., 0., 0., 0., 0., 0.],
       [0., 0., 0., 0., 1., 0., 0., 0., 0.],
       [0., 0., 0., 0., 0., 1., 0., 0., 0.],
       [0., 0., 0., 0., 0., 0., 1., 0., 0.],
       [0., 0., 0., 0., 0., 0., 0., 1., 0.],
       [0., 0., 0., 0., 0., 0., 0., 0., 1.]]), 'mu_x0': array([0., 0., 0., 0., 0., 0., 0., 0., 0.]), 'C_x0': array([[1., 0., 0., 0., 0., 0., 0., 0., 0.],
       [0., 1., 0., 0., 0., 0., 0., 0., 0.],
       [0., 0., 1., 0., 0., 0., 0., 0., 0.],
       [0., 0., 0., 1., 0., 0., 0., 0., 0.],
       [0., 0., 0., 0., 1., 0., 0., 0., 0.],
       [0., 0., 0., 0., 0., 1., 0., 0., 0.],
       [0., 0., 0., 0., 0., 0., 1., 0., 0.],
       [0., 0., 0., 0., 0., 0., 0., 1., 0.],
       [0., 0., 0., 0., 0., 0., 0., 0., 1.]]), 'batch_size': 64, 'rnn_type': 'gru', 'device': device(type='cuda', index=0), 'rnn_params_dict': {'gru': {'model_type': 'gru', 'input_size': 9, 'output_size': 9, 'n_hidden': 30, 'n_layers': 1, 'lr': 0.01, 'num_epochs': 2000, 'min_delta': 0.05, 'n_hidden_dense': 32, 'device': device(type='cuda', index=0)}, 'rnn': {'model_type': 'gru', 'input_size': 9, 'output_size': 9, 'n_hidden': 40, 'n_layers': 2, 'lr': 0.001, 'num_epochs': 300, 'min_delta': 0.001, 'n_hidden_dense': 32, 'device': device(type='cuda', index=0)}, 'lstm': {'model_type': 'lstm', 'input_size': 9, 'output_size': 9, 'n_hidden': 40, 'n_layers': 2, 'lr': 0.001, 'num_epochs': 300, 'min_delta': 0.001, 'n_hidden_dense': 32, 'device': device(type='cuda', index=0)}}} 

No. of trainable parameters: 5276

------------------------------ Training begins --------------------------------- 

Config: {'n_states': 9, 'n_obs': 9, 'mu_w': array([0., 0., 0., 0., 0., 0., 0., 0., 0.]), 'C_w': None, 'H': array([[1., 0., 0., 0., 0., 0., 0., 0., 0.],
       [0., 1., 0., 0., 0., 0., 0., 0., 0.],
       [0., 0., 1., 0., 0., 0., 0., 0., 0.],
       [0., 0., 0., 1., 0., 0., 0., 0., 0.],
       [0., 0., 0., 0., 1., 0., 0., 0., 0.],
       [0., 0., 0., 0., 0., 1., 0., 0., 0.],
       [0., 0., 0., 0., 0., 0., 1., 0., 0.],
       [0., 0., 0., 0., 0., 0., 0., 1., 0.],
       [0., 0., 0., 0., 0., 0., 0., 0., 1.]]), 'mu_x0': array([0., 0., 0., 0., 0., 0., 0., 0., 0.]), 'C_x0': array([[1., 0., 0., 0., 0., 0., 0., 0., 0.],
       [0., 1., 0., 0., 0., 0., 0., 0., 0.],
       [0., 0., 1., 0., 0., 0., 0., 0., 0.],
       [0., 0., 0., 1., 0., 0., 0., 0., 0.],
       [0., 0., 0., 0., 1., 0., 0., 0., 0.],
       [0., 0., 0., 0., 0., 1., 0., 0., 0.],
       [0., 0., 0., 0., 0., 0., 1., 0., 0.],
       [0., 0., 0., 0., 0., 0., 0., 1., 0.],
       [0., 0., 0., 0., 0., 0., 0., 0., 1.]]), 'batch_size': 64, 'rnn_type': 'gru', 'device': device(type='cuda', index=0), 'rnn_params_dict': {'gru': {'model_type': 'gru', 'input_size': 9, 'output_size': 9, 'n_hidden': 30, 'n_layers': 1, 'lr': 0.01, 'num_epochs': 2000, 'min_delta': 0.05, 'n_hidden_dense': 32, 'device': device(type='cuda', index=0)}, 'rnn': {'model_type': 'gru', 'input_size': 9, 'output_size': 9, 'n_hidden': 40, 'n_layers': 2, 'lr': 0.001, 'num_epochs': 300, 'min_delta': 0.001, 'n_hidden_dense': 32, 'device': device(type='cuda', index=0)}, 'lstm': {'model_type': 'lstm', 'input_size': 9, 'output_size': 9, 'n_hidden': 40, 'n_layers': 2, 'lr': 0.001, 'num_epochs': 300, 'min_delta': 0.001, 'n_hidden_dense': 32, 'device': device(type='cuda', index=0)}}} 

No. of trainable parameters: 5276

