------------------------------ Training begins --------------------------------- 

Config: {'n_states': 3, 'n_obs': 3, 'mu_w': array([0., 0., 0.]), 'C_w': array([[[2220.34792109,    0.        ,    0.        ],
        [   0.        , 2220.34792109,    0.        ],
        [   0.        ,    0.        , 2220.34792109]],

       [[2335.06131245,    0.        ,    0.        ],
        [   0.        , 2335.06131245,    0.        ],
        [   0.        ,    0.        , 2335.06131245]],

       [[2207.26990345,    0.        ,    0.        ],
        [   0.        , 2207.26990345,    0.        ],
        [   0.        ,    0.        , 2207.26990345]],

       [[2352.17922875,    0.        ,    0.        ],
        [   0.        , 2352.17922875,    0.        ],
        [   0.        ,    0.        , 2352.17922875]],

       [[2182.86860734,    0.        ,    0.        ],
        [   0.        , 2182.86860734,    0.        ],
        [   0.        ,    0.        , 2182.86860734]],

       [[2263.00990884,    0.        ,    0.        ],
        [   0.        , 2263.00990884,    0.        ],
        [   0.        ,    0.        , 2263.00990884]],

       [[2259.6438161 ,    0.        ,    0.        ],
        [   0.        , 2259.6438161 ,    0.        ],
        [   0.        ,    0.        , 2259.6438161 ]],

       [[2141.90991326,    0.        ,    0.        ],
        [   0.        , 2141.90991326,    0.        ],
        [   0.        ,    0.        , 2141.90991326]],

       [[2216.44236655,    0.        ,    0.        ],
        [   0.        , 2216.44236655,    0.        ],
        [   0.        ,    0.        , 2216.44236655]],

       [[2318.14978559,    0.        ,    0.        ],
        [   0.        , 2318.14978559,    0.        ],
        [   0.        ,    0.        , 2318.14978559]]]), 'H': array([[1., 0., 0.],
       [0., 1., 0.],
       [0., 0., 1.]]), 'mu_x0': array([0., 0., 0.]), 'C_x0': array([[1., 0., 0.],
       [0., 1., 0.],
       [0., 0., 1.]]), 'batch_size': 64, 'rnn_type': 'gru', 'device': device(type='cpu'), 'rnn_params_dict': {'gru': {'model_type': 'gru', 'input_size': 3, 'output_size': 3, 'n_hidden': 30, 'n_layers': 1, 'lr': 0.01, 'num_epochs': 2000, 'min_delta': 0.05, 'n_hidden_dense': 32, 'device': device(type='cpu')}, 'rnn': {'model_type': 'gru', 'input_size': 3, 'output_size': 3, 'n_hidden': 40, 'n_layers': 2, 'lr': 0.001, 'num_epochs': 300, 'min_delta': 0.001, 'n_hidden_dense': 32, 'device': device(type='cpu')}, 'lstm': {'model_type': 'lstm', 'input_size': 3, 'output_size': 3, 'n_hidden': 40, 'n_layers': 2, 'lr': 0.001, 'num_epochs': 300, 'min_delta': 0.001, 'n_hidden_dense': 32, 'device': device(type='cpu')}}} 

No. of trainable parameters: 4340

------------------------------ Training begins --------------------------------- 

Config: {'n_states': 3, 'n_obs': 3, 'mu_w': array([0., 0., 0.]), 'C_w': array([[[2220.34792109,    0.        ,    0.        ],
        [   0.        , 2220.34792109,    0.        ],
        [   0.        ,    0.        , 2220.34792109]],

       [[2335.06131245,    0.        ,    0.        ],
        [   0.        , 2335.06131245,    0.        ],
        [   0.        ,    0.        , 2335.06131245]],

       [[2207.26990345,    0.        ,    0.        ],
        [   0.        , 2207.26990345,    0.        ],
        [   0.        ,    0.        , 2207.26990345]],

       [[2352.17922875,    0.        ,    0.        ],
        [   0.        , 2352.17922875,    0.        ],
        [   0.        ,    0.        , 2352.17922875]],

       [[2182.86860734,    0.        ,    0.        ],
        [   0.        , 2182.86860734,    0.        ],
        [   0.        ,    0.        , 2182.86860734]],

       [[2263.00990884,    0.        ,    0.        ],
        [   0.        , 2263.00990884,    0.        ],
        [   0.        ,    0.        , 2263.00990884]],

       [[2259.6438161 ,    0.        ,    0.        ],
        [   0.        , 2259.6438161 ,    0.        ],
        [   0.        ,    0.        , 2259.6438161 ]],

       [[2141.90991326,    0.        ,    0.        ],
        [   0.        , 2141.90991326,    0.        ],
        [   0.        ,    0.        , 2141.90991326]],

       [[2216.44236655,    0.        ,    0.        ],
        [   0.        , 2216.44236655,    0.        ],
        [   0.        ,    0.        , 2216.44236655]],

       [[2318.14978559,    0.        ,    0.        ],
        [   0.        , 2318.14978559,    0.        ],
        [   0.        ,    0.        , 2318.14978559]]]), 'H': array([[1., 0., 0.],
       [0., 1., 0.],
       [0., 0., 1.]]), 'mu_x0': array([0., 0., 0.]), 'C_x0': array([[1., 0., 0.],
       [0., 1., 0.],
       [0., 0., 1.]]), 'batch_size': 64, 'rnn_type': 'gru', 'device': device(type='cpu'), 'rnn_params_dict': {'gru': {'model_type': 'gru', 'input_size': 3, 'output_size': 3, 'n_hidden': 30, 'n_layers': 1, 'lr': 0.01, 'num_epochs': 2000, 'min_delta': 0.05, 'n_hidden_dense': 32, 'device': device(type='cpu')}, 'rnn': {'model_type': 'gru', 'input_size': 3, 'output_size': 3, 'n_hidden': 40, 'n_layers': 2, 'lr': 0.001, 'num_epochs': 300, 'min_delta': 0.001, 'n_hidden_dense': 32, 'device': device(type='cpu')}, 'lstm': {'model_type': 'lstm', 'input_size': 3, 'output_size': 3, 'n_hidden': 40, 'n_layers': 2, 'lr': 0.001, 'num_epochs': 300, 'min_delta': 0.001, 'n_hidden_dense': 32, 'device': device(type='cpu')}}} 

No. of trainable parameters: 4340

------------------------------ Training begins --------------------------------- 

Config: {'n_states': 3, 'n_obs': 3, 'mu_w': array([0., 0., 0.]), 'C_w': array([[[2220.34792109,    0.        ,    0.        ],
        [   0.        , 2220.34792109,    0.        ],
        [   0.        ,    0.        , 2220.34792109]],

       [[2335.06131245,    0.        ,    0.        ],
        [   0.        , 2335.06131245,    0.        ],
        [   0.        ,    0.        , 2335.06131245]],

       [[2207.26990345,    0.        ,    0.        ],
        [   0.        , 2207.26990345,    0.        ],
        [   0.        ,    0.        , 2207.26990345]],

       [[2352.17922875,    0.        ,    0.        ],
        [   0.        , 2352.17922875,    0.        ],
        [   0.        ,    0.        , 2352.17922875]],

       [[2182.86860734,    0.        ,    0.        ],
        [   0.        , 2182.86860734,    0.        ],
        [   0.        ,    0.        , 2182.86860734]],

       [[2263.00990884,    0.        ,    0.        ],
        [   0.        , 2263.00990884,    0.        ],
        [   0.        ,    0.        , 2263.00990884]],

       [[2259.6438161 ,    0.        ,    0.        ],
        [   0.        , 2259.6438161 ,    0.        ],
        [   0.        ,    0.        , 2259.6438161 ]],

       [[2141.90991326,    0.        ,    0.        ],
        [   0.        , 2141.90991326,    0.        ],
        [   0.        ,    0.        , 2141.90991326]],

       [[2216.44236655,    0.        ,    0.        ],
        [   0.        , 2216.44236655,    0.        ],
        [   0.        ,    0.        , 2216.44236655]],

       [[2318.14978559,    0.        ,    0.        ],
        [   0.        , 2318.14978559,    0.        ],
        [   0.        ,    0.        , 2318.14978559]]]), 'H': array([[1., 0., 0.],
       [0., 1., 0.],
       [0., 0., 1.]]), 'mu_x0': array([0., 0., 0.]), 'C_x0': array([[1., 0., 0.],
       [0., 1., 0.],
       [0., 0., 1.]]), 'batch_size': 64, 'rnn_type': 'gru', 'device': device(type='cpu'), 'rnn_params_dict': {'gru': {'model_type': 'gru', 'input_size': 3, 'output_size': 3, 'n_hidden': 30, 'n_layers': 1, 'lr': 0.01, 'num_epochs': 2000, 'min_delta': 0.05, 'n_hidden_dense': 32, 'device': device(type='cpu')}, 'rnn': {'model_type': 'gru', 'input_size': 3, 'output_size': 3, 'n_hidden': 40, 'n_layers': 2, 'lr': 0.001, 'num_epochs': 300, 'min_delta': 0.001, 'n_hidden_dense': 32, 'device': device(type='cpu')}, 'lstm': {'model_type': 'lstm', 'input_size': 3, 'output_size': 3, 'n_hidden': 40, 'n_layers': 2, 'lr': 0.001, 'num_epochs': 300, 'min_delta': 0.001, 'n_hidden_dense': 32, 'device': device(type='cpu')}}} 

No. of trainable parameters: 4340

