------------------------------ Training begins --------------------------------- 

Config: {'n_states': 16, 'n_obs': 16, 'mu_w': array([0., 0., 0., 0., 0., 0., 0., 0., 0., 0., 0., 0., 0., 0., 0., 0.]), 'C_w': None, 'H': array([[1., 0., 0., 0., 0., 0., 0., 0., 0., 0., 0., 0., 0., 0., 0., 0.],
       [0., 1., 0., 0., 0., 0., 0., 0., 0., 0., 0., 0., 0., 0., 0., 0.],
       [0., 0., 1., 0., 0., 0., 0., 0., 0., 0., 0., 0., 0., 0., 0., 0.],
       [0., 0., 0., 1., 0., 0., 0., 0., 0., 0., 0., 0., 0., 0., 0., 0.],
       [0., 0., 0., 0., 1., 0., 0., 0., 0., 0., 0., 0., 0., 0., 0., 0.],
       [0., 0., 0., 0., 0., 1., 0., 0., 0., 0., 0., 0., 0., 0., 0., 0.],
       [0., 0., 0., 0., 0., 0., 1., 0., 0., 0., 0., 0., 0., 0., 0., 0.],
       [0., 0., 0., 0., 0., 0., 0., 1., 0., 0., 0., 0., 0., 0., 0., 0.],
       [0., 0., 0., 0., 0., 0., 0., 0., 1., 0., 0., 0., 0., 0., 0., 0.],
       [0., 0., 0., 0., 0., 0., 0., 0., 0., 1., 0., 0., 0., 0., 0., 0.],
       [0., 0., 0., 0., 0., 0., 0., 0., 0., 0., 1., 0., 0., 0., 0., 0.],
       [0., 0., 0., 0., 0., 0., 0., 0., 0., 0., 0., 1., 0., 0., 0., 0.],
       [0., 0., 0., 0., 0., 0., 0., 0., 0., 0., 0., 0., 1., 0., 0., 0.],
       [0., 0., 0., 0., 0., 0., 0., 0., 0., 0., 0., 0., 0., 1., 0., 0.],
       [0., 0., 0., 0., 0., 0., 0., 0., 0., 0., 0., 0., 0., 0., 1., 0.],
       [0., 0., 0., 0., 0., 0., 0., 0., 0., 0., 0., 0., 0., 0., 0., 1.]]), 'mu_x0': array([0., 0., 0., 0., 0., 0., 0., 0., 0., 0., 0., 0., 0., 0., 0., 0.]), 'C_x0': array([[1., 0., 0., 0., 0., 0., 0., 0., 0., 0., 0., 0., 0., 0., 0., 0.],
       [0., 1., 0., 0., 0., 0., 0., 0., 0., 0., 0., 0., 0., 0., 0., 0.],
       [0., 0., 1., 0., 0., 0., 0., 0., 0., 0., 0., 0., 0., 0., 0., 0.],
       [0., 0., 0., 1., 0., 0., 0., 0., 0., 0., 0., 0., 0., 0., 0., 0.],
       [0., 0., 0., 0., 1., 0., 0., 0., 0., 0., 0., 0., 0., 0., 0., 0.],
       [0., 0., 0., 0., 0., 1., 0., 0., 0., 0., 0., 0., 0., 0., 0., 0.],
       [0., 0., 0., 0., 0., 0., 1., 0., 0., 0., 0., 0., 0., 0., 0., 0.],
       [0., 0., 0., 0., 0., 0., 0., 1., 0., 0., 0., 0., 0., 0., 0., 0.],
       [0., 0., 0., 0., 0., 0., 0., 0., 1., 0., 0., 0., 0., 0., 0., 0.],
       [0., 0., 0., 0., 0., 0., 0., 0., 0., 1., 0., 0., 0., 0., 0., 0.],
       [0., 0., 0., 0., 0., 0., 0., 0., 0., 0., 1., 0., 0., 0., 0., 0.],
       [0., 0., 0., 0., 0., 0., 0., 0., 0., 0., 0., 1., 0., 0., 0., 0.],
       [0., 0., 0., 0., 0., 0., 0., 0., 0., 0., 0., 0., 1., 0., 0., 0.],
       [0., 0., 0., 0., 0., 0., 0., 0., 0., 0., 0., 0., 0., 1., 0., 0.],
       [0., 0., 0., 0., 0., 0., 0., 0., 0., 0., 0., 0., 0., 0., 1., 0.],
       [0., 0., 0., 0., 0., 0., 0., 0., 0., 0., 0., 0., 0., 0., 0., 1.]]), 'batch_size': 64, 'rnn_type': 'gru', 'device': device(type='cuda', index=0), 'rnn_params_dict': {'gru': {'model_type': 'gru', 'input_size': 16, 'output_size': 16, 'n_hidden': 32, 'n_layers': 1, 'lr': 2e-05, 'num_epochs': 2000, 'min_delta': 0.01, 'n_hidden_dense': 32, 'device': device(type='cuda', index=0)}, 'rnn': {'model_type': 'gru', 'input_size': 16, 'output_size': 16, 'n_hidden': 40, 'n_layers': 2, 'lr': 0.001, 'num_epochs': 300, 'min_delta': 0.001, 'n_hidden_dense': 32, 'device': device(type='cuda', index=0)}, 'lstm': {'model_type': 'lstm', 'input_size': 16, 'output_size': 16, 'n_hidden': 40, 'n_layers': 2, 'lr': 0.001, 'num_epochs': 300, 'min_delta': 0.001, 'n_hidden_dense': 32, 'device': device(type='cuda', index=0)}}} 

No. of trainable parameters: 6912

Epoch: 1/2000, Training NLL:1.691782256, Val. NLL:1.737261236, Val. MSE: 11.598347187, Time_Elapsed:0.9566 secs
Epoch: 50/2000, Training NLL:1.650038123, Val. NLL:1.772081375, Val. MSE: 11.515085220, Time_Elapsed:18.9280 secs
Epoch: 100/2000, Training NLL:1.600728333, Val. NLL:1.665746748, Val. MSE: 11.331134796, Time_Elapsed:37.0437 secs
Epoch: 150/2000, Training NLL:1.534479956, Val. NLL:1.639964163, Val. MSE: 10.387838364, Time_Elapsed:55.4690 secs
Epoch: 200/2000, Training NLL:1.451740344, Val. NLL:1.462181628, Val. MSE: 8.625128269, Time_Elapsed:73.6367 secs
Epoch: 250/2000, Training NLL:1.360291799, Val. NLL:1.372059226, Val. MSE: 7.798874378, Time_Elapsed:91.9936 secs
Epoch: 300/2000, Training NLL:1.271056990, Val. NLL:1.284965038, Val. MSE: 7.397205114, Time_Elapsed:110.4412 secs
Epoch: 350/2000, Training NLL:1.196979324, Val. NLL:1.238088131, Val. MSE: 6.656434536, Time_Elapsed:128.8192 secs
Epoch: 400/2000, Training NLL:1.140634219, Val. NLL:1.168362498, Val. MSE: 6.160064697, Time_Elapsed:146.9732 secs
Epoch: 450/2000, Training NLL:1.091957470, Val. NLL:1.128925502, Val. MSE: 5.611198664, Time_Elapsed:165.0408 secs
Epoch: 500/2000, Training NLL:1.053529481, Val. NLL:1.077221751, Val. MSE: 5.319711685, Time_Elapsed:182.9875 secs
Epoch: 550/2000, Training NLL:1.017939905, Val. NLL:1.021660209, Val. MSE: 4.708795786, Time_Elapsed:201.4359 secs
Epoch: 600/2000, Training NLL:0.986410260, Val. NLL:0.988578558, Val. MSE: 4.454611301, Time_Elapsed:219.7603 secs
Epoch: 650/2000, Training NLL:0.959303796, Val. NLL:0.992385745, Val. MSE: 4.291455865, Time_Elapsed:238.0511 secs
Epoch: 700/2000, Training NLL:0.938334733, Val. NLL:0.974038780, Val. MSE: 4.480189800, Time_Elapsed:256.2401 secs
Consecutive iterations are:[705, 706, 707]
Exit and Convergence reached after 3 iterations for relative change in NLL below :0.01
Training convergence attained at Epoch: 707!

Saving the best model at epoch=707, with training loss=0.9346951842308044, validation loss=1.010923683643341
------------------------------ Training ends --------------------------------- 

