------------------------------ Training begins --------------------------------- 

Config: {'n_states': 32, 'n_obs': 32, 'mu_w': array([0., 0., 0., 0., 0., 0., 0., 0., 0., 0., 0., 0., 0., 0., 0., 0., 0.,
       0., 0., 0., 0., 0., 0., 0., 0., 0., 0., 0., 0., 0., 0., 0.]), 'C_w': None, 'H': array([[1., 0., 0., ..., 0., 0., 0.],
       [0., 1., 0., ..., 0., 0., 0.],
       [0., 0., 1., ..., 0., 0., 0.],
       ...,
       [0., 0., 0., ..., 1., 0., 0.],
       [0., 0., 0., ..., 0., 1., 0.],
       [0., 0., 0., ..., 0., 0., 1.]]), 'mu_x0': array([0., 0., 0., 0., 0., 0., 0., 0., 0., 0., 0., 0., 0., 0., 0., 0., 0.,
       0., 0., 0., 0., 0., 0., 0., 0., 0., 0., 0., 0., 0., 0., 0.]), 'C_x0': array([[1., 0., 0., ..., 0., 0., 0.],
       [0., 1., 0., ..., 0., 0., 0.],
       [0., 0., 1., ..., 0., 0., 0.],
       ...,
       [0., 0., 0., ..., 1., 0., 0.],
       [0., 0., 0., ..., 0., 1., 0.],
       [0., 0., 0., ..., 0., 0., 1.]]), 'batch_size': 64, 'rnn_type': 'gru', 'device': device(type='cuda', index=0), 'rnn_params_dict': {'gru': {'model_type': 'gru', 'input_size': 32, 'output_size': 32, 'n_hidden': 40, 'n_layers': 1, 'lr': 0.0001, 'num_epochs': 2000, 'min_delta': 0.05, 'n_hidden_dense': 64, 'device': device(type='cuda', index=0)}, 'rnn': {'model_type': 'gru', 'input_size': 32, 'output_size': 32, 'n_hidden': 40, 'n_layers': 2, 'lr': 0.001, 'num_epochs': 300, 'min_delta': 0.001, 'n_hidden_dense': 32, 'device': device(type='cuda', index=0)}, 'lstm': {'model_type': 'lstm', 'input_size': 32, 'output_size': 32, 'n_hidden': 40, 'n_layers': 2, 'lr': 0.001, 'num_epochs': 300, 'min_delta': 0.001, 'n_hidden_dense': 32, 'device': device(type='cuda', index=0)}}} 

No. of trainable parameters: 15664

Epoch: 1/2000, Training NLL:1.212136865, Val. NLL:1.241644263, Val. MSE: 4.697600126, Time_Elapsed:0.8375 secs
Epoch: 50/2000, Training NLL:0.541189273, Val. NLL:0.569527894, Val. MSE: 1.831243336, Time_Elapsed:14.0282 secs
Epoch: 100/2000, Training NLL:0.485702485, Val. NLL:0.535428971, Val. MSE: 1.715743423, Time_Elapsed:27.6075 secs
Epoch: 150/2000, Training NLL:0.435668156, Val. NLL:0.482529312, Val. MSE: 1.697810292, Time_Elapsed:41.3863 secs
Epoch: 200/2000, Training NLL:0.373690779, Val. NLL:0.450960129, Val. MSE: 1.718215823, Time_Elapsed:55.2227 secs
Epoch: 250/2000, Training NLL:0.313766042, Val. NLL:0.353403881, Val. MSE: 1.612448037, Time_Elapsed:68.9949 secs
Epoch: 300/2000, Training NLL:0.257998712, Val. NLL:0.335927531, Val. MSE: 1.716465294, Time_Elapsed:80.5334 secs
Epoch: 350/2000, Training NLL:0.201919255, Val. NLL:0.265171692, Val. MSE: 1.685843825, Time_Elapsed:89.4567 secs
Epoch: 400/2000, Training NLL:0.147250911, Val. NLL:0.204770818, Val. MSE: 1.771842778, Time_Elapsed:98.4890 secs
Epoch: 450/2000, Training NLL:0.092267910, Val. NLL:0.156985968, Val. MSE: 1.782550454, Time_Elapsed:107.5211 secs
Epoch: 500/2000, Training NLL:0.045722927, Val. NLL:0.124132186, Val. MSE: 1.821573377, Time_Elapsed:116.5035 secs
Epoch: 550/2000, Training NLL:0.006276325, Val. NLL:0.091100313, Val. MSE: 1.924533725, Time_Elapsed:125.5305 secs
Epoch: 600/2000, Training NLL:-0.028185103, Val. NLL:0.042481665, Val. MSE: 1.932778239, Time_Elapsed:134.5418 secs
Epoch: 650/2000, Training NLL:-0.057062472, Val. NLL:0.013772614, Val. MSE: 1.983698547, Time_Elapsed:143.5965 secs
Epoch: 700/2000, Training NLL:-0.083860206, Val. NLL:-0.007374064, Val. MSE: 2.014289200, Time_Elapsed:152.4391 secs
Epoch: 750/2000, Training NLL:-0.105664731, Val. NLL:-0.059273511, Val. MSE: 1.921821535, Time_Elapsed:161.4210 secs
Epoch: 800/2000, Training NLL:-0.127651582, Val. NLL:-0.055814462, Val. MSE: 1.989833474, Time_Elapsed:170.5819 secs
Epoch: 850/2000, Training NLL:-0.144645234, Val. NLL:-0.081708595, Val. MSE: 1.997155726, Time_Elapsed:179.6164 secs
Consecutive iterations are:[885, 886, 887]
Exit and Convergence reached after 3 iterations for relative change in NLL below :0.05
Training convergence attained at Epoch: 887!

Saving the best model at epoch=887, with training loss=-0.15670819580554962, validation loss=-0.08008791133761406
------------------------------ Training ends --------------------------------- 

------------------------------ Training begins --------------------------------- 

Config: {'n_states': 32, 'n_obs': 32, 'mu_w': array([0., 0., 0., 0., 0., 0., 0., 0., 0., 0., 0., 0., 0., 0., 0., 0., 0.,
       0., 0., 0., 0., 0., 0., 0., 0., 0., 0., 0., 0., 0., 0., 0.]), 'C_w': None, 'H': array([[1., 0., 0., ..., 0., 0., 0.],
       [0., 1., 0., ..., 0., 0., 0.],
       [0., 0., 1., ..., 0., 0., 0.],
       ...,
       [0., 0., 0., ..., 1., 0., 0.],
       [0., 0., 0., ..., 0., 1., 0.],
       [0., 0., 0., ..., 0., 0., 1.]]), 'mu_x0': array([0., 0., 0., 0., 0., 0., 0., 0., 0., 0., 0., 0., 0., 0., 0., 0., 0.,
       0., 0., 0., 0., 0., 0., 0., 0., 0., 0., 0., 0., 0., 0., 0.]), 'C_x0': array([[1., 0., 0., ..., 0., 0., 0.],
       [0., 1., 0., ..., 0., 0., 0.],
       [0., 0., 1., ..., 0., 0., 0.],
       ...,
       [0., 0., 0., ..., 1., 0., 0.],
       [0., 0., 0., ..., 0., 1., 0.],
       [0., 0., 0., ..., 0., 0., 1.]]), 'batch_size': 64, 'rnn_type': 'gru', 'device': device(type='cuda', index=0), 'rnn_params_dict': {'gru': {'model_type': 'gru', 'input_size': 32, 'output_size': 32, 'n_hidden': 40, 'n_layers': 1, 'lr': 1e-05, 'num_epochs': 2000, 'min_delta': 0.05, 'n_hidden_dense': 64, 'device': device(type='cuda', index=0)}, 'rnn': {'model_type': 'gru', 'input_size': 32, 'output_size': 32, 'n_hidden': 40, 'n_layers': 2, 'lr': 0.001, 'num_epochs': 300, 'min_delta': 0.001, 'n_hidden_dense': 32, 'device': device(type='cuda', index=0)}, 'lstm': {'model_type': 'lstm', 'input_size': 32, 'output_size': 32, 'n_hidden': 40, 'n_layers': 2, 'lr': 0.001, 'num_epochs': 300, 'min_delta': 0.001, 'n_hidden_dense': 32, 'device': device(type='cuda', index=0)}}} 

No. of trainable parameters: 15664

Epoch: 1/2000, Training NLL:1.214881718, Val. NLL:1.298878729, Val. MSE: 5.345024586, Time_Elapsed:0.2767 secs
Epoch: 50/2000, Training NLL:1.176133951, Val. NLL:1.309814334, Val. MSE: 5.081609488, Time_Elapsed:4.0632 secs
Epoch: 100/2000, Training NLL:1.126571119, Val. NLL:1.159115255, Val. MSE: 4.296693444, Time_Elapsed:7.9229 secs
Epoch: 150/2000, Training NLL:1.052547197, Val. NLL:1.107748270, Val. MSE: 4.171745062, Time_Elapsed:11.8453 secs
Epoch: 200/2000, Training NLL:0.956613094, Val. NLL:0.978011668, Val. MSE: 3.899845839, Time_Elapsed:16.3227 secs
Epoch: 250/2000, Training NLL:0.846844037, Val. NLL:0.945933282, Val. MSE: 3.592002153, Time_Elapsed:20.7256 secs
Epoch: 300/2000, Training NLL:0.743232836, Val. NLL:0.758350432, Val. MSE: 2.745935559, Time_Elapsed:25.2955 secs
Epoch: 350/2000, Training NLL:0.670101692, Val. NLL:0.718084067, Val. MSE: 2.699236274, Time_Elapsed:29.7899 secs
Epoch: 400/2000, Training NLL:0.620273302, Val. NLL:0.689328283, Val. MSE: 2.345486403, Time_Elapsed:34.4448 secs
Epoch: 450/2000, Training NLL:0.586648772, Val. NLL:0.639386982, Val. MSE: 2.138209939, Time_Elapsed:38.9493 secs
Epoch: 500/2000, Training NLL:0.563472877, Val. NLL:0.573149055, Val. MSE: 1.900711000, Time_Elapsed:43.4850 secs
Epoch: 550/2000, Training NLL:0.546480457, Val. NLL:0.593022466, Val. MSE: 2.017911255, Time_Elapsed:47.8197 secs
Epoch: 600/2000, Training NLL:0.534604977, Val. NLL:0.571487963, Val. MSE: 1.864787221, Time_Elapsed:51.7165 secs
Epoch: 650/2000, Training NLL:0.527794133, Val. NLL:0.584045827, Val. MSE: 1.874215364, Time_Elapsed:55.6222 secs
Consecutive iterations are:[674, 675, 676]
Exit and Convergence reached after 3 iterations for relative change in NLL below :0.05
Training convergence attained at Epoch: 676!

Saving the best model at epoch=676, with training loss=0.524060939749082, validation loss=0.5706000328063965
------------------------------ Training ends --------------------------------- 

------------------------------ Training begins --------------------------------- 

Config: {'n_states': 32, 'n_obs': 32, 'mu_w': array([0., 0., 0., 0., 0., 0., 0., 0., 0., 0., 0., 0., 0., 0., 0., 0., 0.,
       0., 0., 0., 0., 0., 0., 0., 0., 0., 0., 0., 0., 0., 0., 0.]), 'C_w': None, 'H': array([[1., 0., 0., ..., 0., 0., 0.],
       [0., 1., 0., ..., 0., 0., 0.],
       [0., 0., 1., ..., 0., 0., 0.],
       ...,
       [0., 0., 0., ..., 1., 0., 0.],
       [0., 0., 0., ..., 0., 1., 0.],
       [0., 0., 0., ..., 0., 0., 1.]]), 'mu_x0': array([0., 0., 0., 0., 0., 0., 0., 0., 0., 0., 0., 0., 0., 0., 0., 0., 0.,
       0., 0., 0., 0., 0., 0., 0., 0., 0., 0., 0., 0., 0., 0., 0.]), 'C_x0': array([[1., 0., 0., ..., 0., 0., 0.],
       [0., 1., 0., ..., 0., 0., 0.],
       [0., 0., 1., ..., 0., 0., 0.],
       ...,
       [0., 0., 0., ..., 1., 0., 0.],
       [0., 0., 0., ..., 0., 1., 0.],
       [0., 0., 0., ..., 0., 0., 1.]]), 'batch_size': 64, 'rnn_type': 'gru', 'device': device(type='cuda', index=0), 'rnn_params_dict': {'gru': {'model_type': 'gru', 'input_size': 32, 'output_size': 32, 'n_hidden': 64, 'n_layers': 1, 'lr': 1e-05, 'num_epochs': 2000, 'min_delta': 0.05, 'n_hidden_dense': 64, 'device': device(type='cuda', index=0)}, 'rnn': {'model_type': 'gru', 'input_size': 32, 'output_size': 32, 'n_hidden': 40, 'n_layers': 2, 'lr': 0.001, 'num_epochs': 300, 'min_delta': 0.001, 'n_hidden_dense': 32, 'device': device(type='cuda', index=0)}, 'lstm': {'model_type': 'lstm', 'input_size': 32, 'output_size': 32, 'n_hidden': 40, 'n_layers': 2, 'lr': 0.001, 'num_epochs': 300, 'min_delta': 0.001, 'n_hidden_dense': 32, 'device': device(type='cuda', index=0)}}} 

No. of trainable parameters: 27136

Epoch: 1/2000, Training NLL:1.220809480, Val. NLL:1.275398314, Val. MSE: 5.011105061, Time_Elapsed:0.2798 secs
Epoch: 50/2000, Training NLL:1.169298669, Val. NLL:1.204457164, Val. MSE: 4.827053070, Time_Elapsed:4.0837 secs
Epoch: 100/2000, Training NLL:1.089981536, Val. NLL:1.132638872, Val. MSE: 4.047165036, Time_Elapsed:7.9676 secs
Epoch: 150/2000, Training NLL:0.967157592, Val. NLL:0.971542656, Val. MSE: 3.965238571, Time_Elapsed:11.8463 secs
Epoch: 200/2000, Training NLL:0.822473476, Val. NLL:0.905977517, Val. MSE: 3.426533818, Time_Elapsed:15.7244 secs
Epoch: 250/2000, Training NLL:0.705856125, Val. NLL:0.765576065, Val. MSE: 2.600154638, Time_Elapsed:19.6053 secs
Epoch: 300/2000, Training NLL:0.632722080, Val. NLL:0.674487770, Val. MSE: 2.314310551, Time_Elapsed:23.4810 secs
Epoch: 350/2000, Training NLL:0.587641696, Val. NLL:0.624631643, Val. MSE: 2.229383349, Time_Elapsed:27.3663 secs
Epoch: 400/2000, Training NLL:0.563709418, Val. NLL:0.600164473, Val. MSE: 2.068957925, Time_Elapsed:31.2455 secs
Epoch: 450/2000, Training NLL:0.546687712, Val. NLL:0.603625357, Val. MSE: 1.943278968, Time_Elapsed:35.1257 secs
Epoch: 500/2000, Training NLL:0.533912147, Val. NLL:0.580954015, Val. MSE: 1.860183179, Time_Elapsed:39.0032 secs
Epoch: 550/2000, Training NLL:0.524530242, Val. NLL:0.602661669, Val. MSE: 1.932460189, Time_Elapsed:42.8796 secs
Epoch: 600/2000, Training NLL:0.517692521, Val. NLL:0.533959329, Val. MSE: 1.723917127, Time_Elapsed:46.7616 secs
Epoch: 650/2000, Training NLL:0.509897381, Val. NLL:0.529850185, Val. MSE: 1.722247601, Time_Elapsed:50.6423 secs
Consecutive iterations are:[677, 678, 679]
Exit and Convergence reached after 3 iterations for relative change in NLL below :0.05
Training convergence attained at Epoch: 679!

Saving the best model at epoch=679, with training loss=0.5072278728087743, validation loss=0.5528030395507812
------------------------------ Training ends --------------------------------- 

------------------------------ Training begins --------------------------------- 

Config: {'n_states': 32, 'n_obs': 32, 'mu_w': array([0., 0., 0., 0., 0., 0., 0., 0., 0., 0., 0., 0., 0., 0., 0., 0., 0.,
       0., 0., 0., 0., 0., 0., 0., 0., 0., 0., 0., 0., 0., 0., 0.]), 'C_w': None, 'H': array([[1., 0., 0., ..., 0., 0., 0.],
       [0., 1., 0., ..., 0., 0., 0.],
       [0., 0., 1., ..., 0., 0., 0.],
       ...,
       [0., 0., 0., ..., 1., 0., 0.],
       [0., 0., 0., ..., 0., 1., 0.],
       [0., 0., 0., ..., 0., 0., 1.]]), 'mu_x0': array([0., 0., 0., 0., 0., 0., 0., 0., 0., 0., 0., 0., 0., 0., 0., 0., 0.,
       0., 0., 0., 0., 0., 0., 0., 0., 0., 0., 0., 0., 0., 0., 0.]), 'C_x0': array([[1., 0., 0., ..., 0., 0., 0.],
       [0., 1., 0., ..., 0., 0., 0.],
       [0., 0., 1., ..., 0., 0., 0.],
       ...,
       [0., 0., 0., ..., 1., 0., 0.],
       [0., 0., 0., ..., 0., 1., 0.],
       [0., 0., 0., ..., 0., 0., 1.]]), 'batch_size': 64, 'rnn_type': 'gru', 'device': device(type='cuda', index=0), 'rnn_params_dict': {'gru': {'model_type': 'gru', 'input_size': 32, 'output_size': 32, 'n_hidden': 40, 'n_layers': 2, 'lr': 1e-05, 'num_epochs': 2000, 'min_delta': 0.05, 'n_hidden_dense': 64, 'device': device(type='cuda', index=0)}, 'rnn': {'model_type': 'gru', 'input_size': 32, 'output_size': 32, 'n_hidden': 40, 'n_layers': 2, 'lr': 0.001, 'num_epochs': 300, 'min_delta': 0.001, 'n_hidden_dense': 32, 'device': device(type='cuda', index=0)}, 'lstm': {'model_type': 'lstm', 'input_size': 32, 'output_size': 32, 'n_hidden': 40, 'n_layers': 2, 'lr': 0.001, 'num_epochs': 300, 'min_delta': 0.001, 'n_hidden_dense': 32, 'device': device(type='cuda', index=0)}}} 

No. of trainable parameters: 25504

Epoch: 1/2000, Training NLL:1.218066533, Val. NLL:1.300067663, Val. MSE: 4.876361847, Time_Elapsed:0.2818 secs
Epoch: 50/2000, Training NLL:1.188323975, Val. NLL:1.244018853, Val. MSE: 4.617598534, Time_Elapsed:4.3629 secs
Epoch: 100/2000, Training NLL:1.132951140, Val. NLL:1.129341722, Val. MSE: 4.556078196, Time_Elapsed:8.5169 secs
Epoch: 150/2000, Training NLL:1.038906326, Val. NLL:1.166523814, Val. MSE: 4.325993299, Time_Elapsed:12.6724 secs
Epoch: 200/2000, Training NLL:0.912264168, Val. NLL:0.954906046, Val. MSE: 3.671337366, Time_Elapsed:16.8273 secs
Epoch: 250/2000, Training NLL:0.795650333, Val. NLL:0.843303442, Val. MSE: 3.074423909, Time_Elapsed:20.9838 secs
Epoch: 300/2000, Training NLL:0.712809672, Val. NLL:0.734267205, Val. MSE: 2.626074791, Time_Elapsed:25.1362 secs
Epoch: 350/2000, Training NLL:0.658100943, Val. NLL:0.655253917, Val. MSE: 2.392549515, Time_Elapsed:29.2931 secs
Epoch: 400/2000, Training NLL:0.621331831, Val. NLL:0.589231417, Val. MSE: 1.979890347, Time_Elapsed:33.4485 secs
Epoch: 450/2000, Training NLL:0.594307731, Val. NLL:0.646666080, Val. MSE: 2.182379365, Time_Elapsed:37.6984 secs
Epoch: 500/2000, Training NLL:0.572523842, Val. NLL:0.596140802, Val. MSE: 1.999059737, Time_Elapsed:42.4239 secs
Epoch: 550/2000, Training NLL:0.557510376, Val. NLL:0.574144244, Val. MSE: 1.893501997, Time_Elapsed:47.3715 secs
Epoch: 600/2000, Training NLL:0.545420210, Val. NLL:0.581388623, Val. MSE: 1.856222928, Time_Elapsed:52.2451 secs
Epoch: 650/2000, Training NLL:0.537622641, Val. NLL:0.594955295, Val. MSE: 1.862703919, Time_Elapsed:56.9680 secs
Consecutive iterations are:[670, 671, 672]
Exit and Convergence reached after 3 iterations for relative change in NLL below :0.05
Training convergence attained at Epoch: 672!

Saving the best model at epoch=672, with training loss=0.5351467529932658, validation loss=0.5936507284641266
------------------------------ Training ends --------------------------------- 

------------------------------ Training begins --------------------------------- 

Config: {'n_states': 32, 'n_obs': 32, 'mu_w': array([0., 0., 0., 0., 0., 0., 0., 0., 0., 0., 0., 0., 0., 0., 0., 0., 0.,
       0., 0., 0., 0., 0., 0., 0., 0., 0., 0., 0., 0., 0., 0., 0.]), 'C_w': None, 'H': array([[1., 0., 0., ..., 0., 0., 0.],
       [0., 1., 0., ..., 0., 0., 0.],
       [0., 0., 1., ..., 0., 0., 0.],
       ...,
       [0., 0., 0., ..., 1., 0., 0.],
       [0., 0., 0., ..., 0., 1., 0.],
       [0., 0., 0., ..., 0., 0., 1.]]), 'mu_x0': array([0., 0., 0., 0., 0., 0., 0., 0., 0., 0., 0., 0., 0., 0., 0., 0., 0.,
       0., 0., 0., 0., 0., 0., 0., 0., 0., 0., 0., 0., 0., 0., 0.]), 'C_x0': array([[1., 0., 0., ..., 0., 0., 0.],
       [0., 1., 0., ..., 0., 0., 0.],
       [0., 0., 1., ..., 0., 0., 0.],
       ...,
       [0., 0., 0., ..., 1., 0., 0.],
       [0., 0., 0., ..., 0., 1., 0.],
       [0., 0., 0., ..., 0., 0., 1.]]), 'batch_size': 64, 'rnn_type': 'gru', 'device': device(type='cuda', index=0), 'rnn_params_dict': {'gru': {'model_type': 'gru', 'input_size': 32, 'output_size': 32, 'n_hidden': 20, 'n_layers': 1, 'lr': 1e-05, 'num_epochs': 2000, 'min_delta': 0.05, 'n_hidden_dense': 32, 'device': device(type='cuda', index=0)}, 'rnn': {'model_type': 'gru', 'input_size': 32, 'output_size': 32, 'n_hidden': 40, 'n_layers': 2, 'lr': 0.001, 'num_epochs': 300, 'min_delta': 0.001, 'n_hidden_dense': 32, 'device': device(type='cuda', index=0)}, 'lstm': {'model_type': 'lstm', 'input_size': 32, 'output_size': 32, 'n_hidden': 40, 'n_layers': 2, 'lr': 0.001, 'num_epochs': 300, 'min_delta': 0.001, 'n_hidden_dense': 32, 'device': device(type='cuda', index=0)}}} 

No. of trainable parameters: 6024

Epoch: 1/2000, Training NLL:1.247919639, Val. NLL:1.267035425, Val. MSE: 4.922646046, Time_Elapsed:0.2829 secs
Epoch: 50/2000, Training NLL:1.231616378, Val. NLL:1.242137313, Val. MSE: 4.968891859, Time_Elapsed:4.1073 secs
Epoch: 100/2000, Training NLL:1.211013198, Val. NLL:1.211352110, Val. MSE: 4.674596310, Time_Elapsed:7.9972 secs
Epoch: 150/2000, Training NLL:1.185626288, Val. NLL:1.223193765, Val. MSE: 4.726208687, Time_Elapsed:11.8881 secs
Epoch: 200/2000, Training NLL:1.158314029, Val. NLL:1.178053498, Val. MSE: 4.500822067, Time_Elapsed:15.7788 secs
Epoch: 250/2000, Training NLL:1.123425464, Val. NLL:1.189970016, Val. MSE: 4.706219673, Time_Elapsed:19.6692 secs
Epoch: 300/2000, Training NLL:1.081655979, Val. NLL:1.141955018, Val. MSE: 4.323761463, Time_Elapsed:23.5580 secs
Epoch: 350/2000, Training NLL:1.036904037, Val. NLL:1.088054240, Val. MSE: 4.092566252, Time_Elapsed:27.5817 secs
Epoch: 400/2000, Training NLL:0.994422803, Val. NLL:1.054674208, Val. MSE: 4.093531966, Time_Elapsed:32.0388 secs
Epoch: 450/2000, Training NLL:0.949319591, Val. NLL:0.998183787, Val. MSE: 3.730795383, Time_Elapsed:36.3725 secs
Epoch: 500/2000, Training NLL:0.906008164, Val. NLL:0.956266880, Val. MSE: 3.652340651, Time_Elapsed:40.5026 secs
Epoch: 550/2000, Training NLL:0.867380192, Val. NLL:0.851864100, Val. MSE: 3.088672638, Time_Elapsed:44.3918 secs
Epoch: 600/2000, Training NLL:0.824477504, Val. NLL:0.861768514, Val. MSE: 3.110720992, Time_Elapsed:48.2816 secs
Epoch: 650/2000, Training NLL:0.788594435, Val. NLL:0.907540917, Val. MSE: 3.298160195, Time_Elapsed:52.1705 secs
Consecutive iterations are:[671, 672, 673]
Exit and Convergence reached after 3 iterations for relative change in NLL below :0.05
Training convergence attained at Epoch: 673!

Saving the best model at epoch=673, with training loss=0.7726381719112396, validation loss=0.8110002875328064
------------------------------ Training ends --------------------------------- 

------------------------------ Training begins --------------------------------- 

Config: {'n_states': 32, 'n_obs': 32, 'mu_w': array([0., 0., 0., 0., 0., 0., 0., 0., 0., 0., 0., 0., 0., 0., 0., 0., 0.,
       0., 0., 0., 0., 0., 0., 0., 0., 0., 0., 0., 0., 0., 0., 0.]), 'C_w': None, 'H': array([[1., 0., 0., ..., 0., 0., 0.],
       [0., 1., 0., ..., 0., 0., 0.],
       [0., 0., 1., ..., 0., 0., 0.],
       ...,
       [0., 0., 0., ..., 1., 0., 0.],
       [0., 0., 0., ..., 0., 1., 0.],
       [0., 0., 0., ..., 0., 0., 1.]]), 'mu_x0': array([0., 0., 0., 0., 0., 0., 0., 0., 0., 0., 0., 0., 0., 0., 0., 0., 0.,
       0., 0., 0., 0., 0., 0., 0., 0., 0., 0., 0., 0., 0., 0., 0.]), 'C_x0': array([[1., 0., 0., ..., 0., 0., 0.],
       [0., 1., 0., ..., 0., 0., 0.],
       [0., 0., 1., ..., 0., 0., 0.],
       ...,
       [0., 0., 0., ..., 1., 0., 0.],
       [0., 0., 0., ..., 0., 1., 0.],
       [0., 0., 0., ..., 0., 0., 1.]]), 'batch_size': 64, 'rnn_type': 'gru', 'device': device(type='cuda', index=0), 'rnn_params_dict': {'gru': {'model_type': 'gru', 'input_size': 32, 'output_size': 32, 'n_hidden': 128, 'n_layers': 1, 'lr': 1e-05, 'num_epochs': 2000, 'min_delta': 0.05, 'n_hidden_dense': 64, 'device': device(type='cuda', index=0)}, 'rnn': {'model_type': 'gru', 'input_size': 32, 'output_size': 32, 'n_hidden': 40, 'n_layers': 2, 'lr': 0.001, 'num_epochs': 300, 'min_delta': 0.001, 'n_hidden_dense': 32, 'device': device(type='cuda', index=0)}, 'lstm': {'model_type': 'lstm', 'input_size': 32, 'output_size': 32, 'n_hidden': 40, 'n_layers': 2, 'lr': 0.001, 'num_epochs': 300, 'min_delta': 0.001, 'n_hidden_dense': 32, 'device': device(type='cuda', index=0)}}} 

No. of trainable parameters: 74624

Epoch: 1/2000, Training NLL:1.229449352, Val. NLL:1.261266410, Val. MSE: 5.078186750, Time_Elapsed:0.2762 secs
Epoch: 50/2000, Training NLL:1.162461281, Val. NLL:1.217715323, Val. MSE: 4.946772337, Time_Elapsed:4.3529 secs
Epoch: 100/2000, Training NLL:1.030011863, Val. NLL:1.035432696, Val. MSE: 3.959716320, Time_Elapsed:9.0220 secs
Epoch: 150/2000, Training NLL:0.854452451, Val. NLL:0.882450908, Val. MSE: 3.275778294, Time_Elapsed:13.6522 secs
Epoch: 200/2000, Training NLL:0.723311484, Val. NLL:0.774069041, Val. MSE: 2.819524765, Time_Elapsed:18.1826 secs
Epoch: 250/2000, Training NLL:0.648863276, Val. NLL:0.653099656, Val. MSE: 2.219253302, Time_Elapsed:22.8424 secs
Epoch: 300/2000, Training NLL:0.599142452, Val. NLL:0.623787850, Val. MSE: 2.069384038, Time_Elapsed:27.1635 secs
Epoch: 350/2000, Training NLL:0.565803419, Val. NLL:0.550621197, Val. MSE: 1.812842548, Time_Elapsed:31.9101 secs
Epoch: 400/2000, Training NLL:0.544661750, Val. NLL:0.618565828, Val. MSE: 2.067508638, Time_Elapsed:36.1660 secs
Epoch: 450/2000, Training NLL:0.529289032, Val. NLL:0.581514627, Val. MSE: 1.875620008, Time_Elapsed:40.6542 secs
Epoch: 500/2000, Training NLL:0.515210037, Val. NLL:0.573688567, Val. MSE: 1.877647161, Time_Elapsed:44.9957 secs
Epoch: 550/2000, Training NLL:0.503151198, Val. NLL:0.511441588, Val. MSE: 1.652360022, Time_Elapsed:49.5903 secs
Epoch: 600/2000, Training NLL:0.492198313, Val. NLL:0.552587807, Val. MSE: 1.898234189, Time_Elapsed:53.8881 secs
Epoch: 650/2000, Training NLL:0.481594180, Val. NLL:0.495123953, Val. MSE: 1.661777318, Time_Elapsed:58.3749 secs
Consecutive iterations are:[673, 674, 675]
Exit and Convergence reached after 3 iterations for relative change in NLL below :0.05
Training convergence attained at Epoch: 675!

Saving the best model at epoch=675, with training loss=0.4762076636155446, validation loss=0.5179772078990936
------------------------------ Training ends --------------------------------- 

------------------------------ Training begins --------------------------------- 

Config: {'n_states': 32, 'n_obs': 32, 'mu_w': array([0., 0., 0., 0., 0., 0., 0., 0., 0., 0., 0., 0., 0., 0., 0., 0., 0.,
       0., 0., 0., 0., 0., 0., 0., 0., 0., 0., 0., 0., 0., 0., 0.]), 'C_w': None, 'H': array([[1., 0., 0., ..., 0., 0., 0.],
       [0., 1., 0., ..., 0., 0., 0.],
       [0., 0., 1., ..., 0., 0., 0.],
       ...,
       [0., 0., 0., ..., 1., 0., 0.],
       [0., 0., 0., ..., 0., 1., 0.],
       [0., 0., 0., ..., 0., 0., 1.]]), 'mu_x0': array([0., 0., 0., 0., 0., 0., 0., 0., 0., 0., 0., 0., 0., 0., 0., 0., 0.,
       0., 0., 0., 0., 0., 0., 0., 0., 0., 0., 0., 0., 0., 0., 0.]), 'C_x0': array([[1., 0., 0., ..., 0., 0., 0.],
       [0., 1., 0., ..., 0., 0., 0.],
       [0., 0., 1., ..., 0., 0., 0.],
       ...,
       [0., 0., 0., ..., 1., 0., 0.],
       [0., 0., 0., ..., 0., 1., 0.],
       [0., 0., 0., ..., 0., 0., 1.]]), 'batch_size': 64, 'rnn_type': 'gru', 'device': device(type='cuda', index=0), 'rnn_params_dict': {'gru': {'model_type': 'gru', 'input_size': 32, 'output_size': 32, 'n_hidden': 128, 'n_layers': 1, 'lr': 1e-05, 'num_epochs': 2000, 'min_delta': 0.05, 'n_hidden_dense': 128, 'device': device(type='cuda', index=0)}, 'rnn': {'model_type': 'gru', 'input_size': 32, 'output_size': 32, 'n_hidden': 40, 'n_layers': 2, 'lr': 0.001, 'num_epochs': 300, 'min_delta': 0.001, 'n_hidden_dense': 32, 'device': device(type='cuda', index=0)}, 'lstm': {'model_type': 'lstm', 'input_size': 32, 'output_size': 32, 'n_hidden': 40, 'n_layers': 2, 'lr': 0.001, 'num_epochs': 300, 'min_delta': 0.001, 'n_hidden_dense': 32, 'device': device(type='cuda', index=0)}}} 

No. of trainable parameters: 86976

Epoch: 1/2000, Training NLL:1.253548324, Val. NLL:1.329216063, Val. MSE: 4.840975523, Time_Elapsed:0.2905 secs
Epoch: 50/2000, Training NLL:1.147505959, Val. NLL:1.211397171, Val. MSE: 4.678587437, Time_Elapsed:4.1334 secs
Epoch: 100/2000, Training NLL:0.926422993, Val. NLL:0.951040208, Val. MSE: 3.756108999, Time_Elapsed:8.0386 secs
Epoch: 150/2000, Training NLL:0.674737573, Val. NLL:0.725526661, Val. MSE: 2.641860247, Time_Elapsed:11.9368 secs
Epoch: 200/2000, Training NLL:0.583369911, Val. NLL:0.591315210, Val. MSE: 2.034314871, Time_Elapsed:15.8348 secs
Epoch: 250/2000, Training NLL:0.545198053, Val. NLL:0.549079657, Val. MSE: 1.856850803, Time_Elapsed:19.7355 secs
Epoch: 300/2000, Training NLL:0.523062795, Val. NLL:0.552242815, Val. MSE: 1.827599347, Time_Elapsed:23.6332 secs
Epoch: 350/2000, Training NLL:0.507182688, Val. NLL:0.504103839, Val. MSE: 1.687644541, Time_Elapsed:27.6630 secs
Epoch: 400/2000, Training NLL:0.495884349, Val. NLL:0.546970189, Val. MSE: 1.883278310, Time_Elapsed:32.0445 secs
Epoch: 450/2000, Training NLL:0.481884167, Val. NLL:0.513654441, Val. MSE: 1.774848580, Time_Elapsed:35.9455 secs
Epoch: 500/2000, Training NLL:0.466538499, Val. NLL:0.509155512, Val. MSE: 1.803188980, Time_Elapsed:39.8472 secs
Epoch: 550/2000, Training NLL:0.450060661, Val. NLL:0.512806952, Val. MSE: 1.777985752, Time_Elapsed:43.9159 secs
Epoch: 600/2000, Training NLL:0.431631739, Val. NLL:0.477985576, Val. MSE: 1.696987808, Time_Elapsed:48.4498 secs
Epoch: 650/2000, Training NLL:0.414376135, Val. NLL:0.449199051, Val. MSE: 1.611153007, Time_Elapsed:52.8887 secs
Consecutive iterations are:[676, 677, 678]
Exit and Convergence reached after 3 iterations for relative change in NLL below :0.05
Training convergence attained at Epoch: 678!

Saving the best model at epoch=678, with training loss=0.4047992279132207, validation loss=0.4404522478580475
------------------------------ Training ends --------------------------------- 

------------------------------ Training begins --------------------------------- 

Config: {'n_states': 32, 'n_obs': 32, 'mu_w': array([0., 0., 0., 0., 0., 0., 0., 0., 0., 0., 0., 0., 0., 0., 0., 0., 0.,
       0., 0., 0., 0., 0., 0., 0., 0., 0., 0., 0., 0., 0., 0., 0.]), 'C_w': None, 'H': array([[1., 0., 0., ..., 0., 0., 0.],
       [0., 1., 0., ..., 0., 0., 0.],
       [0., 0., 1., ..., 0., 0., 0.],
       ...,
       [0., 0., 0., ..., 1., 0., 0.],
       [0., 0., 0., ..., 0., 1., 0.],
       [0., 0., 0., ..., 0., 0., 1.]]), 'mu_x0': array([0., 0., 0., 0., 0., 0., 0., 0., 0., 0., 0., 0., 0., 0., 0., 0., 0.,
       0., 0., 0., 0., 0., 0., 0., 0., 0., 0., 0., 0., 0., 0., 0.]), 'C_x0': array([[1., 0., 0., ..., 0., 0., 0.],
       [0., 1., 0., ..., 0., 0., 0.],
       [0., 0., 1., ..., 0., 0., 0.],
       ...,
       [0., 0., 0., ..., 1., 0., 0.],
       [0., 0., 0., ..., 0., 1., 0.],
       [0., 0., 0., ..., 0., 0., 1.]]), 'batch_size': 64, 'rnn_type': 'gru', 'device': device(type='cuda', index=0), 'rnn_params_dict': {'gru': {'model_type': 'gru', 'input_size': 32, 'output_size': 32, 'n_hidden': 256, 'n_layers': 1, 'lr': 1e-05, 'num_epochs': 2000, 'min_delta': 0.05, 'n_hidden_dense': 128, 'device': device(type='cuda', index=0)}, 'rnn': {'model_type': 'gru', 'input_size': 32, 'output_size': 32, 'n_hidden': 40, 'n_layers': 2, 'lr': 0.001, 'num_epochs': 300, 'min_delta': 0.001, 'n_hidden_dense': 32, 'device': device(type='cuda', index=0)}, 'lstm': {'model_type': 'lstm', 'input_size': 32, 'output_size': 32, 'n_hidden': 40, 'n_layers': 2, 'lr': 0.001, 'num_epochs': 300, 'min_delta': 0.001, 'n_hidden_dense': 32, 'device': device(type='cuda', index=0)}}} 

No. of trainable parameters: 263872

Epoch: 1/2000, Training NLL:1.230281969, Val. NLL:1.248381257, Val. MSE: 4.716071129, Time_Elapsed:0.2769 secs
Epoch: 50/2000, Training NLL:1.020045420, Val. NLL:0.984488606, Val. MSE: 3.648085952, Time_Elapsed:4.1076 secs
Epoch: 100/2000, Training NLL:0.643960555, Val. NLL:0.701760769, Val. MSE: 2.617920756, Time_Elapsed:8.2814 secs
Epoch: 150/2000, Training NLL:0.556608995, Val. NLL:0.605999053, Val. MSE: 2.084069133, Time_Elapsed:12.5413 secs
Epoch: 200/2000, Training NLL:0.523172369, Val. NLL:0.586903155, Val. MSE: 1.956986368, Time_Elapsed:17.0913 secs
Epoch: 250/2000, Training NLL:0.495768492, Val. NLL:0.528116107, Val. MSE: 1.794701457, Time_Elapsed:21.5523 secs
Epoch: 300/2000, Training NLL:0.469135438, Val. NLL:0.500611573, Val. MSE: 1.707386851, Time_Elapsed:26.0451 secs
Epoch: 350/2000, Training NLL:0.441718881, Val. NLL:0.480780840, Val. MSE: 1.724903822, Time_Elapsed:30.5611 secs
Epoch: 400/2000, Training NLL:0.413860023, Val. NLL:0.474498346, Val. MSE: 1.762941837, Time_Elapsed:35.0836 secs
Epoch: 450/2000, Training NLL:0.385308608, Val. NLL:0.407191649, Val. MSE: 1.614574194, Time_Elapsed:39.4167 secs
Epoch: 500/2000, Training NLL:0.358575821, Val. NLL:0.384856254, Val. MSE: 1.612439096, Time_Elapsed:43.8953 secs
Epoch: 550/2000, Training NLL:0.330202356, Val. NLL:0.348772481, Val. MSE: 1.593265474, Time_Elapsed:47.8424 secs
Epoch: 600/2000, Training NLL:0.300318023, Val. NLL:0.391958937, Val. MSE: 1.801815748, Time_Elapsed:51.6974 secs
Epoch: 650/2000, Training NLL:0.272106327, Val. NLL:0.351316407, Val. MSE: 1.764785051, Time_Elapsed:55.5541 secs
Consecutive iterations are:[673, 674, 675]
Exit and Convergence reached after 3 iterations for relative change in NLL below :0.05
Training convergence attained at Epoch: 675!

Saving the best model at epoch=675, with training loss=0.2561364124218623, validation loss=0.30238592624664307
------------------------------ Training ends --------------------------------- 

------------------------------ Training begins --------------------------------- 

Config: {'n_states': 32, 'n_obs': 32, 'mu_w': array([0., 0., 0., 0., 0., 0., 0., 0., 0., 0., 0., 0., 0., 0., 0., 0., 0.,
       0., 0., 0., 0., 0., 0., 0., 0., 0., 0., 0., 0., 0., 0., 0.]), 'C_w': None, 'H': array([[1., 0., 0., ..., 0., 0., 0.],
       [0., 1., 0., ..., 0., 0., 0.],
       [0., 0., 1., ..., 0., 0., 0.],
       ...,
       [0., 0., 0., ..., 1., 0., 0.],
       [0., 0., 0., ..., 0., 1., 0.],
       [0., 0., 0., ..., 0., 0., 1.]]), 'mu_x0': array([0., 0., 0., 0., 0., 0., 0., 0., 0., 0., 0., 0., 0., 0., 0., 0., 0.,
       0., 0., 0., 0., 0., 0., 0., 0., 0., 0., 0., 0., 0., 0., 0.]), 'C_x0': array([[1., 0., 0., ..., 0., 0., 0.],
       [0., 1., 0., ..., 0., 0., 0.],
       [0., 0., 1., ..., 0., 0., 0.],
       ...,
       [0., 0., 0., ..., 1., 0., 0.],
       [0., 0., 0., ..., 0., 1., 0.],
       [0., 0., 0., ..., 0., 0., 1.]]), 'batch_size': 64, 'rnn_type': 'gru', 'device': device(type='cuda', index=0), 'rnn_params_dict': {'gru': {'model_type': 'gru', 'input_size': 32, 'output_size': 32, 'n_hidden': 1024, 'n_layers': 3, 'lr': 1e-06, 'num_epochs': 2000, 'min_delta': 0.05, 'n_hidden_dense': 64, 'device': device(type='cuda', index=0)}, 'rnn': {'model_type': 'gru', 'input_size': 32, 'output_size': 32, 'n_hidden': 40, 'n_layers': 2, 'lr': 0.001, 'num_epochs': 300, 'min_delta': 0.001, 'n_hidden_dense': 32, 'device': device(type='cuda', index=0)}, 'lstm': {'model_type': 'lstm', 'input_size': 32, 'output_size': 32, 'n_hidden': 40, 'n_layers': 2, 'lr': 0.001, 'num_epochs': 300, 'min_delta': 0.001, 'n_hidden_dense': 32, 'device': device(type='cuda', index=0)}}} 

No. of trainable parameters: 15915136

Epoch: 1/2000, Training NLL:1.223434627, Val. NLL:1.187300801, Val. MSE: 4.471200824, Time_Elapsed:0.3971 secs
Epoch: 50/2000, Training NLL:1.176669697, Val. NLL:1.191276550, Val. MSE: 4.810817242, Time_Elapsed:10.9873 secs
Epoch: 100/2000, Training NLL:1.039837321, Val. NLL:1.085432887, Val. MSE: 4.305525064, Time_Elapsed:21.9484 secs
Epoch: 150/2000, Training NLL:0.957799782, Val. NLL:0.973592788, Val. MSE: 3.734935760, Time_Elapsed:33.2038 secs
Epoch: 200/2000, Training NLL:0.917212129, Val. NLL:0.937883973, Val. MSE: 3.682908177, Time_Elapsed:44.6118 secs
Epoch: 250/2000, Training NLL:0.888702224, Val. NLL:0.905730724, Val. MSE: 3.468549252, Time_Elapsed:55.9800 secs
Epoch: 300/2000, Training NLL:0.857489665, Val. NLL:0.899385154, Val. MSE: 3.406930327, Time_Elapsed:67.1853 secs
Epoch: 350/2000, Training NLL:0.835346649, Val. NLL:0.843548536, Val. MSE: 3.049837232, Time_Elapsed:78.4296 secs
Epoch: 400/2000, Training NLL:0.815921853, Val. NLL:0.845445216, Val. MSE: 3.177718282, Time_Elapsed:89.9764 secs
Epoch: 450/2000, Training NLL:0.796658903, Val. NLL:0.851733595, Val. MSE: 3.297894597, Time_Elapsed:101.5081 secs
Epoch: 500/2000, Training NLL:0.780558894, Val. NLL:0.786506057, Val. MSE: 2.904426813, Time_Elapsed:112.9100 secs
Epoch: 550/2000, Training NLL:0.767923574, Val. NLL:0.843122900, Val. MSE: 3.181445479, Time_Elapsed:124.3143 secs
Epoch: 600/2000, Training NLL:0.751103053, Val. NLL:0.777033597, Val. MSE: 2.847616076, Time_Elapsed:135.6806 secs
Epoch: 650/2000, Training NLL:0.730186790, Val. NLL:0.779849201, Val. MSE: 2.872304082, Time_Elapsed:147.3774 secs
Consecutive iterations are:[672, 673, 674]
Exit and Convergence reached after 3 iterations for relative change in NLL below :0.05
Training convergence attained at Epoch: 674!

Saving the best model at epoch=674, with training loss=0.7223887741565704, validation loss=0.7823746502399445
------------------------------ Training ends --------------------------------- 

------------------------------ Training begins --------------------------------- 

Config: {'n_states': 32, 'n_obs': 32, 'mu_w': array([0., 0., 0., 0., 0., 0., 0., 0., 0., 0., 0., 0., 0., 0., 0., 0., 0.,
       0., 0., 0., 0., 0., 0., 0., 0., 0., 0., 0., 0., 0., 0., 0.]), 'C_w': None, 'H': array([[1., 0., 0., ..., 0., 0., 0.],
       [0., 1., 0., ..., 0., 0., 0.],
       [0., 0., 1., ..., 0., 0., 0.],
       ...,
       [0., 0., 0., ..., 1., 0., 0.],
       [0., 0., 0., ..., 0., 1., 0.],
       [0., 0., 0., ..., 0., 0., 1.]]), 'mu_x0': array([0., 0., 0., 0., 0., 0., 0., 0., 0., 0., 0., 0., 0., 0., 0., 0., 0.,
       0., 0., 0., 0., 0., 0., 0., 0., 0., 0., 0., 0., 0., 0., 0.]), 'C_x0': array([[1., 0., 0., ..., 0., 0., 0.],
       [0., 1., 0., ..., 0., 0., 0.],
       [0., 0., 1., ..., 0., 0., 0.],
       ...,
       [0., 0., 0., ..., 1., 0., 0.],
       [0., 0., 0., ..., 0., 1., 0.],
       [0., 0., 0., ..., 0., 0., 1.]]), 'batch_size': 64, 'rnn_type': 'gru', 'device': device(type='cuda', index=0), 'rnn_params_dict': {'gru': {'model_type': 'gru', 'input_size': 32, 'output_size': 32, 'n_hidden': 64, 'n_layers': 1, 'lr': 1e-05, 'num_epochs': 2000, 'min_delta': 0.05, 'n_hidden_dense': 64, 'device': device(type='cuda', index=0)}, 'rnn': {'model_type': 'gru', 'input_size': 32, 'output_size': 32, 'n_hidden': 40, 'n_layers': 2, 'lr': 0.001, 'num_epochs': 300, 'min_delta': 0.001, 'n_hidden_dense': 32, 'device': device(type='cuda', index=0)}, 'lstm': {'model_type': 'lstm', 'input_size': 32, 'output_size': 32, 'n_hidden': 40, 'n_layers': 2, 'lr': 0.001, 'num_epochs': 300, 'min_delta': 0.001, 'n_hidden_dense': 32, 'device': device(type='cuda', index=0)}}} 

No. of trainable parameters: 27136

Epoch: 1/2000, Training NLL:1.220809480, Val. NLL:1.275398314, Val. MSE: 5.011105061, Time_Elapsed:0.3642 secs
Epoch: 50/2000, Training NLL:1.169298669, Val. NLL:1.204457164, Val. MSE: 4.827053070, Time_Elapsed:5.2391 secs
Epoch: 100/2000, Training NLL:1.089981536, Val. NLL:1.132638872, Val. MSE: 4.047165036, Time_Elapsed:10.2739 secs
Epoch: 150/2000, Training NLL:0.967157592, Val. NLL:0.971542656, Val. MSE: 3.965238571, Time_Elapsed:15.3411 secs
Epoch: 200/2000, Training NLL:0.822473476, Val. NLL:0.905977517, Val. MSE: 3.426533818, Time_Elapsed:20.3553 secs
Epoch: 250/2000, Training NLL:0.705856125, Val. NLL:0.765576065, Val. MSE: 2.600154638, Time_Elapsed:25.3304 secs
Epoch: 300/2000, Training NLL:0.632722080, Val. NLL:0.674487770, Val. MSE: 2.314310551, Time_Elapsed:30.3803 secs
Epoch: 350/2000, Training NLL:0.587641696, Val. NLL:0.624631643, Val. MSE: 2.229383349, Time_Elapsed:35.3540 secs
Epoch: 400/2000, Training NLL:0.563709418, Val. NLL:0.600164473, Val. MSE: 2.068957925, Time_Elapsed:40.3051 secs
Epoch: 450/2000, Training NLL:0.546687712, Val. NLL:0.603625357, Val. MSE: 1.943278968, Time_Elapsed:45.3644 secs
Epoch: 500/2000, Training NLL:0.533912147, Val. NLL:0.580954015, Val. MSE: 1.860183179, Time_Elapsed:50.3986 secs
Epoch: 550/2000, Training NLL:0.524530242, Val. NLL:0.602661669, Val. MSE: 1.932460189, Time_Elapsed:55.4062 secs
Epoch: 600/2000, Training NLL:0.517692521, Val. NLL:0.533959329, Val. MSE: 1.723917127, Time_Elapsed:60.3814 secs
Epoch: 650/2000, Training NLL:0.509897381, Val. NLL:0.529850185, Val. MSE: 1.722247601, Time_Elapsed:65.3617 secs
Consecutive iterations are:[677, 678, 679]
Exit and Convergence reached after 3 iterations for relative change in NLL below :0.05
Training convergence attained at Epoch: 679!

Saving the best model at epoch=679, with training loss=0.5072278728087743, validation loss=0.5528030395507812
------------------------------ Training ends --------------------------------- 

