------------------------------ Training begins --------------------------------- 

Config: {'n_states': 9, 'n_obs': 9, 'mu_w': array([0., 0., 0., 0., 0., 0., 0., 0., 0.]), 'C_w': None, 'H': array([[1., 0., 0., 0., 0., 0., 0., 0., 0.],
       [0., 1., 0., 0., 0., 0., 0., 0., 0.],
       [0., 0., 1., 0., 0., 0., 0., 0., 0.],
       [0., 0., 0., 1., 0., 0., 0., 0., 0.],
       [0., 0., 0., 0., 1., 0., 0., 0., 0.],
       [0., 0., 0., 0., 0., 1., 0., 0., 0.],
       [0., 0., 0., 0., 0., 0., 1., 0., 0.],
       [0., 0., 0., 0., 0., 0., 0., 1., 0.],
       [0., 0., 0., 0., 0., 0., 0., 0., 1.]]), 'mu_x0': array([0., 0., 0., 0., 0., 0., 0., 0., 0.]), 'C_x0': array([[1., 0., 0., 0., 0., 0., 0., 0., 0.],
       [0., 1., 0., 0., 0., 0., 0., 0., 0.],
       [0., 0., 1., 0., 0., 0., 0., 0., 0.],
       [0., 0., 0., 1., 0., 0., 0., 0., 0.],
       [0., 0., 0., 0., 1., 0., 0., 0., 0.],
       [0., 0., 0., 0., 0., 1., 0., 0., 0.],
       [0., 0., 0., 0., 0., 0., 1., 0., 0.],
       [0., 0., 0., 0., 0., 0., 0., 1., 0.],
       [0., 0., 0., 0., 0., 0., 0., 0., 1.]]), 'batch_size': 64, 'rnn_type': 'gru', 'device': device(type='cuda', index=0), 'rnn_params_dict': {'gru': {'model_type': 'gru', 'input_size': 9, 'output_size': 9, 'n_hidden': 30, 'n_layers': 1, 'lr': 0.01, 'num_epochs': 2000, 'min_delta': 0.05, 'n_hidden_dense': 32, 'device': device(type='cuda', index=0)}, 'rnn': {'model_type': 'gru', 'input_size': 9, 'output_size': 9, 'n_hidden': 40, 'n_layers': 2, 'lr': 0.001, 'num_epochs': 300, 'min_delta': 0.001, 'n_hidden_dense': 32, 'device': device(type='cuda', index=0)}, 'lstm': {'model_type': 'lstm', 'input_size': 9, 'output_size': 9, 'n_hidden': 40, 'n_layers': 2, 'lr': 0.001, 'num_epochs': 300, 'min_delta': 0.001, 'n_hidden_dense': 32, 'device': device(type='cuda', index=0)}}} 

No. of trainable parameters: 5276

Epoch: 1/2000, Training NLL:1.121352250, Val. NLL:0.998384595, Val. MSE: 6.959996065, Time_Elapsed:0.3819 secs
Epoch: 50/2000, Training NLL:0.722873047, Val. NLL:0.785539885, Val. MSE: 14.202515920, Time_Elapsed:8.0930 secs
Epoch: 100/2000, Training NLL:0.707119291, Val. NLL:0.805018703, Val. MSE: 14.622447650, Time_Elapsed:16.0442 secs
Epoch: 150/2000, Training NLL:0.698772227, Val. NLL:0.824166755, Val. MSE: 14.991341273, Time_Elapsed:23.8691 secs
Epoch: 200/2000, Training NLL:0.693037222, Val. NLL:0.829732358, Val. MSE: 15.043925921, Time_Elapsed:31.7824 secs
Epoch: 250/2000, Training NLL:0.691643129, Val. NLL:0.839554509, Val. MSE: 15.280467987, Time_Elapsed:39.7266 secs
Epoch: 300/2000, Training NLL:0.690092996, Val. NLL:0.851021369, Val. MSE: 15.389726639, Time_Elapsed:47.5256 secs
Epoch: 350/2000, Training NLL:0.687858914, Val. NLL:0.843939622, Val. MSE: 15.348678271, Time_Elapsed:55.5731 secs
Epoch: 400/2000, Training NLL:0.685438504, Val. NLL:0.850155969, Val. MSE: 15.570076307, Time_Elapsed:63.4764 secs
Epoch: 450/2000, Training NLL:0.683329056, Val. NLL:0.856574575, Val. MSE: 15.170578639, Time_Elapsed:71.3846 secs
Epoch: 500/2000, Training NLL:0.681456228, Val. NLL:0.862343669, Val. MSE: 15.141584714, Time_Elapsed:79.2677 secs
Epoch: 550/2000, Training NLL:0.678470686, Val. NLL:0.870130320, Val. MSE: 15.490484873, Time_Elapsed:87.1908 secs
Epoch: 600/2000, Training NLL:0.686313719, Val. NLL:0.868955354, Val. MSE: 15.471292814, Time_Elapsed:95.1180 secs
Epoch: 650/2000, Training NLL:0.681289807, Val. NLL:0.868037562, Val. MSE: 15.364267031, Time_Elapsed:102.9450 secs
Consecutive iterations are:[669, 670, 671]
Exit and Convergence reached after 3 iterations for relative change in NLL below :0.05
Training convergence attained at Epoch: 671!

Saving the best model at epoch=671, with training loss=0.6777170052131017, validation loss=0.8780118425687155
------------------------------ Training ends --------------------------------- 

