------------------------------ Training begins --------------------------------- 

Config: {'n_states': 3, 'n_obs': 3, 'mu_w': array([0., 0., 0.]), 'C_w': array([[2148.67040543,    0.        ,    0.        ],
       [   0.        , 2148.67040543,    0.        ],
       [   0.        ,    0.        , 2148.67040543]]), 'H': array([[1., 0., 0.],
       [0., 1., 0.],
       [0., 0., 1.]]), 'mu_x0': array([0., 0., 0.]), 'C_x0': array([[1., 0., 0.],
       [0., 1., 0.],
       [0., 0., 1.]]), 'batch_size': 64, 'rnn_type': 'gru', 'device': device(type='cpu'), 'rnn_params_dict': {'gru': {'model_type': 'gru', 'input_size': 3, 'output_size': 3, 'n_hidden': 30, 'n_layers': 1, 'lr': 0.01, 'num_epochs': 2000, 'min_delta': 0.05, 'n_hidden_dense': 32, 'device': device(type='cpu')}, 'rnn': {'model_type': 'gru', 'input_size': 3, 'output_size': 3, 'n_hidden': 40, 'n_layers': 2, 'lr': 0.001, 'num_epochs': 300, 'min_delta': 0.001, 'n_hidden_dense': 32, 'device': device(type='cpu')}, 'lstm': {'model_type': 'lstm', 'input_size': 3, 'output_size': 3, 'n_hidden': 40, 'n_layers': 2, 'lr': 0.001, 'num_epochs': 300, 'min_delta': 0.001, 'n_hidden_dense': 32, 'device': device(type='cpu')}}} 

No. of trainable parameters: 4340

Epoch: 1/2000, Training NLL:3.499981920, Val. NLL:3.489308953, Val. MSE: 245.105897021, Time_Elapsed:2.8853 secs
Epoch: 50/2000, Training NLL:3.450377782, Val. NLL:3.451438189, Val. MSE: 70.668527352, Time_Elapsed:187.8810 secs
Epoch: 100/2000, Training NLL:3.449139436, Val. NLL:3.456092238, Val. MSE: 68.645211974, Time_Elapsed:379.7903 secs
Epoch: 150/2000, Training NLL:3.448346217, Val. NLL:3.446068406, Val. MSE: 67.163593682, Time_Elapsed:671.6112 secs
Epoch: 200/2000, Training NLL:3.447992047, Val. NLL:3.452029943, Val. MSE: 69.145286887, Time_Elapsed:873.1242 secs
Epoch: 250/2000, Training NLL:3.447380741, Val. NLL:3.450379372, Val. MSE: 67.334885544, Time_Elapsed:1072.3334 secs
Epoch: 300/2000, Training NLL:3.447349747, Val. NLL:3.455648303, Val. MSE: 69.497669788, Time_Elapsed:1265.1576 secs
Epoch: 350/2000, Training NLL:3.447470347, Val. NLL:3.447507143, Val. MSE: 68.267991770, Time_Elapsed:1454.1689 secs
Epoch: 400/2000, Training NLL:3.447099924, Val. NLL:3.445549607, Val. MSE: 68.025307784, Time_Elapsed:1734.6671 secs
Epoch: 450/2000, Training NLL:3.447101672, Val. NLL:3.448976874, Val. MSE: 66.183125167, Time_Elapsed:1974.9007 secs
Epoch: 500/2000, Training NLL:3.446965734, Val. NLL:3.453548670, Val. MSE: 68.467408071, Time_Elapsed:2179.3218 secs
Epoch: 550/2000, Training NLL:3.446967244, Val. NLL:3.443203926, Val. MSE: 66.403836866, Time_Elapsed:2372.9899 secs
Epoch: 600/2000, Training NLL:3.453481833, Val. NLL:3.450564384, Val. MSE: 81.857988348, Time_Elapsed:2583.1582 secs
Epoch: 650/2000, Training NLL:3.449910998, Val. NLL:3.450882077, Val. MSE: 70.546032557, Time_Elapsed:2788.7920 secs
Consecutive iterations are:[669, 670, 671]
Exit and Convergence reached after 3 iterations for relative change in NLL below :0.05
Training convergence attained at Epoch: 671!

Saving the best model at epoch=671, with training loss=3.449542204538981, validation loss=3.446754813194275
------------------------------ Training ends --------------------------------- 

------------------------------ Training begins --------------------------------- 

Config: {'n_states': 3, 'n_obs': 3, 'mu_w': array([0., 0., 0.]), 'C_w': array([[2197.44885936,    0.        ,    0.        ],
       [   0.        , 2197.44885936,    0.        ],
       [   0.        ,    0.        , 2197.44885936]]), 'H': array([[1., 0., 0.],
       [0., 1., 0.],
       [0., 0., 1.]]), 'mu_x0': array([0., 0., 0.]), 'C_x0': array([[1., 0., 0.],
       [0., 1., 0.],
       [0., 0., 1.]]), 'batch_size': 64, 'rnn_type': 'gru', 'device': device(type='cpu'), 'rnn_params_dict': {'gru': {'model_type': 'gru', 'input_size': 3, 'output_size': 3, 'n_hidden': 30, 'n_layers': 1, 'lr': 0.01, 'num_epochs': 2000, 'min_delta': 0.05, 'n_hidden_dense': 32, 'device': device(type='cpu')}, 'rnn': {'model_type': 'gru', 'input_size': 3, 'output_size': 3, 'n_hidden': 40, 'n_layers': 2, 'lr': 0.001, 'num_epochs': 300, 'min_delta': 0.001, 'n_hidden_dense': 32, 'device': device(type='cpu')}, 'lstm': {'model_type': 'lstm', 'input_size': 3, 'output_size': 3, 'n_hidden': 40, 'n_layers': 2, 'lr': 0.001, 'num_epochs': 300, 'min_delta': 0.001, 'n_hidden_dense': 32, 'device': device(type='cpu')}}} 

No. of trainable parameters: 4340

Epoch: 1/2000, Training NLL:3.494925340, Val. NLL:3.484946370, Val. MSE: 244.367815506, Time_Elapsed:2.8340 secs
Epoch: 50/2000, Training NLL:3.446738203, Val. NLL:3.444651246, Val. MSE: 65.641250266, Time_Elapsed:180.2330 secs
Epoch: 100/2000, Training NLL:3.445696394, Val. NLL:3.445014119, Val. MSE: 62.949336591, Time_Elapsed:346.1919 secs
Epoch: 150/2000, Training NLL:3.445025245, Val. NLL:3.442372084, Val. MSE: 60.475896301, Time_Elapsed:516.9484 secs
Epoch: 200/2000, Training NLL:3.444037318, Val. NLL:3.447040200, Val. MSE: 61.806643480, Time_Elapsed:740.2055 secs
Epoch: 250/2000, Training NLL:3.443801244, Val. NLL:3.443241954, Val. MSE: 61.380862345, Time_Elapsed:919.5461 secs
Epoch: 300/2000, Training NLL:3.443753322, Val. NLL:3.449448824, Val. MSE: 64.459856887, Time_Elapsed:1094.2649 secs
Epoch: 350/2000, Training NLL:3.443549355, Val. NLL:3.442369461, Val. MSE: 62.974138093, Time_Elapsed:1265.8665 secs
Epoch: 400/2000, Training NLL:3.443654736, Val. NLL:3.445039272, Val. MSE: 62.630264198, Time_Elapsed:1437.3768 secs
Epoch: 450/2000, Training NLL:3.443483432, Val. NLL:3.447605610, Val. MSE: 65.245012413, Time_Elapsed:1613.3746 secs
Epoch: 500/2000, Training NLL:3.443670551, Val. NLL:3.444345951, Val. MSE: 63.977280414, Time_Elapsed:1790.1420 secs
Epoch: 550/2000, Training NLL:3.444275419, Val. NLL:3.449566364, Val. MSE: 59.212075282, Time_Elapsed:1978.2930 secs
Epoch: 600/2000, Training NLL:3.444355528, Val. NLL:3.444624901, Val. MSE: 60.765168346, Time_Elapsed:2157.1003 secs
Epoch: 650/2000, Training NLL:3.444318136, Val. NLL:3.444310188, Val. MSE: 60.604084993, Time_Elapsed:2334.1281 secs
Consecutive iterations are:[669, 670, 671]
Exit and Convergence reached after 3 iterations for relative change in NLL below :0.05
Training convergence attained at Epoch: 671!

Saving the best model at epoch=671, with training loss=3.4440729220708213, validation loss=3.4424811601638794
------------------------------ Training ends --------------------------------- 

------------------------------ Training begins --------------------------------- 

Config: {'n_states': 3, 'n_obs': 3, 'mu_w': array([0., 0., 0.]), 'C_w': array([[[2139.80941674,    0.        ,    0.        ],
        [   0.        , 2139.80941674,    0.        ],
        [   0.        ,    0.        , 2139.80941674]],

       [[2140.98985186,    0.        ,    0.        ],
        [   0.        , 2140.98985186,    0.        ],
        [   0.        ,    0.        , 2140.98985186]],

       [[2294.66325484,    0.        ,    0.        ],
        [   0.        , 2294.66325484,    0.        ],
        [   0.        ,    0.        , 2294.66325484]],

       ...,

       [[2054.92478315,    0.        ,    0.        ],
        [   0.        , 2054.92478315,    0.        ],
        [   0.        ,    0.        , 2054.92478315]],

       [[2420.45611974,    0.        ,    0.        ],
        [   0.        , 2420.45611974,    0.        ],
        [   0.        ,    0.        , 2420.45611974]],

       [[2036.65029869,    0.        ,    0.        ],
        [   0.        , 2036.65029869,    0.        ],
        [   0.        ,    0.        , 2036.65029869]]]), 'H': array([[1., 0., 0.],
       [0., 1., 0.],
       [0., 0., 1.]]), 'mu_x0': array([0., 0., 0.]), 'C_x0': array([[1., 0., 0.],
       [0., 1., 0.],
       [0., 0., 1.]]), 'batch_size': 64, 'rnn_type': 'gru', 'device': device(type='cpu'), 'rnn_params_dict': {'gru': {'model_type': 'gru', 'input_size': 3, 'output_size': 3, 'n_hidden': 30, 'n_layers': 1, 'lr': 0.01, 'num_epochs': 2000, 'min_delta': 0.05, 'n_hidden_dense': 32, 'device': device(type='cpu')}, 'rnn': {'model_type': 'gru', 'input_size': 3, 'output_size': 3, 'n_hidden': 40, 'n_layers': 2, 'lr': 0.001, 'num_epochs': 300, 'min_delta': 0.001, 'n_hidden_dense': 32, 'device': device(type='cpu')}, 'lstm': {'model_type': 'lstm', 'input_size': 3, 'output_size': 3, 'n_hidden': 40, 'n_layers': 2, 'lr': 0.001, 'num_epochs': 300, 'min_delta': 0.001, 'n_hidden_dense': 32, 'device': device(type='cpu')}}} 

No. of trainable parameters: 4340

------------------------------ Training begins --------------------------------- 

Config: {'n_states': 3, 'n_obs': 3, 'mu_w': array([0., 0., 0.]), 'C_w': array([[[2139.80941674,    0.        ,    0.        ],
        [   0.        , 2139.80941674,    0.        ],
        [   0.        ,    0.        , 2139.80941674]],

       [[2140.98985186,    0.        ,    0.        ],
        [   0.        , 2140.98985186,    0.        ],
        [   0.        ,    0.        , 2140.98985186]],

       [[2294.66325484,    0.        ,    0.        ],
        [   0.        , 2294.66325484,    0.        ],
        [   0.        ,    0.        , 2294.66325484]],

       ...,

       [[2054.92478315,    0.        ,    0.        ],
        [   0.        , 2054.92478315,    0.        ],
        [   0.        ,    0.        , 2054.92478315]],

       [[2420.45611974,    0.        ,    0.        ],
        [   0.        , 2420.45611974,    0.        ],
        [   0.        ,    0.        , 2420.45611974]],

       [[2036.65029869,    0.        ,    0.        ],
        [   0.        , 2036.65029869,    0.        ],
        [   0.        ,    0.        , 2036.65029869]]]), 'H': array([[1., 0., 0.],
       [0., 1., 0.],
       [0., 0., 1.]]), 'mu_x0': array([0., 0., 0.]), 'C_x0': array([[1., 0., 0.],
       [0., 1., 0.],
       [0., 0., 1.]]), 'batch_size': 64, 'rnn_type': 'gru', 'device': device(type='cpu'), 'rnn_params_dict': {'gru': {'model_type': 'gru', 'input_size': 3, 'output_size': 3, 'n_hidden': 30, 'n_layers': 1, 'lr': 0.01, 'num_epochs': 2000, 'min_delta': 0.05, 'n_hidden_dense': 32, 'device': device(type='cpu')}, 'rnn': {'model_type': 'gru', 'input_size': 3, 'output_size': 3, 'n_hidden': 40, 'n_layers': 2, 'lr': 0.001, 'num_epochs': 300, 'min_delta': 0.001, 'n_hidden_dense': 32, 'device': device(type='cpu')}, 'lstm': {'model_type': 'lstm', 'input_size': 3, 'output_size': 3, 'n_hidden': 40, 'n_layers': 2, 'lr': 0.001, 'num_epochs': 300, 'min_delta': 0.001, 'n_hidden_dense': 32, 'device': device(type='cpu')}}} 

No. of trainable parameters: 4340

------------------------------ Training begins --------------------------------- 

Config: {'n_states': 3, 'n_obs': 3, 'mu_w': array([0., 0., 0.]), 'C_w': array([[[2139.80941674,    0.        ,    0.        ],
        [   0.        , 2139.80941674,    0.        ],
        [   0.        ,    0.        , 2139.80941674]],

       [[2140.98985186,    0.        ,    0.        ],
        [   0.        , 2140.98985186,    0.        ],
        [   0.        ,    0.        , 2140.98985186]],

       [[2294.66325484,    0.        ,    0.        ],
        [   0.        , 2294.66325484,    0.        ],
        [   0.        ,    0.        , 2294.66325484]],

       ...,

       [[2054.92478315,    0.        ,    0.        ],
        [   0.        , 2054.92478315,    0.        ],
        [   0.        ,    0.        , 2054.92478315]],

       [[2420.45611974,    0.        ,    0.        ],
        [   0.        , 2420.45611974,    0.        ],
        [   0.        ,    0.        , 2420.45611974]],

       [[2036.65029869,    0.        ,    0.        ],
        [   0.        , 2036.65029869,    0.        ],
        [   0.        ,    0.        , 2036.65029869]]]), 'H': array([[1., 0., 0.],
       [0., 1., 0.],
       [0., 0., 1.]]), 'mu_x0': array([0., 0., 0.]), 'C_x0': array([[1., 0., 0.],
       [0., 1., 0.],
       [0., 0., 1.]]), 'batch_size': 64, 'rnn_type': 'gru', 'device': device(type='cpu'), 'rnn_params_dict': {'gru': {'model_type': 'gru', 'input_size': 3, 'output_size': 3, 'n_hidden': 30, 'n_layers': 1, 'lr': 0.01, 'num_epochs': 2000, 'min_delta': 0.05, 'n_hidden_dense': 32, 'device': device(type='cpu')}, 'rnn': {'model_type': 'gru', 'input_size': 3, 'output_size': 3, 'n_hidden': 40, 'n_layers': 2, 'lr': 0.001, 'num_epochs': 300, 'min_delta': 0.001, 'n_hidden_dense': 32, 'device': device(type='cpu')}, 'lstm': {'model_type': 'lstm', 'input_size': 3, 'output_size': 3, 'n_hidden': 40, 'n_layers': 2, 'lr': 0.001, 'num_epochs': 300, 'min_delta': 0.001, 'n_hidden_dense': 32, 'device': device(type='cpu')}}} 

No. of trainable parameters: 4340

------------------------------ Training begins --------------------------------- 

Config: {'n_states': 3, 'n_obs': 3, 'mu_w': array([0., 0., 0.]), 'C_w': array([[[2139.80941674,    0.        ,    0.        ],
        [   0.        , 2139.80941674,    0.        ],
        [   0.        ,    0.        , 2139.80941674]],

       [[2140.98985186,    0.        ,    0.        ],
        [   0.        , 2140.98985186,    0.        ],
        [   0.        ,    0.        , 2140.98985186]],

       [[2294.66325484,    0.        ,    0.        ],
        [   0.        , 2294.66325484,    0.        ],
        [   0.        ,    0.        , 2294.66325484]],

       ...,

       [[2054.92478315,    0.        ,    0.        ],
        [   0.        , 2054.92478315,    0.        ],
        [   0.        ,    0.        , 2054.92478315]],

       [[2420.45611974,    0.        ,    0.        ],
        [   0.        , 2420.45611974,    0.        ],
        [   0.        ,    0.        , 2420.45611974]],

       [[2036.65029869,    0.        ,    0.        ],
        [   0.        , 2036.65029869,    0.        ],
        [   0.        ,    0.        , 2036.65029869]]]), 'H': array([[1., 0., 0.],
       [0., 1., 0.],
       [0., 0., 1.]]), 'mu_x0': array([0., 0., 0.]), 'C_x0': array([[1., 0., 0.],
       [0., 1., 0.],
       [0., 0., 1.]]), 'batch_size': 64, 'rnn_type': 'gru', 'device': device(type='cpu'), 'rnn_params_dict': {'gru': {'model_type': 'gru', 'input_size': 3, 'output_size': 3, 'n_hidden': 30, 'n_layers': 1, 'lr': 0.01, 'num_epochs': 2000, 'min_delta': 0.05, 'n_hidden_dense': 32, 'device': device(type='cpu')}, 'rnn': {'model_type': 'gru', 'input_size': 3, 'output_size': 3, 'n_hidden': 40, 'n_layers': 2, 'lr': 0.001, 'num_epochs': 300, 'min_delta': 0.001, 'n_hidden_dense': 32, 'device': device(type='cpu')}, 'lstm': {'model_type': 'lstm', 'input_size': 3, 'output_size': 3, 'n_hidden': 40, 'n_layers': 2, 'lr': 0.001, 'num_epochs': 300, 'min_delta': 0.001, 'n_hidden_dense': 32, 'device': device(type='cpu')}}} 

No. of trainable parameters: 4340

------------------------------ Training begins --------------------------------- 

Config: {'n_states': 3, 'n_obs': 3, 'mu_w': array([0., 0., 0.]), 'C_w': array([[[2139.80941674,    0.        ,    0.        ],
        [   0.        , 2139.80941674,    0.        ],
        [   0.        ,    0.        , 2139.80941674]],

       [[2140.98985186,    0.        ,    0.        ],
        [   0.        , 2140.98985186,    0.        ],
        [   0.        ,    0.        , 2140.98985186]],

       [[2294.66325484,    0.        ,    0.        ],
        [   0.        , 2294.66325484,    0.        ],
        [   0.        ,    0.        , 2294.66325484]],

       ...,

       [[2054.92478315,    0.        ,    0.        ],
        [   0.        , 2054.92478315,    0.        ],
        [   0.        ,    0.        , 2054.92478315]],

       [[2420.45611974,    0.        ,    0.        ],
        [   0.        , 2420.45611974,    0.        ],
        [   0.        ,    0.        , 2420.45611974]],

       [[2036.65029869,    0.        ,    0.        ],
        [   0.        , 2036.65029869,    0.        ],
        [   0.        ,    0.        , 2036.65029869]]]), 'H': array([[1., 0., 0.],
       [0., 1., 0.],
       [0., 0., 1.]]), 'mu_x0': array([0., 0., 0.]), 'C_x0': array([[1., 0., 0.],
       [0., 1., 0.],
       [0., 0., 1.]]), 'batch_size': 64, 'rnn_type': 'gru', 'device': device(type='cpu'), 'rnn_params_dict': {'gru': {'model_type': 'gru', 'input_size': 3, 'output_size': 3, 'n_hidden': 30, 'n_layers': 1, 'lr': 0.01, 'num_epochs': 2000, 'min_delta': 0.05, 'n_hidden_dense': 32, 'device': device(type='cpu')}, 'rnn': {'model_type': 'gru', 'input_size': 3, 'output_size': 3, 'n_hidden': 40, 'n_layers': 2, 'lr': 0.001, 'num_epochs': 300, 'min_delta': 0.001, 'n_hidden_dense': 32, 'device': device(type='cpu')}, 'lstm': {'model_type': 'lstm', 'input_size': 3, 'output_size': 3, 'n_hidden': 40, 'n_layers': 2, 'lr': 0.001, 'num_epochs': 300, 'min_delta': 0.001, 'n_hidden_dense': 32, 'device': device(type='cpu')}}} 

No. of trainable parameters: 4340

torch.Size([3, 3])
torch.Size([64, 1000, 3, 3])
torch.Size([500, 3, 3])
------------------------------ Training begins --------------------------------- 

Config: {'n_states': 3, 'n_obs': 3, 'mu_w': array([0., 0., 0.]), 'C_w': array([[[2139.80941674,    0.        ,    0.        ],
        [   0.        , 2139.80941674,    0.        ],
        [   0.        ,    0.        , 2139.80941674]],

       [[2140.98985186,    0.        ,    0.        ],
        [   0.        , 2140.98985186,    0.        ],
        [   0.        ,    0.        , 2140.98985186]],

       [[2294.66325484,    0.        ,    0.        ],
        [   0.        , 2294.66325484,    0.        ],
        [   0.        ,    0.        , 2294.66325484]],

       ...,

       [[2054.92478315,    0.        ,    0.        ],
        [   0.        , 2054.92478315,    0.        ],
        [   0.        ,    0.        , 2054.92478315]],

       [[2420.45611974,    0.        ,    0.        ],
        [   0.        , 2420.45611974,    0.        ],
        [   0.        ,    0.        , 2420.45611974]],

       [[2036.65029869,    0.        ,    0.        ],
        [   0.        , 2036.65029869,    0.        ],
        [   0.        ,    0.        , 2036.65029869]]]), 'H': array([[1., 0., 0.],
       [0., 1., 0.],
       [0., 0., 1.]]), 'mu_x0': array([0., 0., 0.]), 'C_x0': array([[1., 0., 0.],
       [0., 1., 0.],
       [0., 0., 1.]]), 'batch_size': 64, 'rnn_type': 'gru', 'device': device(type='cpu'), 'rnn_params_dict': {'gru': {'model_type': 'gru', 'input_size': 3, 'output_size': 3, 'n_hidden': 30, 'n_layers': 1, 'lr': 0.01, 'num_epochs': 2000, 'min_delta': 0.05, 'n_hidden_dense': 32, 'device': device(type='cpu')}, 'rnn': {'model_type': 'gru', 'input_size': 3, 'output_size': 3, 'n_hidden': 40, 'n_layers': 2, 'lr': 0.001, 'num_epochs': 300, 'min_delta': 0.001, 'n_hidden_dense': 32, 'device': device(type='cpu')}, 'lstm': {'model_type': 'lstm', 'input_size': 3, 'output_size': 3, 'n_hidden': 40, 'n_layers': 2, 'lr': 0.001, 'num_epochs': 300, 'min_delta': 0.001, 'n_hidden_dense': 32, 'device': device(type='cpu')}}} 

No. of trainable parameters: 4340

Hello
torch.Size([3, 3])
torch.Size([64, 1000, 3, 3])
torch.Size([500, 3, 3])
------------------------------ Training begins --------------------------------- 

Config: {'n_states': 3, 'n_obs': 3, 'mu_w': array([0., 0., 0.]), 'C_w': array([[[2139.80941674,    0.        ,    0.        ],
        [   0.        , 2139.80941674,    0.        ],
        [   0.        ,    0.        , 2139.80941674]],

       [[2140.98985186,    0.        ,    0.        ],
        [   0.        , 2140.98985186,    0.        ],
        [   0.        ,    0.        , 2140.98985186]],

       [[2294.66325484,    0.        ,    0.        ],
        [   0.        , 2294.66325484,    0.        ],
        [   0.        ,    0.        , 2294.66325484]],

       ...,

       [[2054.92478315,    0.        ,    0.        ],
        [   0.        , 2054.92478315,    0.        ],
        [   0.        ,    0.        , 2054.92478315]],

       [[2420.45611974,    0.        ,    0.        ],
        [   0.        , 2420.45611974,    0.        ],
        [   0.        ,    0.        , 2420.45611974]],

       [[2036.65029869,    0.        ,    0.        ],
        [   0.        , 2036.65029869,    0.        ],
        [   0.        ,    0.        , 2036.65029869]]]), 'H': array([[1., 0., 0.],
       [0., 1., 0.],
       [0., 0., 1.]]), 'mu_x0': array([0., 0., 0.]), 'C_x0': array([[1., 0., 0.],
       [0., 1., 0.],
       [0., 0., 1.]]), 'batch_size': 64, 'rnn_type': 'gru', 'device': device(type='cpu'), 'rnn_params_dict': {'gru': {'model_type': 'gru', 'input_size': 3, 'output_size': 3, 'n_hidden': 30, 'n_layers': 1, 'lr': 0.01, 'num_epochs': 2000, 'min_delta': 0.05, 'n_hidden_dense': 32, 'device': device(type='cpu')}, 'rnn': {'model_type': 'gru', 'input_size': 3, 'output_size': 3, 'n_hidden': 40, 'n_layers': 2, 'lr': 0.001, 'num_epochs': 300, 'min_delta': 0.001, 'n_hidden_dense': 32, 'device': device(type='cpu')}, 'lstm': {'model_type': 'lstm', 'input_size': 3, 'output_size': 3, 'n_hidden': 40, 'n_layers': 2, 'lr': 0.001, 'num_epochs': 300, 'min_delta': 0.001, 'n_hidden_dense': 32, 'device': device(type='cpu')}}} 

No. of trainable parameters: 4340

------------------------------ Training begins --------------------------------- 

Config: {'n_states': 3, 'n_obs': 3, 'mu_w': array([0., 0., 0.]), 'C_w': array([[[2139.80941674,    0.        ,    0.        ],
        [   0.        , 2139.80941674,    0.        ],
        [   0.        ,    0.        , 2139.80941674]],

       [[2140.98985186,    0.        ,    0.        ],
        [   0.        , 2140.98985186,    0.        ],
        [   0.        ,    0.        , 2140.98985186]],

       [[2294.66325484,    0.        ,    0.        ],
        [   0.        , 2294.66325484,    0.        ],
        [   0.        ,    0.        , 2294.66325484]],

       ...,

       [[2054.92478315,    0.        ,    0.        ],
        [   0.        , 2054.92478315,    0.        ],
        [   0.        ,    0.        , 2054.92478315]],

       [[2420.45611974,    0.        ,    0.        ],
        [   0.        , 2420.45611974,    0.        ],
        [   0.        ,    0.        , 2420.45611974]],

       [[2036.65029869,    0.        ,    0.        ],
        [   0.        , 2036.65029869,    0.        ],
        [   0.        ,    0.        , 2036.65029869]]]), 'H': array([[1., 0., 0.],
       [0., 1., 0.],
       [0., 0., 1.]]), 'mu_x0': array([0., 0., 0.]), 'C_x0': array([[1., 0., 0.],
       [0., 1., 0.],
       [0., 0., 1.]]), 'batch_size': 64, 'rnn_type': 'gru', 'device': device(type='cpu'), 'rnn_params_dict': {'gru': {'model_type': 'gru', 'input_size': 3, 'output_size': 3, 'n_hidden': 30, 'n_layers': 1, 'lr': 0.01, 'num_epochs': 2000, 'min_delta': 0.05, 'n_hidden_dense': 32, 'device': device(type='cpu')}, 'rnn': {'model_type': 'gru', 'input_size': 3, 'output_size': 3, 'n_hidden': 40, 'n_layers': 2, 'lr': 0.001, 'num_epochs': 300, 'min_delta': 0.001, 'n_hidden_dense': 32, 'device': device(type='cpu')}, 'lstm': {'model_type': 'lstm', 'input_size': 3, 'output_size': 3, 'n_hidden': 40, 'n_layers': 2, 'lr': 0.001, 'num_epochs': 300, 'min_delta': 0.001, 'n_hidden_dense': 32, 'device': device(type='cpu')}}} 

No. of trainable parameters: 4340

------------------------------ Training begins --------------------------------- 

Config: {'n_states': 3, 'n_obs': 3, 'mu_w': array([0., 0., 0.]), 'C_w': array([[[2139.80941674,    0.        ,    0.        ],
        [   0.        , 2139.80941674,    0.        ],
        [   0.        ,    0.        , 2139.80941674]],

       [[2140.98985186,    0.        ,    0.        ],
        [   0.        , 2140.98985186,    0.        ],
        [   0.        ,    0.        , 2140.98985186]],

       [[2294.66325484,    0.        ,    0.        ],
        [   0.        , 2294.66325484,    0.        ],
        [   0.        ,    0.        , 2294.66325484]],

       ...,

       [[2054.92478315,    0.        ,    0.        ],
        [   0.        , 2054.92478315,    0.        ],
        [   0.        ,    0.        , 2054.92478315]],

       [[2420.45611974,    0.        ,    0.        ],
        [   0.        , 2420.45611974,    0.        ],
        [   0.        ,    0.        , 2420.45611974]],

       [[2036.65029869,    0.        ,    0.        ],
        [   0.        , 2036.65029869,    0.        ],
        [   0.        ,    0.        , 2036.65029869]]]), 'H': array([[1., 0., 0.],
       [0., 1., 0.],
       [0., 0., 1.]]), 'mu_x0': array([0., 0., 0.]), 'C_x0': array([[1., 0., 0.],
       [0., 1., 0.],
       [0., 0., 1.]]), 'batch_size': 64, 'rnn_type': 'gru', 'device': device(type='cpu'), 'rnn_params_dict': {'gru': {'model_type': 'gru', 'input_size': 3, 'output_size': 3, 'n_hidden': 30, 'n_layers': 1, 'lr': 0.01, 'num_epochs': 2000, 'min_delta': 0.05, 'n_hidden_dense': 32, 'device': device(type='cpu')}, 'rnn': {'model_type': 'gru', 'input_size': 3, 'output_size': 3, 'n_hidden': 40, 'n_layers': 2, 'lr': 0.001, 'num_epochs': 300, 'min_delta': 0.001, 'n_hidden_dense': 32, 'device': device(type='cpu')}, 'lstm': {'model_type': 'lstm', 'input_size': 3, 'output_size': 3, 'n_hidden': 40, 'n_layers': 2, 'lr': 0.001, 'num_epochs': 300, 'min_delta': 0.001, 'n_hidden_dense': 32, 'device': device(type='cpu')}}} 

No. of trainable parameters: 4340

H.shape: torch.Size([3, 3])
L shape: torch.Size([64, 1000, 3, 3])
Cw shape: torch.Size([500, 3, 3])
------------------------------ Training begins --------------------------------- 

Config: {'n_states': 3, 'n_obs': 3, 'mu_w': array([0., 0., 0.]), 'C_w': array([[[2139.80941674,    0.        ,    0.        ],
        [   0.        , 2139.80941674,    0.        ],
        [   0.        ,    0.        , 2139.80941674]],

       [[2140.98985186,    0.        ,    0.        ],
        [   0.        , 2140.98985186,    0.        ],
        [   0.        ,    0.        , 2140.98985186]],

       [[2294.66325484,    0.        ,    0.        ],
        [   0.        , 2294.66325484,    0.        ],
        [   0.        ,    0.        , 2294.66325484]],

       ...,

       [[2054.92478315,    0.        ,    0.        ],
        [   0.        , 2054.92478315,    0.        ],
        [   0.        ,    0.        , 2054.92478315]],

       [[2420.45611974,    0.        ,    0.        ],
        [   0.        , 2420.45611974,    0.        ],
        [   0.        ,    0.        , 2420.45611974]],

       [[2036.65029869,    0.        ,    0.        ],
        [   0.        , 2036.65029869,    0.        ],
        [   0.        ,    0.        , 2036.65029869]]]), 'H': array([[1., 0., 0.],
       [0., 1., 0.],
       [0., 0., 1.]]), 'mu_x0': array([0., 0., 0.]), 'C_x0': array([[1., 0., 0.],
       [0., 1., 0.],
       [0., 0., 1.]]), 'batch_size': 64, 'rnn_type': 'gru', 'device': device(type='cpu'), 'rnn_params_dict': {'gru': {'model_type': 'gru', 'input_size': 3, 'output_size': 3, 'n_hidden': 30, 'n_layers': 1, 'lr': 0.01, 'num_epochs': 2000, 'min_delta': 0.05, 'n_hidden_dense': 32, 'device': device(type='cpu')}, 'rnn': {'model_type': 'gru', 'input_size': 3, 'output_size': 3, 'n_hidden': 40, 'n_layers': 2, 'lr': 0.001, 'num_epochs': 300, 'min_delta': 0.001, 'n_hidden_dense': 32, 'device': device(type='cpu')}, 'lstm': {'model_type': 'lstm', 'input_size': 3, 'output_size': 3, 'n_hidden': 40, 'n_layers': 2, 'lr': 0.001, 'num_epochs': 300, 'min_delta': 0.001, 'n_hidden_dense': 32, 'device': device(type='cpu')}}} 

No. of trainable parameters: 4340

H.shape: torch.Size([3, 3])
L shape: torch.Size([64, 1000, 3, 3])
Cw shape: torch.Size([500, 3, 3])
------------------------------ Training begins --------------------------------- 

Config: {'n_states': 3, 'n_obs': 3, 'mu_w': array([0., 0., 0.]), 'C_w': array([[[2139.80941674,    0.        ,    0.        ],
        [   0.        , 2139.80941674,    0.        ],
        [   0.        ,    0.        , 2139.80941674]],

       [[2140.98985186,    0.        ,    0.        ],
        [   0.        , 2140.98985186,    0.        ],
        [   0.        ,    0.        , 2140.98985186]],

       [[2294.66325484,    0.        ,    0.        ],
        [   0.        , 2294.66325484,    0.        ],
        [   0.        ,    0.        , 2294.66325484]],

       ...,

       [[2054.92478315,    0.        ,    0.        ],
        [   0.        , 2054.92478315,    0.        ],
        [   0.        ,    0.        , 2054.92478315]],

       [[2420.45611974,    0.        ,    0.        ],
        [   0.        , 2420.45611974,    0.        ],
        [   0.        ,    0.        , 2420.45611974]],

       [[2036.65029869,    0.        ,    0.        ],
        [   0.        , 2036.65029869,    0.        ],
        [   0.        ,    0.        , 2036.65029869]]]), 'H': array([[1., 0., 0.],
       [0., 1., 0.],
       [0., 0., 1.]]), 'mu_x0': array([0., 0., 0.]), 'C_x0': array([[1., 0., 0.],
       [0., 1., 0.],
       [0., 0., 1.]]), 'batch_size': 64, 'rnn_type': 'gru', 'device': device(type='cpu'), 'rnn_params_dict': {'gru': {'model_type': 'gru', 'input_size': 3, 'output_size': 3, 'n_hidden': 30, 'n_layers': 1, 'lr': 0.01, 'num_epochs': 2000, 'min_delta': 0.05, 'n_hidden_dense': 32, 'device': device(type='cpu')}, 'rnn': {'model_type': 'gru', 'input_size': 3, 'output_size': 3, 'n_hidden': 40, 'n_layers': 2, 'lr': 0.001, 'num_epochs': 300, 'min_delta': 0.001, 'n_hidden_dense': 32, 'device': device(type='cpu')}, 'lstm': {'model_type': 'lstm', 'input_size': 3, 'output_size': 3, 'n_hidden': 40, 'n_layers': 2, 'lr': 0.001, 'num_epochs': 300, 'min_delta': 0.001, 'n_hidden_dense': 32, 'device': device(type='cpu')}}} 

No. of trainable parameters: 4340

H.shape: torch.Size([3, 3])
L shape: torch.Size([64, 1000, 3, 3])
Cw shape: torch.Size([500, 3, 3])
------------------------------ Training begins --------------------------------- 

Config: {'n_states': 3, 'n_obs': 3, 'mu_w': array([0., 0., 0.]), 'C_w': array([[[2139.80941674,    0.        ,    0.        ],
        [   0.        , 2139.80941674,    0.        ],
        [   0.        ,    0.        , 2139.80941674]],

       [[2140.98985186,    0.        ,    0.        ],
        [   0.        , 2140.98985186,    0.        ],
        [   0.        ,    0.        , 2140.98985186]],

       [[2294.66325484,    0.        ,    0.        ],
        [   0.        , 2294.66325484,    0.        ],
        [   0.        ,    0.        , 2294.66325484]],

       ...,

       [[2054.92478315,    0.        ,    0.        ],
        [   0.        , 2054.92478315,    0.        ],
        [   0.        ,    0.        , 2054.92478315]],

       [[2420.45611974,    0.        ,    0.        ],
        [   0.        , 2420.45611974,    0.        ],
        [   0.        ,    0.        , 2420.45611974]],

       [[2036.65029869,    0.        ,    0.        ],
        [   0.        , 2036.65029869,    0.        ],
        [   0.        ,    0.        , 2036.65029869]]]), 'H': array([[1., 0., 0.],
       [0., 1., 0.],
       [0., 0., 1.]]), 'mu_x0': array([0., 0., 0.]), 'C_x0': array([[1., 0., 0.],
       [0., 1., 0.],
       [0., 0., 1.]]), 'batch_size': 64, 'rnn_type': 'gru', 'device': device(type='cpu'), 'rnn_params_dict': {'gru': {'model_type': 'gru', 'input_size': 3, 'output_size': 3, 'n_hidden': 30, 'n_layers': 1, 'lr': 0.01, 'num_epochs': 2000, 'min_delta': 0.05, 'n_hidden_dense': 32, 'device': device(type='cpu')}, 'rnn': {'model_type': 'gru', 'input_size': 3, 'output_size': 3, 'n_hidden': 40, 'n_layers': 2, 'lr': 0.001, 'num_epochs': 300, 'min_delta': 0.001, 'n_hidden_dense': 32, 'device': device(type='cpu')}, 'lstm': {'model_type': 'lstm', 'input_size': 3, 'output_size': 3, 'n_hidden': 40, 'n_layers': 2, 'lr': 0.001, 'num_epochs': 300, 'min_delta': 0.001, 'n_hidden_dense': 32, 'device': device(type='cpu')}}} 

No. of trainable parameters: 4340

H.shape: torch.Size([3, 3])
L shape: torch.Size([64, 1000, 3, 3])
Cw shape: torch.Size([500, 3, 3])
------------------------------ Training begins --------------------------------- 

Config: {'n_states': 3, 'n_obs': 3, 'mu_w': array([0., 0., 0.]), 'C_w': array([[[2139.80941674,    0.        ,    0.        ],
        [   0.        , 2139.80941674,    0.        ],
        [   0.        ,    0.        , 2139.80941674]],

       [[2140.98985186,    0.        ,    0.        ],
        [   0.        , 2140.98985186,    0.        ],
        [   0.        ,    0.        , 2140.98985186]],

       [[2294.66325484,    0.        ,    0.        ],
        [   0.        , 2294.66325484,    0.        ],
        [   0.        ,    0.        , 2294.66325484]],

       ...,

       [[2054.92478315,    0.        ,    0.        ],
        [   0.        , 2054.92478315,    0.        ],
        [   0.        ,    0.        , 2054.92478315]],

       [[2420.45611974,    0.        ,    0.        ],
        [   0.        , 2420.45611974,    0.        ],
        [   0.        ,    0.        , 2420.45611974]],

       [[2036.65029869,    0.        ,    0.        ],
        [   0.        , 2036.65029869,    0.        ],
        [   0.        ,    0.        , 2036.65029869]]]), 'H': array([[1., 0., 0.],
       [0., 1., 0.],
       [0., 0., 1.]]), 'mu_x0': array([0., 0., 0.]), 'C_x0': array([[1., 0., 0.],
       [0., 1., 0.],
       [0., 0., 1.]]), 'batch_size': 64, 'rnn_type': 'gru', 'device': device(type='cpu'), 'rnn_params_dict': {'gru': {'model_type': 'gru', 'input_size': 3, 'output_size': 3, 'n_hidden': 30, 'n_layers': 1, 'lr': 0.01, 'num_epochs': 2000, 'min_delta': 0.05, 'n_hidden_dense': 32, 'device': device(type='cpu')}, 'rnn': {'model_type': 'gru', 'input_size': 3, 'output_size': 3, 'n_hidden': 40, 'n_layers': 2, 'lr': 0.001, 'num_epochs': 300, 'min_delta': 0.001, 'n_hidden_dense': 32, 'device': device(type='cpu')}, 'lstm': {'model_type': 'lstm', 'input_size': 3, 'output_size': 3, 'n_hidden': 40, 'n_layers': 2, 'lr': 0.001, 'num_epochs': 300, 'min_delta': 0.001, 'n_hidden_dense': 32, 'device': device(type='cpu')}}} 

No. of trainable parameters: 4340

H.shape: torch.Size([3, 3])
L shape: torch.Size([64, 1000, 3, 3])
Cw shape: torch.Size([500, 3, 3])
------------------------------ Training begins --------------------------------- 

Config: {'n_states': 3, 'n_obs': 3, 'mu_w': array([0., 0., 0.]), 'C_w': array([[[2139.80941674,    0.        ,    0.        ],
        [   0.        , 2139.80941674,    0.        ],
        [   0.        ,    0.        , 2139.80941674]],

       [[2140.98985186,    0.        ,    0.        ],
        [   0.        , 2140.98985186,    0.        ],
        [   0.        ,    0.        , 2140.98985186]],

       [[2294.66325484,    0.        ,    0.        ],
        [   0.        , 2294.66325484,    0.        ],
        [   0.        ,    0.        , 2294.66325484]],

       ...,

       [[2054.92478315,    0.        ,    0.        ],
        [   0.        , 2054.92478315,    0.        ],
        [   0.        ,    0.        , 2054.92478315]],

       [[2420.45611974,    0.        ,    0.        ],
        [   0.        , 2420.45611974,    0.        ],
        [   0.        ,    0.        , 2420.45611974]],

       [[2036.65029869,    0.        ,    0.        ],
        [   0.        , 2036.65029869,    0.        ],
        [   0.        ,    0.        , 2036.65029869]]]), 'H': array([[1., 0., 0.],
       [0., 1., 0.],
       [0., 0., 1.]]), 'mu_x0': array([0., 0., 0.]), 'C_x0': array([[1., 0., 0.],
       [0., 1., 0.],
       [0., 0., 1.]]), 'batch_size': 64, 'rnn_type': 'gru', 'device': device(type='cpu'), 'rnn_params_dict': {'gru': {'model_type': 'gru', 'input_size': 3, 'output_size': 3, 'n_hidden': 30, 'n_layers': 1, 'lr': 0.01, 'num_epochs': 2000, 'min_delta': 0.05, 'n_hidden_dense': 32, 'device': device(type='cpu')}, 'rnn': {'model_type': 'gru', 'input_size': 3, 'output_size': 3, 'n_hidden': 40, 'n_layers': 2, 'lr': 0.001, 'num_epochs': 300, 'min_delta': 0.001, 'n_hidden_dense': 32, 'device': device(type='cpu')}, 'lstm': {'model_type': 'lstm', 'input_size': 3, 'output_size': 3, 'n_hidden': 40, 'n_layers': 2, 'lr': 0.001, 'num_epochs': 300, 'min_delta': 0.001, 'n_hidden_dense': 32, 'device': device(type='cpu')}}} 

No. of trainable parameters: 4340

------------------------------ Training begins --------------------------------- 

Config: {'n_states': 3, 'n_obs': 3, 'mu_w': array([0., 0., 0.]), 'C_w': array([[[2139.80941674,    0.        ,    0.        ],
        [   0.        , 2139.80941674,    0.        ],
        [   0.        ,    0.        , 2139.80941674]],

       [[2140.98985186,    0.        ,    0.        ],
        [   0.        , 2140.98985186,    0.        ],
        [   0.        ,    0.        , 2140.98985186]],

       [[2294.66325484,    0.        ,    0.        ],
        [   0.        , 2294.66325484,    0.        ],
        [   0.        ,    0.        , 2294.66325484]],

       ...,

       [[2054.92478315,    0.        ,    0.        ],
        [   0.        , 2054.92478315,    0.        ],
        [   0.        ,    0.        , 2054.92478315]],

       [[2420.45611974,    0.        ,    0.        ],
        [   0.        , 2420.45611974,    0.        ],
        [   0.        ,    0.        , 2420.45611974]],

       [[2036.65029869,    0.        ,    0.        ],
        [   0.        , 2036.65029869,    0.        ],
        [   0.        ,    0.        , 2036.65029869]]]), 'H': array([[1., 0., 0.],
       [0., 1., 0.],
       [0., 0., 1.]]), 'mu_x0': array([0., 0., 0.]), 'C_x0': array([[1., 0., 0.],
       [0., 1., 0.],
       [0., 0., 1.]]), 'batch_size': 64, 'rnn_type': 'gru', 'device': device(type='cpu'), 'rnn_params_dict': {'gru': {'model_type': 'gru', 'input_size': 3, 'output_size': 3, 'n_hidden': 30, 'n_layers': 1, 'lr': 0.01, 'num_epochs': 2000, 'min_delta': 0.05, 'n_hidden_dense': 32, 'device': device(type='cpu')}, 'rnn': {'model_type': 'gru', 'input_size': 3, 'output_size': 3, 'n_hidden': 40, 'n_layers': 2, 'lr': 0.001, 'num_epochs': 300, 'min_delta': 0.001, 'n_hidden_dense': 32, 'device': device(type='cpu')}, 'lstm': {'model_type': 'lstm', 'input_size': 3, 'output_size': 3, 'n_hidden': 40, 'n_layers': 2, 'lr': 0.001, 'num_epochs': 300, 'min_delta': 0.001, 'n_hidden_dense': 32, 'device': device(type='cpu')}}} 

No. of trainable parameters: 4340

------------------------------ Training begins --------------------------------- 

Config: {'n_states': 3, 'n_obs': 3, 'mu_w': array([0., 0., 0.]), 'C_w': array([[[2139.80941674,    0.        ,    0.        ],
        [   0.        , 2139.80941674,    0.        ],
        [   0.        ,    0.        , 2139.80941674]],

       [[2140.98985186,    0.        ,    0.        ],
        [   0.        , 2140.98985186,    0.        ],
        [   0.        ,    0.        , 2140.98985186]],

       [[2294.66325484,    0.        ,    0.        ],
        [   0.        , 2294.66325484,    0.        ],
        [   0.        ,    0.        , 2294.66325484]],

       ...,

       [[2054.92478315,    0.        ,    0.        ],
        [   0.        , 2054.92478315,    0.        ],
        [   0.        ,    0.        , 2054.92478315]],

       [[2420.45611974,    0.        ,    0.        ],
        [   0.        , 2420.45611974,    0.        ],
        [   0.        ,    0.        , 2420.45611974]],

       [[2036.65029869,    0.        ,    0.        ],
        [   0.        , 2036.65029869,    0.        ],
        [   0.        ,    0.        , 2036.65029869]]]), 'H': array([[1., 0., 0.],
       [0., 1., 0.],
       [0., 0., 1.]]), 'mu_x0': array([0., 0., 0.]), 'C_x0': array([[1., 0., 0.],
       [0., 1., 0.],
       [0., 0., 1.]]), 'batch_size': 64, 'rnn_type': 'gru', 'device': device(type='cpu'), 'rnn_params_dict': {'gru': {'model_type': 'gru', 'input_size': 3, 'output_size': 3, 'n_hidden': 30, 'n_layers': 1, 'lr': 0.01, 'num_epochs': 2000, 'min_delta': 0.05, 'n_hidden_dense': 32, 'device': device(type='cpu')}, 'rnn': {'model_type': 'gru', 'input_size': 3, 'output_size': 3, 'n_hidden': 40, 'n_layers': 2, 'lr': 0.001, 'num_epochs': 300, 'min_delta': 0.001, 'n_hidden_dense': 32, 'device': device(type='cpu')}, 'lstm': {'model_type': 'lstm', 'input_size': 3, 'output_size': 3, 'n_hidden': 40, 'n_layers': 2, 'lr': 0.001, 'num_epochs': 300, 'min_delta': 0.001, 'n_hidden_dense': 32, 'device': device(type='cpu')}}} 

No. of trainable parameters: 4340

------------------------------ Training begins --------------------------------- 

Config: {'n_states': 3, 'n_obs': 3, 'mu_w': array([0., 0., 0.]), 'C_w': array([[[2139.80941674,    0.        ,    0.        ],
        [   0.        , 2139.80941674,    0.        ],
        [   0.        ,    0.        , 2139.80941674]],

       [[2140.98985186,    0.        ,    0.        ],
        [   0.        , 2140.98985186,    0.        ],
        [   0.        ,    0.        , 2140.98985186]],

       [[2294.66325484,    0.        ,    0.        ],
        [   0.        , 2294.66325484,    0.        ],
        [   0.        ,    0.        , 2294.66325484]],

       ...,

       [[2054.92478315,    0.        ,    0.        ],
        [   0.        , 2054.92478315,    0.        ],
        [   0.        ,    0.        , 2054.92478315]],

       [[2420.45611974,    0.        ,    0.        ],
        [   0.        , 2420.45611974,    0.        ],
        [   0.        ,    0.        , 2420.45611974]],

       [[2036.65029869,    0.        ,    0.        ],
        [   0.        , 2036.65029869,    0.        ],
        [   0.        ,    0.        , 2036.65029869]]]), 'H': array([[1., 0., 0.],
       [0., 1., 0.],
       [0., 0., 1.]]), 'mu_x0': array([0., 0., 0.]), 'C_x0': array([[1., 0., 0.],
       [0., 1., 0.],
       [0., 0., 1.]]), 'batch_size': 64, 'rnn_type': 'gru', 'device': device(type='cpu'), 'rnn_params_dict': {'gru': {'model_type': 'gru', 'input_size': 3, 'output_size': 3, 'n_hidden': 30, 'n_layers': 1, 'lr': 0.01, 'num_epochs': 2000, 'min_delta': 0.05, 'n_hidden_dense': 32, 'device': device(type='cpu')}, 'rnn': {'model_type': 'gru', 'input_size': 3, 'output_size': 3, 'n_hidden': 40, 'n_layers': 2, 'lr': 0.001, 'num_epochs': 300, 'min_delta': 0.001, 'n_hidden_dense': 32, 'device': device(type='cpu')}, 'lstm': {'model_type': 'lstm', 'input_size': 3, 'output_size': 3, 'n_hidden': 40, 'n_layers': 2, 'lr': 0.001, 'num_epochs': 300, 'min_delta': 0.001, 'n_hidden_dense': 32, 'device': device(type='cpu')}}} 

No. of trainable parameters: 4340

------------------------------ Training begins --------------------------------- 

Config: {'n_states': 3, 'n_obs': 3, 'mu_w': array([0., 0., 0.]), 'C_w': array([[[2139.80941674,    0.        ,    0.        ],
        [   0.        , 2139.80941674,    0.        ],
        [   0.        ,    0.        , 2139.80941674]],

       [[2140.98985186,    0.        ,    0.        ],
        [   0.        , 2140.98985186,    0.        ],
        [   0.        ,    0.        , 2140.98985186]],

       [[2294.66325484,    0.        ,    0.        ],
        [   0.        , 2294.66325484,    0.        ],
        [   0.        ,    0.        , 2294.66325484]],

       ...,

       [[2054.92478315,    0.        ,    0.        ],
        [   0.        , 2054.92478315,    0.        ],
        [   0.        ,    0.        , 2054.92478315]],

       [[2420.45611974,    0.        ,    0.        ],
        [   0.        , 2420.45611974,    0.        ],
        [   0.        ,    0.        , 2420.45611974]],

       [[2036.65029869,    0.        ,    0.        ],
        [   0.        , 2036.65029869,    0.        ],
        [   0.        ,    0.        , 2036.65029869]]]), 'H': array([[1., 0., 0.],
       [0., 1., 0.],
       [0., 0., 1.]]), 'mu_x0': array([0., 0., 0.]), 'C_x0': array([[1., 0., 0.],
       [0., 1., 0.],
       [0., 0., 1.]]), 'batch_size': 64, 'rnn_type': 'gru', 'device': device(type='cpu'), 'rnn_params_dict': {'gru': {'model_type': 'gru', 'input_size': 3, 'output_size': 3, 'n_hidden': 30, 'n_layers': 1, 'lr': 0.01, 'num_epochs': 2000, 'min_delta': 0.05, 'n_hidden_dense': 32, 'device': device(type='cpu')}, 'rnn': {'model_type': 'gru', 'input_size': 3, 'output_size': 3, 'n_hidden': 40, 'n_layers': 2, 'lr': 0.001, 'num_epochs': 300, 'min_delta': 0.001, 'n_hidden_dense': 32, 'device': device(type='cpu')}, 'lstm': {'model_type': 'lstm', 'input_size': 3, 'output_size': 3, 'n_hidden': 40, 'n_layers': 2, 'lr': 0.001, 'num_epochs': 300, 'min_delta': 0.001, 'n_hidden_dense': 32, 'device': device(type='cpu')}}} 

No. of trainable parameters: 4340

------------------------------ Training begins --------------------------------- 

Config: {'n_states': 3, 'n_obs': 3, 'mu_w': array([0., 0., 0.]), 'C_w': array([[[2139.80941674,    0.        ,    0.        ],
        [   0.        , 2139.80941674,    0.        ],
        [   0.        ,    0.        , 2139.80941674]],

       [[2140.98985186,    0.        ,    0.        ],
        [   0.        , 2140.98985186,    0.        ],
        [   0.        ,    0.        , 2140.98985186]],

       [[2294.66325484,    0.        ,    0.        ],
        [   0.        , 2294.66325484,    0.        ],
        [   0.        ,    0.        , 2294.66325484]],

       ...,

       [[2054.92478315,    0.        ,    0.        ],
        [   0.        , 2054.92478315,    0.        ],
        [   0.        ,    0.        , 2054.92478315]],

       [[2420.45611974,    0.        ,    0.        ],
        [   0.        , 2420.45611974,    0.        ],
        [   0.        ,    0.        , 2420.45611974]],

       [[2036.65029869,    0.        ,    0.        ],
        [   0.        , 2036.65029869,    0.        ],
        [   0.        ,    0.        , 2036.65029869]]]), 'H': array([[1., 0., 0.],
       [0., 1., 0.],
       [0., 0., 1.]]), 'mu_x0': array([0., 0., 0.]), 'C_x0': array([[1., 0., 0.],
       [0., 1., 0.],
       [0., 0., 1.]]), 'batch_size': 64, 'rnn_type': 'gru', 'device': device(type='cpu'), 'rnn_params_dict': {'gru': {'model_type': 'gru', 'input_size': 3, 'output_size': 3, 'n_hidden': 30, 'n_layers': 1, 'lr': 0.01, 'num_epochs': 2000, 'min_delta': 0.05, 'n_hidden_dense': 32, 'device': device(type='cpu')}, 'rnn': {'model_type': 'gru', 'input_size': 3, 'output_size': 3, 'n_hidden': 40, 'n_layers': 2, 'lr': 0.001, 'num_epochs': 300, 'min_delta': 0.001, 'n_hidden_dense': 32, 'device': device(type='cpu')}, 'lstm': {'model_type': 'lstm', 'input_size': 3, 'output_size': 3, 'n_hidden': 40, 'n_layers': 2, 'lr': 0.001, 'num_epochs': 300, 'min_delta': 0.001, 'n_hidden_dense': 32, 'device': device(type='cpu')}}} 

No. of trainable parameters: 4340

------------------------------ Training begins --------------------------------- 

Config: {'n_states': 3, 'n_obs': 3, 'mu_w': array([0., 0., 0.]), 'C_w': array([[[2139.80941674,    0.        ,    0.        ],
        [   0.        , 2139.80941674,    0.        ],
        [   0.        ,    0.        , 2139.80941674]],

       [[2140.98985186,    0.        ,    0.        ],
        [   0.        , 2140.98985186,    0.        ],
        [   0.        ,    0.        , 2140.98985186]],

       [[2294.66325484,    0.        ,    0.        ],
        [   0.        , 2294.66325484,    0.        ],
        [   0.        ,    0.        , 2294.66325484]],

       ...,

       [[2054.92478315,    0.        ,    0.        ],
        [   0.        , 2054.92478315,    0.        ],
        [   0.        ,    0.        , 2054.92478315]],

       [[2420.45611974,    0.        ,    0.        ],
        [   0.        , 2420.45611974,    0.        ],
        [   0.        ,    0.        , 2420.45611974]],

       [[2036.65029869,    0.        ,    0.        ],
        [   0.        , 2036.65029869,    0.        ],
        [   0.        ,    0.        , 2036.65029869]]]), 'H': array([[1., 0., 0.],
       [0., 1., 0.],
       [0., 0., 1.]]), 'mu_x0': array([0., 0., 0.]), 'C_x0': array([[1., 0., 0.],
       [0., 1., 0.],
       [0., 0., 1.]]), 'batch_size': 64, 'rnn_type': 'gru', 'device': device(type='cpu'), 'rnn_params_dict': {'gru': {'model_type': 'gru', 'input_size': 3, 'output_size': 3, 'n_hidden': 30, 'n_layers': 1, 'lr': 0.01, 'num_epochs': 2000, 'min_delta': 0.05, 'n_hidden_dense': 32, 'device': device(type='cpu')}, 'rnn': {'model_type': 'gru', 'input_size': 3, 'output_size': 3, 'n_hidden': 40, 'n_layers': 2, 'lr': 0.001, 'num_epochs': 300, 'min_delta': 0.001, 'n_hidden_dense': 32, 'device': device(type='cpu')}, 'lstm': {'model_type': 'lstm', 'input_size': 3, 'output_size': 3, 'n_hidden': 40, 'n_layers': 2, 'lr': 0.001, 'num_epochs': 300, 'min_delta': 0.001, 'n_hidden_dense': 32, 'device': device(type='cpu')}}} 

No. of trainable parameters: 4340

------------------------------ Training begins --------------------------------- 

Config: {'n_states': 3, 'n_obs': 3, 'mu_w': array([0., 0., 0.]), 'C_w': array([[[2139.80941674,    0.        ,    0.        ],
        [   0.        , 2139.80941674,    0.        ],
        [   0.        ,    0.        , 2139.80941674]],

       [[2140.98985186,    0.        ,    0.        ],
        [   0.        , 2140.98985186,    0.        ],
        [   0.        ,    0.        , 2140.98985186]],

       [[2294.66325484,    0.        ,    0.        ],
        [   0.        , 2294.66325484,    0.        ],
        [   0.        ,    0.        , 2294.66325484]],

       ...,

       [[2054.92478315,    0.        ,    0.        ],
        [   0.        , 2054.92478315,    0.        ],
        [   0.        ,    0.        , 2054.92478315]],

       [[2420.45611974,    0.        ,    0.        ],
        [   0.        , 2420.45611974,    0.        ],
        [   0.        ,    0.        , 2420.45611974]],

       [[2036.65029869,    0.        ,    0.        ],
        [   0.        , 2036.65029869,    0.        ],
        [   0.        ,    0.        , 2036.65029869]]]), 'H': array([[1., 0., 0.],
       [0., 1., 0.],
       [0., 0., 1.]]), 'mu_x0': array([0., 0., 0.]), 'C_x0': array([[1., 0., 0.],
       [0., 1., 0.],
       [0., 0., 1.]]), 'batch_size': 64, 'rnn_type': 'gru', 'device': device(type='cpu'), 'rnn_params_dict': {'gru': {'model_type': 'gru', 'input_size': 3, 'output_size': 3, 'n_hidden': 30, 'n_layers': 1, 'lr': 0.01, 'num_epochs': 2000, 'min_delta': 0.05, 'n_hidden_dense': 32, 'device': device(type='cpu')}, 'rnn': {'model_type': 'gru', 'input_size': 3, 'output_size': 3, 'n_hidden': 40, 'n_layers': 2, 'lr': 0.001, 'num_epochs': 300, 'min_delta': 0.001, 'n_hidden_dense': 32, 'device': device(type='cpu')}, 'lstm': {'model_type': 'lstm', 'input_size': 3, 'output_size': 3, 'n_hidden': 40, 'n_layers': 2, 'lr': 0.001, 'num_epochs': 300, 'min_delta': 0.001, 'n_hidden_dense': 32, 'device': device(type='cpu')}}} 

No. of trainable parameters: 4340

------------------------------ Training begins --------------------------------- 

Config: {'n_states': 3, 'n_obs': 3, 'mu_w': array([0., 0., 0.]), 'C_w': array([[[2343.05429175,    0.        ,    0.        ],
        [   0.        , 2343.05429175,    0.        ],
        [   0.        ,    0.        , 2343.05429175]]]), 'H': array([[1., 0., 0.],
       [0., 1., 0.],
       [0., 0., 1.]]), 'mu_x0': array([0., 0., 0.]), 'C_x0': array([[1., 0., 0.],
       [0., 1., 0.],
       [0., 0., 1.]]), 'batch_size': 64, 'rnn_type': 'gru', 'device': device(type='cpu'), 'rnn_params_dict': {'gru': {'model_type': 'gru', 'input_size': 3, 'output_size': 3, 'n_hidden': 30, 'n_layers': 1, 'lr': 0.01, 'num_epochs': 2000, 'min_delta': 0.05, 'n_hidden_dense': 32, 'device': device(type='cpu')}, 'rnn': {'model_type': 'gru', 'input_size': 3, 'output_size': 3, 'n_hidden': 40, 'n_layers': 2, 'lr': 0.001, 'num_epochs': 300, 'min_delta': 0.001, 'n_hidden_dense': 32, 'device': device(type='cpu')}, 'lstm': {'model_type': 'lstm', 'input_size': 3, 'output_size': 3, 'n_hidden': 40, 'n_layers': 2, 'lr': 0.001, 'num_epochs': 300, 'min_delta': 0.001, 'n_hidden_dense': 32, 'device': device(type='cpu')}}} 

No. of trainable parameters: 4340

Epoch: 1/2000, Training NLL:3.490367850, Val. NLL:3.480610132, Val. MSE: 245.337220902, Time_Elapsed:4.3101 secs
Epoch: 50/2000, Training NLL:3.445793033, Val. NLL:3.446697831, Val. MSE: 67.916657658, Time_Elapsed:224.4299 secs
Epoch: 100/2000, Training NLL:3.445179542, Val. NLL:3.451703310, Val. MSE: 67.544457373, Time_Elapsed:450.6173 secs
Epoch: 150/2000, Training NLL:3.444797754, Val. NLL:3.448981762, Val. MSE: 67.759451119, Time_Elapsed:681.4333 secs
Epoch: 200/2000, Training NLL:3.444926739, Val. NLL:3.452277541, Val. MSE: 68.634636734, Time_Elapsed:907.5254 secs
Epoch: 250/2000, Training NLL:3.444787423, Val. NLL:3.450451851, Val. MSE: 69.209326030, Time_Elapsed:1146.4122 secs
Epoch: 300/2000, Training NLL:3.444619497, Val. NLL:3.448017955, Val. MSE: 69.306721988, Time_Elapsed:1377.5775 secs
Epoch: 350/2000, Training NLL:3.444471041, Val. NLL:3.444794416, Val. MSE: 68.258769226, Time_Elapsed:1605.4571 secs
Epoch: 400/2000, Training NLL:3.444766363, Val. NLL:3.446075678, Val. MSE: 66.905381125, Time_Elapsed:1849.4291 secs
Epoch: 450/2000, Training NLL:3.444589734, Val. NLL:3.448519111, Val. MSE: 68.229914737, Time_Elapsed:2083.8774 secs
Epoch: 500/2000, Training NLL:3.444717407, Val. NLL:3.450554609, Val. MSE: 66.054857707, Time_Elapsed:2317.3667 secs
Epoch: 550/2000, Training NLL:3.444197615, Val. NLL:3.447740078, Val. MSE: 67.063594273, Time_Elapsed:2548.8314 secs
Epoch: 600/2000, Training NLL:3.444225311, Val. NLL:3.443553567, Val. MSE: 66.253976061, Time_Elapsed:2784.2388 secs
Epoch: 650/2000, Training NLL:3.445936203, Val. NLL:3.450031996, Val. MSE: 69.065405884, Time_Elapsed:3018.9933 secs
Consecutive iterations are:[669, 670, 671]
Exit and Convergence reached after 3 iterations for relative change in NLL below :0.05
Training convergence attained at Epoch: 671!

Saving the best model at epoch=671, with training loss=3.44570783774058, validation loss=3.4444481134414673
------------------------------ Training ends --------------------------------- 

------------------------------ Training begins --------------------------------- 

Config: {'n_states': 3, 'n_obs': 3, 'mu_w': array([0., 0., 0.]), 'C_w': array([[[2343.05429175,    0.        ,    0.        ],
        [   0.        , 2343.05429175,    0.        ],
        [   0.        ,    0.        , 2343.05429175]]]), 'H': array([[1., 0., 0.],
       [0., 1., 0.],
       [0., 0., 1.]]), 'mu_x0': array([0., 0., 0.]), 'C_x0': array([[1., 0., 0.],
       [0., 1., 0.],
       [0., 0., 1.]]), 'batch_size': 64, 'rnn_type': 'gru', 'device': device(type='cuda', index=0), 'rnn_params_dict': {'gru': {'model_type': 'gru', 'input_size': 3, 'output_size': 3, 'n_hidden': 30, 'n_layers': 1, 'lr': 0.01, 'num_epochs': 2000, 'min_delta': 0.05, 'n_hidden_dense': 32, 'device': device(type='cuda', index=0)}, 'rnn': {'model_type': 'gru', 'input_size': 3, 'output_size': 3, 'n_hidden': 40, 'n_layers': 2, 'lr': 0.001, 'num_epochs': 300, 'min_delta': 0.001, 'n_hidden_dense': 32, 'device': device(type='cuda', index=0)}, 'lstm': {'model_type': 'lstm', 'input_size': 3, 'output_size': 3, 'n_hidden': 40, 'n_layers': 2, 'lr': 0.001, 'num_epochs': 300, 'min_delta': 0.001, 'n_hidden_dense': 32, 'device': device(type='cuda', index=0)}}} 

No. of trainable parameters: 4340

Epoch: 1/2000, Training NLL:3.490367889, Val. NLL:3.486369610, Val. MSE: 245.830977400, Time_Elapsed:1.9101 secs
Interrupted!! ...saving the model at epoch:11
------------------------------ Training ends --------------------------------- 

