------------------------------ Training begins --------------------------------- 

Config: {'n_states': 32, 'n_obs': 32, 'mu_w': array([0., 0., 0., 0., 0., 0., 0., 0., 0., 0., 0., 0., 0., 0., 0., 0., 0.,
       0., 0., 0., 0., 0., 0., 0., 0., 0., 0., 0., 0., 0., 0., 0.]), 'C_w': None, 'H': array([[1., 0., 0., ..., 0., 0., 0.],
       [0., 1., 0., ..., 0., 0., 0.],
       [0., 0., 1., ..., 0., 0., 0.],
       ...,
       [0., 0., 0., ..., 1., 0., 0.],
       [0., 0., 0., ..., 0., 1., 0.],
       [0., 0., 0., ..., 0., 0., 1.]]), 'mu_x0': array([0., 0., 0., 0., 0., 0., 0., 0., 0., 0., 0., 0., 0., 0., 0., 0., 0.,
       0., 0., 0., 0., 0., 0., 0., 0., 0., 0., 0., 0., 0., 0., 0.]), 'C_x0': array([[1., 0., 0., ..., 0., 0., 0.],
       [0., 1., 0., ..., 0., 0., 0.],
       [0., 0., 1., ..., 0., 0., 0.],
       ...,
       [0., 0., 0., ..., 1., 0., 0.],
       [0., 0., 0., ..., 0., 1., 0.],
       [0., 0., 0., ..., 0., 0., 1.]]), 'batch_size': 64, 'rnn_type': 'gru', 'device': device(type='cuda', index=0), 'rnn_params_dict': {'gru': {'model_type': 'gru', 'input_size': 32, 'output_size': 32, 'n_hidden': 64, 'n_layers': 1, 'lr': 1e-05, 'num_epochs': 2000, 'min_delta': 0.05, 'n_hidden_dense': 64, 'device': device(type='cuda', index=0)}, 'rnn': {'model_type': 'gru', 'input_size': 32, 'output_size': 32, 'n_hidden': 40, 'n_layers': 2, 'lr': 0.001, 'num_epochs': 300, 'min_delta': 0.001, 'n_hidden_dense': 32, 'device': device(type='cuda', index=0)}, 'lstm': {'model_type': 'lstm', 'input_size': 32, 'output_size': 32, 'n_hidden': 40, 'n_layers': 2, 'lr': 0.001, 'num_epochs': 300, 'min_delta': 0.001, 'n_hidden_dense': 32, 'device': device(type='cuda', index=0)}}} 

No. of trainable parameters: 27136

Epoch: 1/2000, Training NLL:0.947087189, Val. NLL:0.928720117, Val. MSE: 5.622361183, Time_Elapsed:0.3665 secs
Epoch: 50/2000, Training NLL:0.934849183, Val. NLL:0.932922423, Val. MSE: 5.554053783, Time_Elapsed:5.7120 secs
Epoch: 100/2000, Training NLL:0.923622539, Val. NLL:0.946696758, Val. MSE: 5.545601368, Time_Elapsed:11.1685 secs
Epoch: 150/2000, Training NLL:0.908566008, Val. NLL:0.943016946, Val. MSE: 5.630139828, Time_Elapsed:16.6060 secs
Epoch: 200/2000, Training NLL:0.891406983, Val. NLL:0.907945931, Val. MSE: 5.179526091, Time_Elapsed:22.0081 secs
Epoch: 250/2000, Training NLL:0.867695749, Val. NLL:0.882345468, Val. MSE: 4.794077635, Time_Elapsed:27.2025 secs
Epoch: 300/2000, Training NLL:0.842708846, Val. NLL:0.878914922, Val. MSE: 4.817326784, Time_Elapsed:32.4461 secs
Epoch: 350/2000, Training NLL:0.820293625, Val. NLL:0.827659965, Val. MSE: 4.281124830, Time_Elapsed:37.6969 secs
Epoch: 400/2000, Training NLL:0.801511407, Val. NLL:0.828112185, Val. MSE: 4.197806120, Time_Elapsed:42.9367 secs
Epoch: 450/2000, Training NLL:0.785175939, Val. NLL:0.832465321, Val. MSE: 4.428508997, Time_Elapsed:48.1989 secs
Epoch: 500/2000, Training NLL:0.772147457, Val. NLL:0.775255620, Val. MSE: 3.718295097, Time_Elapsed:53.4736 secs
Epoch: 550/2000, Training NLL:0.760317455, Val. NLL:0.809292376, Val. MSE: 3.815022111, Time_Elapsed:58.7672 secs
Epoch: 600/2000, Training NLL:0.749244481, Val. NLL:0.759574056, Val. MSE: 3.588856578, Time_Elapsed:64.0182 secs
Epoch: 650/2000, Training NLL:0.738537103, Val. NLL:0.766139984, Val. MSE: 3.568000078, Time_Elapsed:69.2961 secs
Consecutive iterations are:[669, 670, 671]
Exit and Convergence reached after 3 iterations for relative change in NLL below :0.05
Training convergence attained at Epoch: 671!

Saving the best model at epoch=671, with training loss=0.7352605660756429, validation loss=0.7716664671897888
------------------------------ Training ends --------------------------------- 

