------------------------------ Training begins --------------------------------- 

Config: {'n_states': 16, 'n_obs': 16, 'mu_w': array([0., 0., 0., 0., 0., 0., 0., 0., 0., 0., 0., 0., 0., 0., 0., 0.]), 'C_w': None, 'H': array([[1., 0., 0., 0., 0., 0., 0., 0., 0., 0., 0., 0., 0., 0., 0., 0.],
       [0., 1., 0., 0., 0., 0., 0., 0., 0., 0., 0., 0., 0., 0., 0., 0.],
       [0., 0., 1., 0., 0., 0., 0., 0., 0., 0., 0., 0., 0., 0., 0., 0.],
       [0., 0., 0., 1., 0., 0., 0., 0., 0., 0., 0., 0., 0., 0., 0., 0.],
       [0., 0., 0., 0., 1., 0., 0., 0., 0., 0., 0., 0., 0., 0., 0., 0.],
       [0., 0., 0., 0., 0., 1., 0., 0., 0., 0., 0., 0., 0., 0., 0., 0.],
       [0., 0., 0., 0., 0., 0., 1., 0., 0., 0., 0., 0., 0., 0., 0., 0.],
       [0., 0., 0., 0., 0., 0., 0., 1., 0., 0., 0., 0., 0., 0., 0., 0.],
       [0., 0., 0., 0., 0., 0., 0., 0., 1., 0., 0., 0., 0., 0., 0., 0.],
       [0., 0., 0., 0., 0., 0., 0., 0., 0., 1., 0., 0., 0., 0., 0., 0.],
       [0., 0., 0., 0., 0., 0., 0., 0., 0., 0., 1., 0., 0., 0., 0., 0.],
       [0., 0., 0., 0., 0., 0., 0., 0., 0., 0., 0., 1., 0., 0., 0., 0.],
       [0., 0., 0., 0., 0., 0., 0., 0., 0., 0., 0., 0., 1., 0., 0., 0.],
       [0., 0., 0., 0., 0., 0., 0., 0., 0., 0., 0., 0., 0., 1., 0., 0.],
       [0., 0., 0., 0., 0., 0., 0., 0., 0., 0., 0., 0., 0., 0., 1., 0.],
       [0., 0., 0., 0., 0., 0., 0., 0., 0., 0., 0., 0., 0., 0., 0., 1.]]), 'mu_x0': array([0., 0., 0., 0., 0., 0., 0., 0., 0., 0., 0., 0., 0., 0., 0., 0.]), 'C_x0': array([[1., 0., 0., 0., 0., 0., 0., 0., 0., 0., 0., 0., 0., 0., 0., 0.],
       [0., 1., 0., 0., 0., 0., 0., 0., 0., 0., 0., 0., 0., 0., 0., 0.],
       [0., 0., 1., 0., 0., 0., 0., 0., 0., 0., 0., 0., 0., 0., 0., 0.],
       [0., 0., 0., 1., 0., 0., 0., 0., 0., 0., 0., 0., 0., 0., 0., 0.],
       [0., 0., 0., 0., 1., 0., 0., 0., 0., 0., 0., 0., 0., 0., 0., 0.],
       [0., 0., 0., 0., 0., 1., 0., 0., 0., 0., 0., 0., 0., 0., 0., 0.],
       [0., 0., 0., 0., 0., 0., 1., 0., 0., 0., 0., 0., 0., 0., 0., 0.],
       [0., 0., 0., 0., 0., 0., 0., 1., 0., 0., 0., 0., 0., 0., 0., 0.],
       [0., 0., 0., 0., 0., 0., 0., 0., 1., 0., 0., 0., 0., 0., 0., 0.],
       [0., 0., 0., 0., 0., 0., 0., 0., 0., 1., 0., 0., 0., 0., 0., 0.],
       [0., 0., 0., 0., 0., 0., 0., 0., 0., 0., 1., 0., 0., 0., 0., 0.],
       [0., 0., 0., 0., 0., 0., 0., 0., 0., 0., 0., 1., 0., 0., 0., 0.],
       [0., 0., 0., 0., 0., 0., 0., 0., 0., 0., 0., 0., 1., 0., 0., 0.],
       [0., 0., 0., 0., 0., 0., 0., 0., 0., 0., 0., 0., 0., 1., 0., 0.],
       [0., 0., 0., 0., 0., 0., 0., 0., 0., 0., 0., 0., 0., 0., 1., 0.],
       [0., 0., 0., 0., 0., 0., 0., 0., 0., 0., 0., 0., 0., 0., 0., 1.]]), 'batch_size': 64, 'rnn_type': 'gru', 'num_mixtures': 10, 'device': device(type='cuda', index=0), 'rnn_params_dict': {'gru': {'model_type': 'gru', 'input_size': 16, 'output_size': 16, 'num_mixtures': 10, 'n_hidden': 128, 'n_layers': 1, 'lr': 1e-05, 'num_epochs': 2000, 'min_delta': 0.005, 'n_hidden_dense': 64, 'device': device(type='cuda', index=0)}, 'rnn': {'model_type': 'gru', 'input_size': 16, 'output_size': 16, 'num_mixtures': None, 'n_hidden': 40, 'n_layers': 2, 'lr': 0.001, 'num_epochs': 300, 'min_delta': 0.001, 'n_hidden_dense': 32, 'device': device(type='cuda', index=0)}, 'lstm': {'model_type': 'lstm', 'input_size': 16, 'output_size': 16, 'num_mixtures': None, 'n_hidden': 40, 'n_layers': 2, 'lr': 0.001, 'num_epochs': 300, 'min_delta': 0.001, 'n_hidden_dense': 32, 'device': device(type='cuda', index=0)}}} 

No. of trainable parameters: 85770

Epoch: 1/2000, Training NLL:18.567429225, Val. NLL:19.406558990, Val. MSE: 11.954660892, Time_Elapsed:0.5670 secs
Epoch: 50/2000, Training NLL:18.346604665, Val. NLL:18.447235107, Val. MSE: 10.743229866, Time_Elapsed:15.7608 secs
Epoch: 100/2000, Training NLL:17.858811061, Val. NLL:18.245553970, Val. MSE: 10.458881378, Time_Elapsed:31.0365 secs
Epoch: 150/2000, Training NLL:16.612161318, Val. NLL:17.157574654, Val. MSE: 8.648810387, Time_Elapsed:46.4155 secs
Epoch: 200/2000, Training NLL:15.217817942, Val. NLL:15.777456284, Val. MSE: 7.113253832, Time_Elapsed:61.7435 secs
Epoch: 250/2000, Training NLL:14.462076823, Val. NLL:15.133278847, Val. MSE: 6.532319546, Time_Elapsed:76.8314 secs
Epoch: 300/2000, Training NLL:13.892181396, Val. NLL:14.681014061, Val. MSE: 5.841901779, Time_Elapsed:92.3369 secs
Epoch: 350/2000, Training NLL:13.429667473, Val. NLL:14.394168854, Val. MSE: 5.527281284, Time_Elapsed:107.7106 secs
Epoch: 400/2000, Training NLL:13.051688830, Val. NLL:14.180857658, Val. MSE: 5.342236996, Time_Elapsed:123.1249 secs
Epoch: 450/2000, Training NLL:12.713299592, Val. NLL:14.085809708, Val. MSE: 5.353979588, Time_Elapsed:138.6312 secs
Epoch: 500/2000, Training NLL:12.364458084, Val. NLL:13.054817200, Val. MSE: 4.943210125, Time_Elapsed:154.0185 secs
Epoch: 550/2000, Training NLL:12.053533554, Val. NLL:12.921160221, Val. MSE: 4.859035015, Time_Elapsed:169.4485 secs
Epoch: 600/2000, Training NLL:11.710943222, Val. NLL:12.854445457, Val. MSE: 4.900887489, Time_Elapsed:184.7354 secs
Epoch: 650/2000, Training NLL:11.347309589, Val. NLL:11.909500122, Val. MSE: 4.729471922, Time_Elapsed:200.0544 secs
Epoch: 700/2000, Training NLL:11.003144582, Val. NLL:12.152882099, Val. MSE: 4.878751278, Time_Elapsed:215.4648 secs
Epoch: 750/2000, Training NLL:10.649955432, Val. NLL:12.291976929, Val. MSE: 5.242583513, Time_Elapsed:230.9002 secs
Epoch: 800/2000, Training NLL:10.295187314, Val. NLL:11.199269295, Val. MSE: 4.758756161, Time_Elapsed:246.2275 secs
Consecutive iterations are:[801, 802, 803]
Exit and Convergence reached after 3 iterations for relative change in NLL below :0.005
Training convergence attained at Epoch: 803!

Saving the best model at epoch=803, with training loss=10.281328042348227, validation loss=11.163920879364014
------------------------------ Training ends --------------------------------- 

