------------------------------ Training begins --------------------------------- 

Config: {'n_states': 16, 'n_obs': 16, 'mu_w': array([0., 0., 0., 0., 0., 0., 0., 0., 0., 0., 0., 0., 0., 0., 0., 0.]), 'C_w': None, 'H': array([[1., 0., 0., 0., 0., 0., 0., 0., 0., 0., 0., 0., 0., 0., 0., 0.],
       [0., 1., 0., 0., 0., 0., 0., 0., 0., 0., 0., 0., 0., 0., 0., 0.],
       [0., 0., 1., 0., 0., 0., 0., 0., 0., 0., 0., 0., 0., 0., 0., 0.],
       [0., 0., 0., 1., 0., 0., 0., 0., 0., 0., 0., 0., 0., 0., 0., 0.],
       [0., 0., 0., 0., 1., 0., 0., 0., 0., 0., 0., 0., 0., 0., 0., 0.],
       [0., 0., 0., 0., 0., 1., 0., 0., 0., 0., 0., 0., 0., 0., 0., 0.],
       [0., 0., 0., 0., 0., 0., 1., 0., 0., 0., 0., 0., 0., 0., 0., 0.],
       [0., 0., 0., 0., 0., 0., 0., 1., 0., 0., 0., 0., 0., 0., 0., 0.],
       [0., 0., 0., 0., 0., 0., 0., 0., 1., 0., 0., 0., 0., 0., 0., 0.],
       [0., 0., 0., 0., 0., 0., 0., 0., 0., 1., 0., 0., 0., 0., 0., 0.],
       [0., 0., 0., 0., 0., 0., 0., 0., 0., 0., 1., 0., 0., 0., 0., 0.],
       [0., 0., 0., 0., 0., 0., 0., 0., 0., 0., 0., 1., 0., 0., 0., 0.],
       [0., 0., 0., 0., 0., 0., 0., 0., 0., 0., 0., 0., 1., 0., 0., 0.],
       [0., 0., 0., 0., 0., 0., 0., 0., 0., 0., 0., 0., 0., 1., 0., 0.],
       [0., 0., 0., 0., 0., 0., 0., 0., 0., 0., 0., 0., 0., 0., 1., 0.],
       [0., 0., 0., 0., 0., 0., 0., 0., 0., 0., 0., 0., 0., 0., 0., 1.]]), 'mu_x0': array([0., 0., 0., 0., 0., 0., 0., 0., 0., 0., 0., 0., 0., 0., 0., 0.]), 'C_x0': array([[1., 0., 0., 0., 0., 0., 0., 0., 0., 0., 0., 0., 0., 0., 0., 0.],
       [0., 1., 0., 0., 0., 0., 0., 0., 0., 0., 0., 0., 0., 0., 0., 0.],
       [0., 0., 1., 0., 0., 0., 0., 0., 0., 0., 0., 0., 0., 0., 0., 0.],
       [0., 0., 0., 1., 0., 0., 0., 0., 0., 0., 0., 0., 0., 0., 0., 0.],
       [0., 0., 0., 0., 1., 0., 0., 0., 0., 0., 0., 0., 0., 0., 0., 0.],
       [0., 0., 0., 0., 0., 1., 0., 0., 0., 0., 0., 0., 0., 0., 0., 0.],
       [0., 0., 0., 0., 0., 0., 1., 0., 0., 0., 0., 0., 0., 0., 0., 0.],
       [0., 0., 0., 0., 0., 0., 0., 1., 0., 0., 0., 0., 0., 0., 0., 0.],
       [0., 0., 0., 0., 0., 0., 0., 0., 1., 0., 0., 0., 0., 0., 0., 0.],
       [0., 0., 0., 0., 0., 0., 0., 0., 0., 1., 0., 0., 0., 0., 0., 0.],
       [0., 0., 0., 0., 0., 0., 0., 0., 0., 0., 1., 0., 0., 0., 0., 0.],
       [0., 0., 0., 0., 0., 0., 0., 0., 0., 0., 0., 1., 0., 0., 0., 0.],
       [0., 0., 0., 0., 0., 0., 0., 0., 0., 0., 0., 0., 1., 0., 0., 0.],
       [0., 0., 0., 0., 0., 0., 0., 0., 0., 0., 0., 0., 0., 1., 0., 0.],
       [0., 0., 0., 0., 0., 0., 0., 0., 0., 0., 0., 0., 0., 0., 1., 0.],
       [0., 0., 0., 0., 0., 0., 0., 0., 0., 0., 0., 0., 0., 0., 0., 1.]]), 'batch_size': 64, 'rnn_type': 'gru', 'num_mixtures': 20, 'device': device(type='cuda', index=0), 'rnn_params_dict': {'gru': {'model_type': 'gru', 'input_size': 16, 'output_size': 16, 'num_mixtures': 20, 'n_hidden': 128, 'n_layers': 1, 'lr': 1e-05, 'num_epochs': 2000, 'min_delta': 0.005, 'n_hidden_dense': 64, 'device': device(type='cuda', index=0)}, 'rnn': {'model_type': 'gru', 'input_size': 16, 'output_size': 16, 'num_mixtures': None, 'n_hidden': 40, 'n_layers': 2, 'lr': 0.001, 'num_epochs': 300, 'min_delta': 0.001, 'n_hidden_dense': 32, 'device': device(type='cuda', index=0)}, 'lstm': {'model_type': 'lstm', 'input_size': 16, 'output_size': 16, 'num_mixtures': None, 'n_hidden': 40, 'n_layers': 2, 'lr': 0.001, 'num_epochs': 300, 'min_delta': 0.001, 'n_hidden_dense': 32, 'device': device(type='cuda', index=0)}}} 

No. of trainable parameters: 107220

Epoch: 1/2000, Training NLL:25.958277067, Val. NLL:26.654819489, Val. MSE: 15.397269726, Time_Elapsed:0.7214 secs
Epoch: 50/2000, Training NLL:25.937326749, Val. NLL:26.416918755, Val. MSE: 14.733800888, Time_Elapsed:24.2897 secs
Epoch: 100/2000, Training NLL:25.885505676, Val. NLL:26.716024399, Val. MSE: 15.089880466, Time_Elapsed:48.3351 secs
Epoch: 150/2000, Training NLL:25.845061620, Val. NLL:26.813054085, Val. MSE: 15.334750652, Time_Elapsed:72.4098 secs
Epoch: 200/2000, Training NLL:25.714129448, Val. NLL:26.105980873, Val. MSE: 13.924611092, Time_Elapsed:96.4880 secs
Epoch: 250/2000, Training NLL:25.502902031, Val. NLL:25.405716896, Val. MSE: 12.251760960, Time_Elapsed:120.5216 secs
Epoch: 300/2000, Training NLL:25.322647413, Val. NLL:25.428822517, Val. MSE: 12.208624840, Time_Elapsed:144.6589 secs
Epoch: 350/2000, Training NLL:25.219592730, Val. NLL:25.591459274, Val. MSE: 12.467259407, Time_Elapsed:168.8081 secs
Epoch: 400/2000, Training NLL:25.103591601, Val. NLL:25.335147858, Val. MSE: 12.276977062, Time_Elapsed:192.8927 secs
Epoch: 450/2000, Training NLL:25.004684130, Val. NLL:25.857054710, Val. MSE: 12.148406029, Time_Elapsed:216.8297 secs
Epoch: 500/2000, Training NLL:24.894248009, Val. NLL:25.143362999, Val. MSE: 12.253787041, Time_Elapsed:240.8207 secs
Epoch: 550/2000, Training NLL:24.760197322, Val. NLL:24.975950241, Val. MSE: 11.343515873, Time_Elapsed:264.9186 secs
Epoch: 600/2000, Training NLL:24.707331340, Val. NLL:25.051944733, Val. MSE: 11.786064148, Time_Elapsed:288.9914 secs
Epoch: 650/2000, Training NLL:24.579025586, Val. NLL:25.523828506, Val. MSE: 12.281912327, Time_Elapsed:313.0729 secs
Epoch: 700/2000, Training NLL:24.483067513, Val. NLL:24.830453873, Val. MSE: 11.250058651, Time_Elapsed:336.9762 secs
Epoch: 750/2000, Training NLL:24.408989906, Val. NLL:24.774435043, Val. MSE: 11.721246243, Time_Elapsed:361.0183 secs
Epoch: 800/2000, Training NLL:24.292638143, Val. NLL:24.880990982, Val. MSE: 11.761856556, Time_Elapsed:385.1109 secs
Epoch: 850/2000, Training NLL:24.244812012, Val. NLL:24.822991371, Val. MSE: 11.739947319, Time_Elapsed:409.0981 secs
Consecutive iterations are:[868, 869, 870]
Exit and Convergence reached after 3 iterations for relative change in NLL below :0.005
Training convergence attained at Epoch: 870!

Saving the best model at epoch=870, with training loss=24.18388303120931, validation loss=24.925354957580566
------------------------------ Training ends --------------------------------- 

