------------------------------ Training begins --------------------------------- 

Config: {'n_states': 3, 'n_obs': 3, 'mu_w': array([0., 0., 0.]), 'C_w': array([[0.21765277, 0.        , 0.        ],
       [0.        , 0.21765277, 0.        ],
       [0.        , 0.        , 0.21765277]]), 'H': array([[1., 0., 0.],
       [0., 1., 0.],
       [0., 0., 1.]]), 'mu_x0': array([0., 0., 0.]), 'C_x0': array([[1., 0., 0.],
       [0., 1., 0.],
       [0., 0., 1.]]), 'batch_size': 64, 'rnn_type': 'gru', 'device': device(type='cpu'), 'rnn_params_dict': {'gru': {'model_type': 'gru', 'input_size': 3, 'output_size': 3, 'n_hidden': 30, 'n_layers': 1, 'lr': 0.01, 'num_epochs': 2000, 'min_delta': 0.05, 'n_hidden_dense': 32, 'device': device(type='cpu')}, 'rnn': {'model_type': 'gru', 'input_size': 3, 'output_size': 3, 'n_hidden': 40, 'n_layers': 2, 'lr': 0.001, 'num_epochs': 300, 'min_delta': 0.001, 'n_hidden_dense': 32, 'device': device(type='cpu')}, 'lstm': {'model_type': 'lstm', 'input_size': 3, 'output_size': 3, 'n_hidden': 40, 'n_layers': 2, 'lr': 0.001, 'num_epochs': 300, 'min_delta': 0.001, 'n_hidden_dense': 32, 'device': device(type='cpu')}}} 

No. of trainable parameters: 4340

Epoch: 1/2000, Training NLL:108.492034276, Val. NLL:46.136043549, Val. MSE: 4.199483502, Time_Elapsed:2.6181 secs
Epoch: 50/2000, Training NLL:0.416966259, Val. NLL:0.366580293, Val. MSE: 2.645002299, Time_Elapsed:177.7057 secs
Epoch: 100/2000, Training NLL:-0.688999414, Val. NLL:-0.714195192, Val. MSE: 2.529943648, Time_Elapsed:360.8431 secs
Epoch: 150/2000, Training NLL:-0.780605406, Val. NLL:-0.780469745, Val. MSE: 2.499321162, Time_Elapsed:541.1433 secs
Epoch: 200/2000, Training NLL:-0.788238903, Val. NLL:-0.803964436, Val. MSE: 2.554083587, Time_Elapsed:723.7857 secs
Epoch: 250/2000, Training NLL:-0.728097528, Val. NLL:-0.793351203, Val. MSE: 2.551272366, Time_Elapsed:909.1574 secs
Epoch: 300/2000, Training NLL:-0.798151821, Val. NLL:-0.800539196, Val. MSE: 2.497992059, Time_Elapsed:1093.5047 secs
Epoch: 350/2000, Training NLL:-0.800262173, Val. NLL:-0.788249075, Val. MSE: 2.512733839, Time_Elapsed:1276.8540 secs
Epoch: 400/2000, Training NLL:-0.816992372, Val. NLL:-0.815772414, Val. MSE: 2.519640317, Time_Elapsed:1461.7559 secs
Epoch: 450/2000, Training NLL:-0.830217948, Val. NLL:-0.829478770, Val. MSE: 2.499703598, Time_Elapsed:1643.4946 secs
Epoch: 500/2000, Training NLL:-0.770806621, Val. NLL:-0.790977865, Val. MSE: 2.540204387, Time_Elapsed:1820.0173 secs
Epoch: 550/2000, Training NLL:-0.816224019, Val. NLL:-0.815479040, Val. MSE: 2.463543265, Time_Elapsed:2000.6511 secs
Epoch: 600/2000, Training NLL:-0.834977478, Val. NLL:-0.837630272, Val. MSE: 2.526649132, Time_Elapsed:2181.7579 secs
Epoch: 650/2000, Training NLL:-0.820395370, Val. NLL:-0.822216600, Val. MSE: 2.493130221, Time_Elapsed:2369.5601 secs
Consecutive iterations are:[669, 670, 671]
Exit and Convergence reached after 3 iterations for relative change in NLL below :0.05
Training convergence attained at Epoch: 671!

Saving the best model at epoch=671, with training loss=-0.8391153713067373, validation loss=-0.8399583697319031
------------------------------ Training ends --------------------------------- 

------------------------------ Training begins --------------------------------- 

Config: {'n_states': 3, 'n_obs': 3, 'mu_w': array([0., 0., 0.]), 'C_w': array([[0.23550967, 0.        , 0.        ],
       [0.        , 0.23550967, 0.        ],
       [0.        , 0.        , 0.23550967]]), 'H': array([[1., 0., 0.],
       [0., 1., 0.],
       [0., 0., 1.]]), 'mu_x0': array([0., 0., 0.]), 'C_x0': array([[1., 0., 0.],
       [0., 1., 0.],
       [0., 0., 1.]]), 'batch_size': 64, 'rnn_type': 'gru', 'device': device(type='cpu'), 'rnn_params_dict': {'gru': {'model_type': 'gru', 'input_size': 3, 'output_size': 3, 'n_hidden': 30, 'n_layers': 1, 'lr': 0.01, 'num_epochs': 2000, 'min_delta': 0.05, 'n_hidden_dense': 32, 'device': device(type='cpu')}, 'rnn': {'model_type': 'gru', 'input_size': 3, 'output_size': 3, 'n_hidden': 40, 'n_layers': 2, 'lr': 0.001, 'num_epochs': 300, 'min_delta': 0.001, 'n_hidden_dense': 32, 'device': device(type='cpu')}, 'lstm': {'model_type': 'lstm', 'input_size': 3, 'output_size': 3, 'n_hidden': 40, 'n_layers': 2, 'lr': 0.001, 'num_epochs': 300, 'min_delta': 0.001, 'n_hidden_dense': 32, 'device': device(type='cpu')}}} 

No. of trainable parameters: 4340

Epoch: 1/2000, Training NLL:93.792389552, Val. NLL:36.468786240, Val. MSE: 1.363834452, Time_Elapsed:3.1832 secs
Epoch: 50/2000, Training NLL:0.032353549, Val. NLL:0.034215869, Val. MSE: 0.201463342, Time_Elapsed:184.3867 secs
Epoch: 100/2000, Training NLL:0.243518693, Val. NLL:0.213724867, Val. MSE: 0.206870072, Time_Elapsed:373.9335 secs
Epoch: 150/2000, Training NLL:-0.769498944, Val. NLL:-0.776334226, Val. MSE: 0.116503921, Time_Elapsed:557.6119 secs
Epoch: 200/2000, Training NLL:-0.311447432, Val. NLL:-0.333013520, Val. MSE: 0.158660449, Time_Elapsed:736.8629 secs
Epoch: 250/2000, Training NLL:-0.779534032, Val. NLL:-0.743079185, Val. MSE: 0.126656036, Time_Elapsed:911.7041 secs
Epoch: 300/2000, Training NLL:-0.792890122, Val. NLL:-0.813760817, Val. MSE: 0.112120333, Time_Elapsed:1085.4453 secs
Epoch: 350/2000, Training NLL:-0.802824001, Val. NLL:-0.810325146, Val. MSE: 0.111043608, Time_Elapsed:1264.0401 secs
Epoch: 400/2000, Training NLL:-0.796213239, Val. NLL:-0.802602619, Val. MSE: 0.113532615, Time_Elapsed:1443.1363 secs
Epoch: 450/2000, Training NLL:-0.822215080, Val. NLL:-0.810619920, Val. MSE: 0.114272990, Time_Elapsed:1623.1668 secs
Epoch: 500/2000, Training NLL:-0.723936121, Val. NLL:-0.584806919, Val. MSE: 0.161411949, Time_Elapsed:1803.5381 secs
Epoch: 550/2000, Training NLL:-0.834885240, Val. NLL:-0.828768611, Val. MSE: 0.108874277, Time_Elapsed:1984.9504 secs
Epoch: 600/2000, Training NLL:-0.775533458, Val. NLL:-0.797999531, Val. MSE: 0.115969421, Time_Elapsed:2167.3763 secs
Epoch: 650/2000, Training NLL:-0.768566847, Val. NLL:-0.797038466, Val. MSE: 0.117859876, Time_Elapsed:2351.3124 secs
Consecutive iterations are:[669, 670, 671]
Exit and Convergence reached after 3 iterations for relative change in NLL below :0.05
Training convergence attained at Epoch: 671!

Saving the best model at epoch=671, with training loss=-0.8374299705028534, validation loss=-0.8314894735813141
------------------------------ Training ends --------------------------------- 

------------------------------ Training begins --------------------------------- 

Config: {'n_states': 3, 'n_obs': 3, 'mu_w': array([0., 0., 0.]), 'C_w': array([[[0.22160888, 0.        , 0.        ],
        [0.        , 0.22160888, 0.        ],
        [0.        , 0.        , 0.22160888]]]), 'H': array([[1., 0., 0.],
       [0., 1., 0.],
       [0., 0., 1.]]), 'mu_x0': array([0., 0., 0.]), 'C_x0': array([[1., 0., 0.],
       [0., 1., 0.],
       [0., 0., 1.]]), 'batch_size': 64, 'rnn_type': 'gru', 'device': device(type='cpu'), 'rnn_params_dict': {'gru': {'model_type': 'gru', 'input_size': 3, 'output_size': 3, 'n_hidden': 30, 'n_layers': 1, 'lr': 0.01, 'num_epochs': 2000, 'min_delta': 0.05, 'n_hidden_dense': 32, 'device': device(type='cpu')}, 'rnn': {'model_type': 'gru', 'input_size': 3, 'output_size': 3, 'n_hidden': 40, 'n_layers': 2, 'lr': 0.001, 'num_epochs': 300, 'min_delta': 0.001, 'n_hidden_dense': 32, 'device': device(type='cpu')}, 'lstm': {'model_type': 'lstm', 'input_size': 3, 'output_size': 3, 'n_hidden': 40, 'n_layers': 2, 'lr': 0.001, 'num_epochs': 300, 'min_delta': 0.001, 'n_hidden_dense': 32, 'device': device(type='cpu')}}} 

No. of trainable parameters: 4340

Epoch: 1/2000, Training NLL:94.848100662, Val. NLL:36.621377945, Val. MSE: 1.235025711, Time_Elapsed:4.0103 secs
Epoch: 50/2000, Training NLL:0.011375559, Val. NLL:-0.014119075, Val. MSE: 0.187422746, Time_Elapsed:225.6652 secs
Epoch: 100/2000, Training NLL:-0.735462169, Val. NLL:-0.729727656, Val. MSE: 0.131284888, Time_Elapsed:450.1706 secs
Epoch: 150/2000, Training NLL:-0.310427487, Val. NLL:-0.396881908, Val. MSE: 0.168250389, Time_Elapsed:682.0404 secs
Epoch: 200/2000, Training NLL:-0.195973782, Val. NLL:0.062296808, Val. MSE: 0.192062582, Time_Elapsed:910.0969 secs
Epoch: 250/2000, Training NLL:-0.807330757, Val. NLL:-0.806951642, Val. MSE: 0.111849071, Time_Elapsed:1137.6697 secs
Epoch: 300/2000, Training NLL:0.432379361, Val. NLL:-0.125538465, Val. MSE: 0.190921401, Time_Elapsed:1362.7647 secs
Epoch: 350/2000, Training NLL:-0.791411658, Val. NLL:-0.784365773, Val. MSE: 0.116827442, Time_Elapsed:1586.5855 secs
Epoch: 400/2000, Training NLL:-0.804151664, Val. NLL:-0.805279881, Val. MSE: 0.113583363, Time_Elapsed:1817.8024 secs
Epoch: 450/2000, Training NLL:-0.809458077, Val. NLL:-0.829462409, Val. MSE: 0.109567478, Time_Elapsed:2041.8720 secs
Epoch: 500/2000, Training NLL:-0.813574702, Val. NLL:-0.792693734, Val. MSE: 0.117379636, Time_Elapsed:2264.6617 secs
Epoch: 550/2000, Training NLL:-0.803134024, Val. NLL:-0.815962195, Val. MSE: 0.112961443, Time_Elapsed:2487.2049 secs
Epoch: 600/2000, Training NLL:-0.807017436, Val. NLL:-0.817264974, Val. MSE: 0.112494297, Time_Elapsed:2716.3913 secs
Epoch: 650/2000, Training NLL:-0.816804220, Val. NLL:-0.807883531, Val. MSE: 0.114339417, Time_Elapsed:2943.8782 secs
Consecutive iterations are:[669, 670, 671]
Exit and Convergence reached after 3 iterations for relative change in NLL below :0.05
Training convergence attained at Epoch: 671!

Saving the best model at epoch=671, with training loss=-0.8342963556448618, validation loss=-0.8366943597793579
------------------------------ Training ends --------------------------------- 

