------------------------------ Training begins --------------------------------- 

Config: {'n_states': 16, 'n_obs': 16, 'mu_w': array([0., 0., 0., 0., 0., 0., 0., 0., 0., 0., 0., 0., 0., 0., 0., 0.]), 'C_w': None, 'H': array([[1., 0., 0., 0., 0., 0., 0., 0., 0., 0., 0., 0., 0., 0., 0., 0.],
       [0., 1., 0., 0., 0., 0., 0., 0., 0., 0., 0., 0., 0., 0., 0., 0.],
       [0., 0., 1., 0., 0., 0., 0., 0., 0., 0., 0., 0., 0., 0., 0., 0.],
       [0., 0., 0., 1., 0., 0., 0., 0., 0., 0., 0., 0., 0., 0., 0., 0.],
       [0., 0., 0., 0., 1., 0., 0., 0., 0., 0., 0., 0., 0., 0., 0., 0.],
       [0., 0., 0., 0., 0., 1., 0., 0., 0., 0., 0., 0., 0., 0., 0., 0.],
       [0., 0., 0., 0., 0., 0., 1., 0., 0., 0., 0., 0., 0., 0., 0., 0.],
       [0., 0., 0., 0., 0., 0., 0., 1., 0., 0., 0., 0., 0., 0., 0., 0.],
       [0., 0., 0., 0., 0., 0., 0., 0., 1., 0., 0., 0., 0., 0., 0., 0.],
       [0., 0., 0., 0., 0., 0., 0., 0., 0., 1., 0., 0., 0., 0., 0., 0.],
       [0., 0., 0., 0., 0., 0., 0., 0., 0., 0., 1., 0., 0., 0., 0., 0.],
       [0., 0., 0., 0., 0., 0., 0., 0., 0., 0., 0., 1., 0., 0., 0., 0.],
       [0., 0., 0., 0., 0., 0., 0., 0., 0., 0., 0., 0., 1., 0., 0., 0.],
       [0., 0., 0., 0., 0., 0., 0., 0., 0., 0., 0., 0., 0., 1., 0., 0.],
       [0., 0., 0., 0., 0., 0., 0., 0., 0., 0., 0., 0., 0., 0., 1., 0.],
       [0., 0., 0., 0., 0., 0., 0., 0., 0., 0., 0., 0., 0., 0., 0., 1.]]), 'mu_x0': array([0., 0., 0., 0., 0., 0., 0., 0., 0., 0., 0., 0., 0., 0., 0., 0.]), 'C_x0': array([[1., 0., 0., 0., 0., 0., 0., 0., 0., 0., 0., 0., 0., 0., 0., 0.],
       [0., 1., 0., 0., 0., 0., 0., 0., 0., 0., 0., 0., 0., 0., 0., 0.],
       [0., 0., 1., 0., 0., 0., 0., 0., 0., 0., 0., 0., 0., 0., 0., 0.],
       [0., 0., 0., 1., 0., 0., 0., 0., 0., 0., 0., 0., 0., 0., 0., 0.],
       [0., 0., 0., 0., 1., 0., 0., 0., 0., 0., 0., 0., 0., 0., 0., 0.],
       [0., 0., 0., 0., 0., 1., 0., 0., 0., 0., 0., 0., 0., 0., 0., 0.],
       [0., 0., 0., 0., 0., 0., 1., 0., 0., 0., 0., 0., 0., 0., 0., 0.],
       [0., 0., 0., 0., 0., 0., 0., 1., 0., 0., 0., 0., 0., 0., 0., 0.],
       [0., 0., 0., 0., 0., 0., 0., 0., 1., 0., 0., 0., 0., 0., 0., 0.],
       [0., 0., 0., 0., 0., 0., 0., 0., 0., 1., 0., 0., 0., 0., 0., 0.],
       [0., 0., 0., 0., 0., 0., 0., 0., 0., 0., 1., 0., 0., 0., 0., 0.],
       [0., 0., 0., 0., 0., 0., 0., 0., 0., 0., 0., 1., 0., 0., 0., 0.],
       [0., 0., 0., 0., 0., 0., 0., 0., 0., 0., 0., 0., 1., 0., 0., 0.],
       [0., 0., 0., 0., 0., 0., 0., 0., 0., 0., 0., 0., 0., 1., 0., 0.],
       [0., 0., 0., 0., 0., 0., 0., 0., 0., 0., 0., 0., 0., 0., 1., 0.],
       [0., 0., 0., 0., 0., 0., 0., 0., 0., 0., 0., 0., 0., 0., 0., 1.]]), 'batch_size': 64, 'rnn_type': 'gru', 'num_mixtures': 1, 'device': device(type='cuda', index=0), 'rnn_params_dict': {'gru': {'model_type': 'gru', 'input_size': 16, 'output_size': 16, 'num_mixtures': 1, 'n_hidden': 32, 'n_layers': 1, 'lr': 2e-05, 'num_epochs': 2000, 'min_delta': 0.05, 'n_hidden_dense': 32, 'device': device(type='cuda', index=0)}, 'rnn': {'model_type': 'gru', 'input_size': 16, 'output_size': 16, 'num_mixtures': None, 'n_hidden': 40, 'n_layers': 2, 'lr': 0.001, 'num_epochs': 300, 'min_delta': 0.001, 'n_hidden_dense': 32, 'device': device(type='cuda', index=0)}, 'lstm': {'model_type': 'lstm', 'input_size': 16, 'output_size': 16, 'num_mixtures': None, 'n_hidden': 40, 'n_layers': 2, 'lr': 0.001, 'num_epochs': 300, 'min_delta': 0.001, 'n_hidden_dense': 32, 'device': device(type='cuda', index=0)}}} 

No. of trainable parameters: 6945

Epoch: 1/2000, Training NLL:0.027053450, Val. NLL:0.027656686, Val. MSE: 15.116476059, Time_Elapsed:0.3947 secs
Epoch: 50/2000, Training NLL:0.027037180, Val. NLL:0.027255866, Val. MSE: 14.180348396, Time_Elapsed:7.4030 secs
Epoch: 100/2000, Training NLL:0.026971838, Val. NLL:0.027344049, Val. MSE: 14.647100449, Time_Elapsed:14.8698 secs
Epoch: 150/2000, Training NLL:0.026940200, Val. NLL:0.026904138, Val. MSE: 13.245521545, Time_Elapsed:22.4761 secs
Epoch: 200/2000, Training NLL:0.026884204, Val. NLL:0.026933275, Val. MSE: 14.275559902, Time_Elapsed:30.2208 secs
Epoch: 250/2000, Training NLL:0.026810292, Val. NLL:0.027174423, Val. MSE: 13.419449806, Time_Elapsed:37.9447 secs
Epoch: 300/2000, Training NLL:0.026761629, Val. NLL:0.027518942, Val. MSE: 13.986806393, Time_Elapsed:45.5460 secs
Epoch: 350/2000, Training NLL:0.026674459, Val. NLL:0.026620422, Val. MSE: 12.553317547, Time_Elapsed:53.1925 secs
Epoch: 400/2000, Training NLL:0.026596109, Val. NLL:0.026828242, Val. MSE: 12.822252750, Time_Elapsed:60.7383 secs
Epoch: 450/2000, Training NLL:0.026533573, Val. NLL:0.026311246, Val. MSE: 12.513241768, Time_Elapsed:68.3200 secs
Epoch: 500/2000, Training NLL:0.026436016, Val. NLL:0.026520063, Val. MSE: 12.486486912, Time_Elapsed:76.0790 secs
Epoch: 550/2000, Training NLL:0.026388760, Val. NLL:0.026498803, Val. MSE: 12.217777252, Time_Elapsed:83.6584 secs
Epoch: 600/2000, Training NLL:0.026310612, Val. NLL:0.026666299, Val. MSE: 12.513758659, Time_Elapsed:91.1895 secs
Epoch: 650/2000, Training NLL:0.026251100, Val. NLL:0.026542240, Val. MSE: 12.302567482, Time_Elapsed:98.7643 secs
Consecutive iterations are:[669, 670, 671]
Exit and Convergence reached after 3 iterations for relative change in NLL below :0.05
Training convergence attained at Epoch: 671!

Saving the best model at epoch=671, with training loss=0.026217881900568802, validation loss=0.026416728273034096
------------------------------ Training ends --------------------------------- 

------------------------------ Training begins --------------------------------- 

Config: {'n_states': 16, 'n_obs': 16, 'mu_w': array([0., 0., 0., 0., 0., 0., 0., 0., 0., 0., 0., 0., 0., 0., 0., 0.]), 'C_w': None, 'H': array([[1., 0., 0., 0., 0., 0., 0., 0., 0., 0., 0., 0., 0., 0., 0., 0.],
       [0., 1., 0., 0., 0., 0., 0., 0., 0., 0., 0., 0., 0., 0., 0., 0.],
       [0., 0., 1., 0., 0., 0., 0., 0., 0., 0., 0., 0., 0., 0., 0., 0.],
       [0., 0., 0., 1., 0., 0., 0., 0., 0., 0., 0., 0., 0., 0., 0., 0.],
       [0., 0., 0., 0., 1., 0., 0., 0., 0., 0., 0., 0., 0., 0., 0., 0.],
       [0., 0., 0., 0., 0., 1., 0., 0., 0., 0., 0., 0., 0., 0., 0., 0.],
       [0., 0., 0., 0., 0., 0., 1., 0., 0., 0., 0., 0., 0., 0., 0., 0.],
       [0., 0., 0., 0., 0., 0., 0., 1., 0., 0., 0., 0., 0., 0., 0., 0.],
       [0., 0., 0., 0., 0., 0., 0., 0., 1., 0., 0., 0., 0., 0., 0., 0.],
       [0., 0., 0., 0., 0., 0., 0., 0., 0., 1., 0., 0., 0., 0., 0., 0.],
       [0., 0., 0., 0., 0., 0., 0., 0., 0., 0., 1., 0., 0., 0., 0., 0.],
       [0., 0., 0., 0., 0., 0., 0., 0., 0., 0., 0., 1., 0., 0., 0., 0.],
       [0., 0., 0., 0., 0., 0., 0., 0., 0., 0., 0., 0., 1., 0., 0., 0.],
       [0., 0., 0., 0., 0., 0., 0., 0., 0., 0., 0., 0., 0., 1., 0., 0.],
       [0., 0., 0., 0., 0., 0., 0., 0., 0., 0., 0., 0., 0., 0., 1., 0.],
       [0., 0., 0., 0., 0., 0., 0., 0., 0., 0., 0., 0., 0., 0., 0., 1.]]), 'mu_x0': array([0., 0., 0., 0., 0., 0., 0., 0., 0., 0., 0., 0., 0., 0., 0., 0.]), 'C_x0': array([[1., 0., 0., 0., 0., 0., 0., 0., 0., 0., 0., 0., 0., 0., 0., 0.],
       [0., 1., 0., 0., 0., 0., 0., 0., 0., 0., 0., 0., 0., 0., 0., 0.],
       [0., 0., 1., 0., 0., 0., 0., 0., 0., 0., 0., 0., 0., 0., 0., 0.],
       [0., 0., 0., 1., 0., 0., 0., 0., 0., 0., 0., 0., 0., 0., 0., 0.],
       [0., 0., 0., 0., 1., 0., 0., 0., 0., 0., 0., 0., 0., 0., 0., 0.],
       [0., 0., 0., 0., 0., 1., 0., 0., 0., 0., 0., 0., 0., 0., 0., 0.],
       [0., 0., 0., 0., 0., 0., 1., 0., 0., 0., 0., 0., 0., 0., 0., 0.],
       [0., 0., 0., 0., 0., 0., 0., 1., 0., 0., 0., 0., 0., 0., 0., 0.],
       [0., 0., 0., 0., 0., 0., 0., 0., 1., 0., 0., 0., 0., 0., 0., 0.],
       [0., 0., 0., 0., 0., 0., 0., 0., 0., 1., 0., 0., 0., 0., 0., 0.],
       [0., 0., 0., 0., 0., 0., 0., 0., 0., 0., 1., 0., 0., 0., 0., 0.],
       [0., 0., 0., 0., 0., 0., 0., 0., 0., 0., 0., 1., 0., 0., 0., 0.],
       [0., 0., 0., 0., 0., 0., 0., 0., 0., 0., 0., 0., 1., 0., 0., 0.],
       [0., 0., 0., 0., 0., 0., 0., 0., 0., 0., 0., 0., 0., 1., 0., 0.],
       [0., 0., 0., 0., 0., 0., 0., 0., 0., 0., 0., 0., 0., 0., 1., 0.],
       [0., 0., 0., 0., 0., 0., 0., 0., 0., 0., 0., 0., 0., 0., 0., 1.]]), 'batch_size': 64, 'rnn_type': 'gru', 'num_mixtures': 1, 'device': device(type='cuda', index=0), 'rnn_params_dict': {'gru': {'model_type': 'gru', 'input_size': 16, 'output_size': 16, 'num_mixtures': 1, 'n_hidden': 32, 'n_layers': 1, 'lr': 2e-05, 'num_epochs': 2000, 'min_delta': 0.01, 'n_hidden_dense': 32, 'device': device(type='cuda', index=0)}, 'rnn': {'model_type': 'gru', 'input_size': 16, 'output_size': 16, 'num_mixtures': None, 'n_hidden': 40, 'n_layers': 2, 'lr': 0.001, 'num_epochs': 300, 'min_delta': 0.001, 'n_hidden_dense': 32, 'device': device(type='cuda', index=0)}, 'lstm': {'model_type': 'lstm', 'input_size': 16, 'output_size': 16, 'num_mixtures': None, 'n_hidden': 40, 'n_layers': 2, 'lr': 0.001, 'num_epochs': 300, 'min_delta': 0.001, 'n_hidden_dense': 32, 'device': device(type='cuda', index=0)}}} 

No. of trainable parameters: 6945

Epoch: 1/2000, Training NLL:0.027053450, Val. NLL:0.027656686, Val. MSE: 15.116476059, Time_Elapsed:0.4221 secs
Epoch: 50/2000, Training NLL:0.027037180, Val. NLL:0.027255866, Val. MSE: 14.180348396, Time_Elapsed:7.8020 secs
Epoch: 100/2000, Training NLL:0.026971838, Val. NLL:0.027344049, Val. MSE: 14.647100449, Time_Elapsed:15.3585 secs
Epoch: 150/2000, Training NLL:0.026940200, Val. NLL:0.026904138, Val. MSE: 13.245521545, Time_Elapsed:23.0055 secs
Epoch: 200/2000, Training NLL:0.026884204, Val. NLL:0.026933275, Val. MSE: 14.275559902, Time_Elapsed:30.6280 secs
Epoch: 250/2000, Training NLL:0.026810292, Val. NLL:0.027174423, Val. MSE: 13.419449806, Time_Elapsed:38.1582 secs
Epoch: 300/2000, Training NLL:0.026761629, Val. NLL:0.027518942, Val. MSE: 13.986806393, Time_Elapsed:45.6345 secs
Epoch: 350/2000, Training NLL:0.026674459, Val. NLL:0.026620422, Val. MSE: 12.553317547, Time_Elapsed:53.1253 secs
Epoch: 400/2000, Training NLL:0.026596109, Val. NLL:0.026828242, Val. MSE: 12.822252750, Time_Elapsed:60.7148 secs
Epoch: 450/2000, Training NLL:0.026533573, Val. NLL:0.026311246, Val. MSE: 12.513241768, Time_Elapsed:68.2798 secs
Epoch: 500/2000, Training NLL:0.026436016, Val. NLL:0.026520063, Val. MSE: 12.486486912, Time_Elapsed:75.8310 secs
Epoch: 550/2000, Training NLL:0.026388760, Val. NLL:0.026498803, Val. MSE: 12.217777252, Time_Elapsed:83.3359 secs
Epoch: 600/2000, Training NLL:0.026310612, Val. NLL:0.026666299, Val. MSE: 12.513758659, Time_Elapsed:91.1157 secs
Epoch: 650/2000, Training NLL:0.026251100, Val. NLL:0.026542240, Val. MSE: 12.302567482, Time_Elapsed:98.8348 secs
Consecutive iterations are:[695, 696, 697]
Exit and Convergence reached after 3 iterations for relative change in NLL below :0.01
Training convergence attained at Epoch: 697!

Saving the best model at epoch=697, with training loss=0.026179721889396507, validation loss=0.02674443367868662
------------------------------ Training ends --------------------------------- 

------------------------------ Training begins --------------------------------- 

Config: {'n_states': 16, 'n_obs': 16, 'mu_w': array([0., 0., 0., 0., 0., 0., 0., 0., 0., 0., 0., 0., 0., 0., 0., 0.]), 'C_w': None, 'H': array([[1., 0., 0., 0., 0., 0., 0., 0., 0., 0., 0., 0., 0., 0., 0., 0.],
       [0., 1., 0., 0., 0., 0., 0., 0., 0., 0., 0., 0., 0., 0., 0., 0.],
       [0., 0., 1., 0., 0., 0., 0., 0., 0., 0., 0., 0., 0., 0., 0., 0.],
       [0., 0., 0., 1., 0., 0., 0., 0., 0., 0., 0., 0., 0., 0., 0., 0.],
       [0., 0., 0., 0., 1., 0., 0., 0., 0., 0., 0., 0., 0., 0., 0., 0.],
       [0., 0., 0., 0., 0., 1., 0., 0., 0., 0., 0., 0., 0., 0., 0., 0.],
       [0., 0., 0., 0., 0., 0., 1., 0., 0., 0., 0., 0., 0., 0., 0., 0.],
       [0., 0., 0., 0., 0., 0., 0., 1., 0., 0., 0., 0., 0., 0., 0., 0.],
       [0., 0., 0., 0., 0., 0., 0., 0., 1., 0., 0., 0., 0., 0., 0., 0.],
       [0., 0., 0., 0., 0., 0., 0., 0., 0., 1., 0., 0., 0., 0., 0., 0.],
       [0., 0., 0., 0., 0., 0., 0., 0., 0., 0., 1., 0., 0., 0., 0., 0.],
       [0., 0., 0., 0., 0., 0., 0., 0., 0., 0., 0., 1., 0., 0., 0., 0.],
       [0., 0., 0., 0., 0., 0., 0., 0., 0., 0., 0., 0., 1., 0., 0., 0.],
       [0., 0., 0., 0., 0., 0., 0., 0., 0., 0., 0., 0., 0., 1., 0., 0.],
       [0., 0., 0., 0., 0., 0., 0., 0., 0., 0., 0., 0., 0., 0., 1., 0.],
       [0., 0., 0., 0., 0., 0., 0., 0., 0., 0., 0., 0., 0., 0., 0., 1.]]), 'mu_x0': array([0., 0., 0., 0., 0., 0., 0., 0., 0., 0., 0., 0., 0., 0., 0., 0.]), 'C_x0': array([[1., 0., 0., 0., 0., 0., 0., 0., 0., 0., 0., 0., 0., 0., 0., 0.],
       [0., 1., 0., 0., 0., 0., 0., 0., 0., 0., 0., 0., 0., 0., 0., 0.],
       [0., 0., 1., 0., 0., 0., 0., 0., 0., 0., 0., 0., 0., 0., 0., 0.],
       [0., 0., 0., 1., 0., 0., 0., 0., 0., 0., 0., 0., 0., 0., 0., 0.],
       [0., 0., 0., 0., 1., 0., 0., 0., 0., 0., 0., 0., 0., 0., 0., 0.],
       [0., 0., 0., 0., 0., 1., 0., 0., 0., 0., 0., 0., 0., 0., 0., 0.],
       [0., 0., 0., 0., 0., 0., 1., 0., 0., 0., 0., 0., 0., 0., 0., 0.],
       [0., 0., 0., 0., 0., 0., 0., 1., 0., 0., 0., 0., 0., 0., 0., 0.],
       [0., 0., 0., 0., 0., 0., 0., 0., 1., 0., 0., 0., 0., 0., 0., 0.],
       [0., 0., 0., 0., 0., 0., 0., 0., 0., 1., 0., 0., 0., 0., 0., 0.],
       [0., 0., 0., 0., 0., 0., 0., 0., 0., 0., 1., 0., 0., 0., 0., 0.],
       [0., 0., 0., 0., 0., 0., 0., 0., 0., 0., 0., 1., 0., 0., 0., 0.],
       [0., 0., 0., 0., 0., 0., 0., 0., 0., 0., 0., 0., 1., 0., 0., 0.],
       [0., 0., 0., 0., 0., 0., 0., 0., 0., 0., 0., 0., 0., 1., 0., 0.],
       [0., 0., 0., 0., 0., 0., 0., 0., 0., 0., 0., 0., 0., 0., 1., 0.],
       [0., 0., 0., 0., 0., 0., 0., 0., 0., 0., 0., 0., 0., 0., 0., 1.]]), 'batch_size': 64, 'rnn_type': 'gru', 'num_mixtures': 1, 'device': device(type='cuda', index=0), 'rnn_params_dict': {'gru': {'model_type': 'gru', 'input_size': 16, 'output_size': 16, 'num_mixtures': 1, 'n_hidden': 32, 'n_layers': 1, 'lr': 2e-05, 'num_epochs': 2000, 'min_delta': 0.005, 'n_hidden_dense': 32, 'device': device(type='cuda', index=0)}, 'rnn': {'model_type': 'gru', 'input_size': 16, 'output_size': 16, 'num_mixtures': None, 'n_hidden': 40, 'n_layers': 2, 'lr': 0.001, 'num_epochs': 300, 'min_delta': 0.001, 'n_hidden_dense': 32, 'device': device(type='cuda', index=0)}, 'lstm': {'model_type': 'lstm', 'input_size': 16, 'output_size': 16, 'num_mixtures': None, 'n_hidden': 40, 'n_layers': 2, 'lr': 0.001, 'num_epochs': 300, 'min_delta': 0.001, 'n_hidden_dense': 32, 'device': device(type='cuda', index=0)}}} 

No. of trainable parameters: 6945

Epoch: 1/2000, Training NLL:0.027053450, Val. NLL:0.027656686, Val. MSE: 15.116476059, Time_Elapsed:0.3999 secs
Epoch: 50/2000, Training NLL:0.027037180, Val. NLL:0.027255866, Val. MSE: 14.180348396, Time_Elapsed:7.6877 secs
Epoch: 100/2000, Training NLL:0.026971838, Val. NLL:0.027344049, Val. MSE: 14.647100449, Time_Elapsed:15.2328 secs
Epoch: 150/2000, Training NLL:0.026940200, Val. NLL:0.026904138, Val. MSE: 13.245521545, Time_Elapsed:22.8057 secs
Epoch: 200/2000, Training NLL:0.026884204, Val. NLL:0.026933275, Val. MSE: 14.275559902, Time_Elapsed:30.3916 secs
Epoch: 250/2000, Training NLL:0.026810292, Val. NLL:0.027174423, Val. MSE: 13.419449806, Time_Elapsed:37.9716 secs
Epoch: 300/2000, Training NLL:0.026761629, Val. NLL:0.027518942, Val. MSE: 13.986806393, Time_Elapsed:45.6441 secs
Epoch: 350/2000, Training NLL:0.026674459, Val. NLL:0.026620422, Val. MSE: 12.553317547, Time_Elapsed:53.4002 secs
Epoch: 400/2000, Training NLL:0.026596109, Val. NLL:0.026828242, Val. MSE: 12.822252750, Time_Elapsed:61.0045 secs
Epoch: 450/2000, Training NLL:0.026533573, Val. NLL:0.026311246, Val. MSE: 12.513241768, Time_Elapsed:68.5507 secs
Epoch: 500/2000, Training NLL:0.026436016, Val. NLL:0.026520063, Val. MSE: 12.486486912, Time_Elapsed:76.1179 secs
Epoch: 550/2000, Training NLL:0.026388760, Val. NLL:0.026498803, Val. MSE: 12.217777252, Time_Elapsed:83.6275 secs
Epoch: 600/2000, Training NLL:0.026310612, Val. NLL:0.026666299, Val. MSE: 12.513758659, Time_Elapsed:91.2726 secs
Epoch: 650/2000, Training NLL:0.026251100, Val. NLL:0.026542240, Val. MSE: 12.302567482, Time_Elapsed:98.9443 secs
Epoch: 700/2000, Training NLL:0.026187128, Val. NLL:0.027196820, Val. MSE: 12.981370926, Time_Elapsed:106.4549 secs
Consecutive iterations are:[741, 742, 743]
Exit and Convergence reached after 3 iterations for relative change in NLL below :0.005
Training convergence attained at Epoch: 743!

Saving the best model at epoch=743, with training loss=0.02614225447177887, validation loss=0.026192672550678253
------------------------------ Training ends --------------------------------- 

------------------------------ Training begins --------------------------------- 

Config: {'n_states': 16, 'n_obs': 16, 'mu_w': array([0., 0., 0., 0., 0., 0., 0., 0., 0., 0., 0., 0., 0., 0., 0., 0.]), 'C_w': None, 'H': array([[1., 0., 0., 0., 0., 0., 0., 0., 0., 0., 0., 0., 0., 0., 0., 0.],
       [0., 1., 0., 0., 0., 0., 0., 0., 0., 0., 0., 0., 0., 0., 0., 0.],
       [0., 0., 1., 0., 0., 0., 0., 0., 0., 0., 0., 0., 0., 0., 0., 0.],
       [0., 0., 0., 1., 0., 0., 0., 0., 0., 0., 0., 0., 0., 0., 0., 0.],
       [0., 0., 0., 0., 1., 0., 0., 0., 0., 0., 0., 0., 0., 0., 0., 0.],
       [0., 0., 0., 0., 0., 1., 0., 0., 0., 0., 0., 0., 0., 0., 0., 0.],
       [0., 0., 0., 0., 0., 0., 1., 0., 0., 0., 0., 0., 0., 0., 0., 0.],
       [0., 0., 0., 0., 0., 0., 0., 1., 0., 0., 0., 0., 0., 0., 0., 0.],
       [0., 0., 0., 0., 0., 0., 0., 0., 1., 0., 0., 0., 0., 0., 0., 0.],
       [0., 0., 0., 0., 0., 0., 0., 0., 0., 1., 0., 0., 0., 0., 0., 0.],
       [0., 0., 0., 0., 0., 0., 0., 0., 0., 0., 1., 0., 0., 0., 0., 0.],
       [0., 0., 0., 0., 0., 0., 0., 0., 0., 0., 0., 1., 0., 0., 0., 0.],
       [0., 0., 0., 0., 0., 0., 0., 0., 0., 0., 0., 0., 1., 0., 0., 0.],
       [0., 0., 0., 0., 0., 0., 0., 0., 0., 0., 0., 0., 0., 1., 0., 0.],
       [0., 0., 0., 0., 0., 0., 0., 0., 0., 0., 0., 0., 0., 0., 1., 0.],
       [0., 0., 0., 0., 0., 0., 0., 0., 0., 0., 0., 0., 0., 0., 0., 1.]]), 'mu_x0': array([0., 0., 0., 0., 0., 0., 0., 0., 0., 0., 0., 0., 0., 0., 0., 0.]), 'C_x0': array([[1., 0., 0., 0., 0., 0., 0., 0., 0., 0., 0., 0., 0., 0., 0., 0.],
       [0., 1., 0., 0., 0., 0., 0., 0., 0., 0., 0., 0., 0., 0., 0., 0.],
       [0., 0., 1., 0., 0., 0., 0., 0., 0., 0., 0., 0., 0., 0., 0., 0.],
       [0., 0., 0., 1., 0., 0., 0., 0., 0., 0., 0., 0., 0., 0., 0., 0.],
       [0., 0., 0., 0., 1., 0., 0., 0., 0., 0., 0., 0., 0., 0., 0., 0.],
       [0., 0., 0., 0., 0., 1., 0., 0., 0., 0., 0., 0., 0., 0., 0., 0.],
       [0., 0., 0., 0., 0., 0., 1., 0., 0., 0., 0., 0., 0., 0., 0., 0.],
       [0., 0., 0., 0., 0., 0., 0., 1., 0., 0., 0., 0., 0., 0., 0., 0.],
       [0., 0., 0., 0., 0., 0., 0., 0., 1., 0., 0., 0., 0., 0., 0., 0.],
       [0., 0., 0., 0., 0., 0., 0., 0., 0., 1., 0., 0., 0., 0., 0., 0.],
       [0., 0., 0., 0., 0., 0., 0., 0., 0., 0., 1., 0., 0., 0., 0., 0.],
       [0., 0., 0., 0., 0., 0., 0., 0., 0., 0., 0., 1., 0., 0., 0., 0.],
       [0., 0., 0., 0., 0., 0., 0., 0., 0., 0., 0., 0., 1., 0., 0., 0.],
       [0., 0., 0., 0., 0., 0., 0., 0., 0., 0., 0., 0., 0., 1., 0., 0.],
       [0., 0., 0., 0., 0., 0., 0., 0., 0., 0., 0., 0., 0., 0., 1., 0.],
       [0., 0., 0., 0., 0., 0., 0., 0., 0., 0., 0., 0., 0., 0., 0., 1.]]), 'batch_size': 64, 'rnn_type': 'gru', 'num_mixtures': 1, 'device': device(type='cuda', index=0), 'rnn_params_dict': {'gru': {'model_type': 'gru', 'input_size': 16, 'output_size': 16, 'num_mixtures': 1, 'n_hidden': 32, 'n_layers': 1, 'lr': 2e-05, 'num_epochs': 2000, 'min_delta': 0.001, 'n_hidden_dense': 32, 'device': device(type='cuda', index=0)}, 'rnn': {'model_type': 'gru', 'input_size': 16, 'output_size': 16, 'num_mixtures': None, 'n_hidden': 40, 'n_layers': 2, 'lr': 0.001, 'num_epochs': 300, 'min_delta': 0.001, 'n_hidden_dense': 32, 'device': device(type='cuda', index=0)}, 'lstm': {'model_type': 'lstm', 'input_size': 16, 'output_size': 16, 'num_mixtures': None, 'n_hidden': 40, 'n_layers': 2, 'lr': 0.001, 'num_epochs': 300, 'min_delta': 0.001, 'n_hidden_dense': 32, 'device': device(type='cuda', index=0)}}} 

No. of trainable parameters: 6945

Epoch: 1/2000, Training NLL:0.027053450, Val. NLL:0.027656686, Val. MSE: 15.116476059, Time_Elapsed:0.4004 secs
Epoch: 50/2000, Training NLL:0.027037180, Val. NLL:0.027255866, Val. MSE: 14.180348396, Time_Elapsed:7.4388 secs
Epoch: 100/2000, Training NLL:0.026971838, Val. NLL:0.027344049, Val. MSE: 14.647100449, Time_Elapsed:14.8585 secs
Epoch: 150/2000, Training NLL:0.026940200, Val. NLL:0.026904138, Val. MSE: 13.245521545, Time_Elapsed:22.4831 secs
Epoch: 200/2000, Training NLL:0.026884204, Val. NLL:0.026933275, Val. MSE: 14.275559902, Time_Elapsed:30.1000 secs
Epoch: 250/2000, Training NLL:0.026810292, Val. NLL:0.027174423, Val. MSE: 13.419449806, Time_Elapsed:37.5935 secs
Epoch: 300/2000, Training NLL:0.026761629, Val. NLL:0.027518942, Val. MSE: 13.986806393, Time_Elapsed:45.3013 secs
Epoch: 350/2000, Training NLL:0.026674459, Val. NLL:0.026620422, Val. MSE: 12.553317547, Time_Elapsed:53.0625 secs
Epoch: 400/2000, Training NLL:0.026596109, Val. NLL:0.026828242, Val. MSE: 12.822252750, Time_Elapsed:60.8516 secs
Epoch: 450/2000, Training NLL:0.026533573, Val. NLL:0.026311246, Val. MSE: 12.513241768, Time_Elapsed:68.5767 secs
Epoch: 500/2000, Training NLL:0.026436016, Val. NLL:0.026520063, Val. MSE: 12.486486912, Time_Elapsed:76.2771 secs
Epoch: 550/2000, Training NLL:0.026388760, Val. NLL:0.026498803, Val. MSE: 12.217777252, Time_Elapsed:83.9984 secs
Epoch: 600/2000, Training NLL:0.026310612, Val. NLL:0.026666299, Val. MSE: 12.513758659, Time_Elapsed:91.6421 secs
Epoch: 650/2000, Training NLL:0.026251100, Val. NLL:0.026542240, Val. MSE: 12.302567482, Time_Elapsed:99.2360 secs
Epoch: 700/2000, Training NLL:0.026187128, Val. NLL:0.027196820, Val. MSE: 12.981370926, Time_Elapsed:106.8137 secs
Epoch: 750/2000, Training NLL:0.026140302, Val. NLL:0.026405289, Val. MSE: 12.144375324, Time_Elapsed:114.5429 secs
Epoch: 800/2000, Training NLL:0.026076299, Val. NLL:0.026332598, Val. MSE: 11.831065178, Time_Elapsed:122.2037 secs
Epoch: 850/2000, Training NLL:0.026024031, Val. NLL:0.026433927, Val. MSE: 12.132313251, Time_Elapsed:129.8918 secs
Epoch: 900/2000, Training NLL:0.025966852, Val. NLL:0.026857708, Val. MSE: 12.238353729, Time_Elapsed:137.6199 secs
Epoch: 950/2000, Training NLL:0.025910457, Val. NLL:0.025712983, Val. MSE: 11.780912399, Time_Elapsed:145.4241 secs
Epoch: 1000/2000, Training NLL:0.025869432, Val. NLL:0.026163452, Val. MSE: 11.931812286, Time_Elapsed:152.7794 secs
Epoch: 1050/2000, Training NLL:0.025812810, Val. NLL:0.026218450, Val. MSE: 12.263231754, Time_Elapsed:160.0131 secs
Epoch: 1100/2000, Training NLL:0.025774785, Val. NLL:0.025834160, Val. MSE: 11.669620037, Time_Elapsed:167.2750 secs
Epoch: 1150/2000, Training NLL:0.025723253, Val. NLL:0.026548551, Val. MSE: 12.073273659, Time_Elapsed:174.9012 secs
Epoch: 1200/2000, Training NLL:0.025685669, Val. NLL:0.026152374, Val. MSE: 11.891839504, Time_Elapsed:182.5764 secs
Epoch: 1250/2000, Training NLL:0.025644739, Val. NLL:0.025816826, Val. MSE: 12.143703461, Time_Elapsed:190.2419 secs
Epoch: 1300/2000, Training NLL:0.025592367, Val. NLL:0.026227821, Val. MSE: 13.261992931, Time_Elapsed:197.9580 secs
Epoch: 1350/2000, Training NLL:0.025551481, Val. NLL:0.026163669, Val. MSE: 12.183525085, Time_Elapsed:205.6401 secs
Epoch: 1400/2000, Training NLL:0.025535068, Val. NLL:0.026360751, Val. MSE: 12.724598885, Time_Elapsed:213.3825 secs
Epoch: 1450/2000, Training NLL:0.025483803, Val. NLL:0.025391252, Val. MSE: 11.336210251, Time_Elapsed:221.1567 secs
Epoch: 1500/2000, Training NLL:0.025419228, Val. NLL:0.025903629, Val. MSE: 13.115535736, Time_Elapsed:228.8191 secs
Epoch: 1550/2000, Training NLL:0.025423933, Val. NLL:0.025646312, Val. MSE: 12.330768585, Time_Elapsed:236.5509 secs
Epoch: 1600/2000, Training NLL:0.025370005, Val. NLL:0.025714955, Val. MSE: 12.459661007, Time_Elapsed:244.1302 secs
Epoch: 1650/2000, Training NLL:0.025323371, Val. NLL:0.025965233, Val. MSE: 12.670232296, Time_Elapsed:251.6862 secs
Epoch: 1700/2000, Training NLL:0.025302355, Val. NLL:0.026002801, Val. MSE: 12.617321968, Time_Elapsed:259.3392 secs
Epoch: 1750/2000, Training NLL:0.025255519, Val. NLL:0.026323311, Val. MSE: 13.127406597, Time_Elapsed:267.0630 secs
Epoch: 1800/2000, Training NLL:0.025241451, Val. NLL:0.025788330, Val. MSE: 12.693179131, Time_Elapsed:274.8244 secs
Epoch: 1850/2000, Training NLL:0.025203128, Val. NLL:0.026095087, Val. MSE: 13.420495510, Time_Elapsed:282.4187 secs
Epoch: 1900/2000, Training NLL:0.025175729, Val. NLL:0.026165280, Val. MSE: 13.276467323, Time_Elapsed:290.0327 secs
Epoch: 1950/2000, Training NLL:0.025142261, Val. NLL:0.026052877, Val. MSE: 13.367654324, Time_Elapsed:297.7512 secs
Epoch: 2000/2000, Training NLL:0.025118101, Val. NLL:0.026042787, Val. MSE: 13.073653698, Time_Elapsed:305.2741 secs

Saving the best model at epoch=None, with training loss=inf, validation loss=inf
Saving last model as best...
------------------------------ Training ends --------------------------------- 

------------------------------ Training begins --------------------------------- 

Config: {'n_states': 16, 'n_obs': 16, 'mu_w': array([0., 0., 0., 0., 0., 0., 0., 0., 0., 0., 0., 0., 0., 0., 0., 0.]), 'C_w': None, 'H': array([[1., 0., 0., 0., 0., 0., 0., 0., 0., 0., 0., 0., 0., 0., 0., 0.],
       [0., 1., 0., 0., 0., 0., 0., 0., 0., 0., 0., 0., 0., 0., 0., 0.],
       [0., 0., 1., 0., 0., 0., 0., 0., 0., 0., 0., 0., 0., 0., 0., 0.],
       [0., 0., 0., 1., 0., 0., 0., 0., 0., 0., 0., 0., 0., 0., 0., 0.],
       [0., 0., 0., 0., 1., 0., 0., 0., 0., 0., 0., 0., 0., 0., 0., 0.],
       [0., 0., 0., 0., 0., 1., 0., 0., 0., 0., 0., 0., 0., 0., 0., 0.],
       [0., 0., 0., 0., 0., 0., 1., 0., 0., 0., 0., 0., 0., 0., 0., 0.],
       [0., 0., 0., 0., 0., 0., 0., 1., 0., 0., 0., 0., 0., 0., 0., 0.],
       [0., 0., 0., 0., 0., 0., 0., 0., 1., 0., 0., 0., 0., 0., 0., 0.],
       [0., 0., 0., 0., 0., 0., 0., 0., 0., 1., 0., 0., 0., 0., 0., 0.],
       [0., 0., 0., 0., 0., 0., 0., 0., 0., 0., 1., 0., 0., 0., 0., 0.],
       [0., 0., 0., 0., 0., 0., 0., 0., 0., 0., 0., 1., 0., 0., 0., 0.],
       [0., 0., 0., 0., 0., 0., 0., 0., 0., 0., 0., 0., 1., 0., 0., 0.],
       [0., 0., 0., 0., 0., 0., 0., 0., 0., 0., 0., 0., 0., 1., 0., 0.],
       [0., 0., 0., 0., 0., 0., 0., 0., 0., 0., 0., 0., 0., 0., 1., 0.],
       [0., 0., 0., 0., 0., 0., 0., 0., 0., 0., 0., 0., 0., 0., 0., 1.]]), 'mu_x0': array([0., 0., 0., 0., 0., 0., 0., 0., 0., 0., 0., 0., 0., 0., 0., 0.]), 'C_x0': array([[1., 0., 0., 0., 0., 0., 0., 0., 0., 0., 0., 0., 0., 0., 0., 0.],
       [0., 1., 0., 0., 0., 0., 0., 0., 0., 0., 0., 0., 0., 0., 0., 0.],
       [0., 0., 1., 0., 0., 0., 0., 0., 0., 0., 0., 0., 0., 0., 0., 0.],
       [0., 0., 0., 1., 0., 0., 0., 0., 0., 0., 0., 0., 0., 0., 0., 0.],
       [0., 0., 0., 0., 1., 0., 0., 0., 0., 0., 0., 0., 0., 0., 0., 0.],
       [0., 0., 0., 0., 0., 1., 0., 0., 0., 0., 0., 0., 0., 0., 0., 0.],
       [0., 0., 0., 0., 0., 0., 1., 0., 0., 0., 0., 0., 0., 0., 0., 0.],
       [0., 0., 0., 0., 0., 0., 0., 1., 0., 0., 0., 0., 0., 0., 0., 0.],
       [0., 0., 0., 0., 0., 0., 0., 0., 1., 0., 0., 0., 0., 0., 0., 0.],
       [0., 0., 0., 0., 0., 0., 0., 0., 0., 1., 0., 0., 0., 0., 0., 0.],
       [0., 0., 0., 0., 0., 0., 0., 0., 0., 0., 1., 0., 0., 0., 0., 0.],
       [0., 0., 0., 0., 0., 0., 0., 0., 0., 0., 0., 1., 0., 0., 0., 0.],
       [0., 0., 0., 0., 0., 0., 0., 0., 0., 0., 0., 0., 1., 0., 0., 0.],
       [0., 0., 0., 0., 0., 0., 0., 0., 0., 0., 0., 0., 0., 1., 0., 0.],
       [0., 0., 0., 0., 0., 0., 0., 0., 0., 0., 0., 0., 0., 0., 1., 0.],
       [0., 0., 0., 0., 0., 0., 0., 0., 0., 0., 0., 0., 0., 0., 0., 1.]]), 'batch_size': 64, 'rnn_type': 'gru', 'num_mixtures': 1, 'device': device(type='cuda', index=0), 'rnn_params_dict': {'gru': {'model_type': 'gru', 'input_size': 16, 'output_size': 16, 'num_mixtures': 1, 'n_hidden': 32, 'n_layers': 1, 'lr': 2e-05, 'num_epochs': 2000, 'min_delta': 0.001, 'n_hidden_dense': 32, 'device': device(type='cuda', index=0)}, 'rnn': {'model_type': 'gru', 'input_size': 16, 'output_size': 16, 'num_mixtures': None, 'n_hidden': 40, 'n_layers': 2, 'lr': 0.001, 'num_epochs': 300, 'min_delta': 0.001, 'n_hidden_dense': 32, 'device': device(type='cuda', index=0)}, 'lstm': {'model_type': 'lstm', 'input_size': 16, 'output_size': 16, 'num_mixtures': None, 'n_hidden': 40, 'n_layers': 2, 'lr': 0.001, 'num_epochs': 300, 'min_delta': 0.001, 'n_hidden_dense': 32, 'device': device(type='cuda', index=0)}}} 

No. of trainable parameters: 6945

Epoch: 1/2000, Training NLL:0.027053450, Val. NLL:0.027656686, Val. MSE: 15.116476059, Time_Elapsed:0.4027 secs
Epoch: 50/2000, Training NLL:0.027037180, Val. NLL:0.027255866, Val. MSE: 14.180348396, Time_Elapsed:7.4937 secs
Interrupted!! ...saving the model at epoch:59
------------------------------ Training ends --------------------------------- 

------------------------------ Training begins --------------------------------- 

Config: {'n_states': 16, 'n_obs': 16, 'mu_w': array([0., 0., 0., 0., 0., 0., 0., 0., 0., 0., 0., 0., 0., 0., 0., 0.]), 'C_w': None, 'H': array([[1., 0., 0., 0., 0., 0., 0., 0., 0., 0., 0., 0., 0., 0., 0., 0.],
       [0., 1., 0., 0., 0., 0., 0., 0., 0., 0., 0., 0., 0., 0., 0., 0.],
       [0., 0., 1., 0., 0., 0., 0., 0., 0., 0., 0., 0., 0., 0., 0., 0.],
       [0., 0., 0., 1., 0., 0., 0., 0., 0., 0., 0., 0., 0., 0., 0., 0.],
       [0., 0., 0., 0., 1., 0., 0., 0., 0., 0., 0., 0., 0., 0., 0., 0.],
       [0., 0., 0., 0., 0., 1., 0., 0., 0., 0., 0., 0., 0., 0., 0., 0.],
       [0., 0., 0., 0., 0., 0., 1., 0., 0., 0., 0., 0., 0., 0., 0., 0.],
       [0., 0., 0., 0., 0., 0., 0., 1., 0., 0., 0., 0., 0., 0., 0., 0.],
       [0., 0., 0., 0., 0., 0., 0., 0., 1., 0., 0., 0., 0., 0., 0., 0.],
       [0., 0., 0., 0., 0., 0., 0., 0., 0., 1., 0., 0., 0., 0., 0., 0.],
       [0., 0., 0., 0., 0., 0., 0., 0., 0., 0., 1., 0., 0., 0., 0., 0.],
       [0., 0., 0., 0., 0., 0., 0., 0., 0., 0., 0., 1., 0., 0., 0., 0.],
       [0., 0., 0., 0., 0., 0., 0., 0., 0., 0., 0., 0., 1., 0., 0., 0.],
       [0., 0., 0., 0., 0., 0., 0., 0., 0., 0., 0., 0., 0., 1., 0., 0.],
       [0., 0., 0., 0., 0., 0., 0., 0., 0., 0., 0., 0., 0., 0., 1., 0.],
       [0., 0., 0., 0., 0., 0., 0., 0., 0., 0., 0., 0., 0., 0., 0., 1.]]), 'mu_x0': array([0., 0., 0., 0., 0., 0., 0., 0., 0., 0., 0., 0., 0., 0., 0., 0.]), 'C_x0': array([[1., 0., 0., 0., 0., 0., 0., 0., 0., 0., 0., 0., 0., 0., 0., 0.],
       [0., 1., 0., 0., 0., 0., 0., 0., 0., 0., 0., 0., 0., 0., 0., 0.],
       [0., 0., 1., 0., 0., 0., 0., 0., 0., 0., 0., 0., 0., 0., 0., 0.],
       [0., 0., 0., 1., 0., 0., 0., 0., 0., 0., 0., 0., 0., 0., 0., 0.],
       [0., 0., 0., 0., 1., 0., 0., 0., 0., 0., 0., 0., 0., 0., 0., 0.],
       [0., 0., 0., 0., 0., 1., 0., 0., 0., 0., 0., 0., 0., 0., 0., 0.],
       [0., 0., 0., 0., 0., 0., 1., 0., 0., 0., 0., 0., 0., 0., 0., 0.],
       [0., 0., 0., 0., 0., 0., 0., 1., 0., 0., 0., 0., 0., 0., 0., 0.],
       [0., 0., 0., 0., 0., 0., 0., 0., 1., 0., 0., 0., 0., 0., 0., 0.],
       [0., 0., 0., 0., 0., 0., 0., 0., 0., 1., 0., 0., 0., 0., 0., 0.],
       [0., 0., 0., 0., 0., 0., 0., 0., 0., 0., 1., 0., 0., 0., 0., 0.],
       [0., 0., 0., 0., 0., 0., 0., 0., 0., 0., 0., 1., 0., 0., 0., 0.],
       [0., 0., 0., 0., 0., 0., 0., 0., 0., 0., 0., 0., 1., 0., 0., 0.],
       [0., 0., 0., 0., 0., 0., 0., 0., 0., 0., 0., 0., 0., 1., 0., 0.],
       [0., 0., 0., 0., 0., 0., 0., 0., 0., 0., 0., 0., 0., 0., 1., 0.],
       [0., 0., 0., 0., 0., 0., 0., 0., 0., 0., 0., 0., 0., 0., 0., 1.]]), 'batch_size': 64, 'rnn_type': 'gru', 'num_mixtures': 1, 'device': device(type='cuda', index=0), 'rnn_params_dict': {'gru': {'model_type': 'gru', 'input_size': 16, 'output_size': 16, 'num_mixtures': 1, 'n_hidden': 128, 'n_layers': 1, 'lr': 1e-05, 'num_epochs': 2000, 'min_delta': 0.005, 'n_hidden_dense': 64, 'device': device(type='cuda', index=0)}, 'rnn': {'model_type': 'gru', 'input_size': 16, 'output_size': 16, 'num_mixtures': None, 'n_hidden': 40, 'n_layers': 2, 'lr': 0.001, 'num_epochs': 300, 'min_delta': 0.001, 'n_hidden_dense': 32, 'device': device(type='cuda', index=0)}, 'lstm': {'model_type': 'lstm', 'input_size': 16, 'output_size': 16, 'num_mixtures': None, 'n_hidden': 40, 'n_layers': 2, 'lr': 0.001, 'num_epochs': 300, 'min_delta': 0.001, 'n_hidden_dense': 32, 'device': device(type='cuda', index=0)}}} 

No. of trainable parameters: 66465

Epoch: 1/2000, Training NLL:25.985148112, Val. NLL:25.905108452, Val. MSE: 14.521586418, Time_Elapsed:0.4103 secs
Epoch: 50/2000, Training NLL:25.922164281, Val. NLL:26.180747986, Val. MSE: 14.235902309, Time_Elapsed:7.2774 secs
Epoch: 100/2000, Training NLL:25.824693362, Val. NLL:25.860208511, Val. MSE: 14.229181290, Time_Elapsed:14.3617 secs
Epoch: 150/2000, Training NLL:25.746727626, Val. NLL:26.400894165, Val. MSE: 14.366091251, Time_Elapsed:21.8354 secs
Epoch: 200/2000, Training NLL:25.608908971, Val. NLL:26.352020264, Val. MSE: 14.284220695, Time_Elapsed:29.2288 secs
Epoch: 250/2000, Training NLL:25.488330841, Val. NLL:26.152787209, Val. MSE: 13.280354977, Time_Elapsed:36.7430 secs
Epoch: 300/2000, Training NLL:25.343138059, Val. NLL:25.274778366, Val. MSE: 12.348137856, Time_Elapsed:44.2429 secs
Epoch: 350/2000, Training NLL:25.182639758, Val. NLL:25.475475311, Val. MSE: 12.506880760, Time_Elapsed:51.8200 secs
Epoch: 400/2000, Training NLL:25.075181643, Val. NLL:25.332432747, Val. MSE: 12.261776924, Time_Elapsed:59.3806 secs
Epoch: 450/2000, Training NLL:24.938820203, Val. NLL:25.492921829, Val. MSE: 11.945652962, Time_Elapsed:66.9721 secs
Epoch: 500/2000, Training NLL:24.832531929, Val. NLL:26.000336647, Val. MSE: 12.509906292, Time_Elapsed:74.5283 secs
Epoch: 550/2000, Training NLL:24.706601143, Val. NLL:25.271176338, Val. MSE: 12.074364662, Time_Elapsed:82.0472 secs
Epoch: 600/2000, Training NLL:24.608100891, Val. NLL:25.502895355, Val. MSE: 11.855404377, Time_Elapsed:89.5425 secs
Epoch: 650/2000, Training NLL:24.494115512, Val. NLL:24.466000557, Val. MSE: 10.944200993, Time_Elapsed:96.9659 secs
Epoch: 700/2000, Training NLL:24.423284213, Val. NLL:24.378727913, Val. MSE: 11.411200523, Time_Elapsed:104.4664 secs
Consecutive iterations are:[738, 739, 740]
Exit and Convergence reached after 3 iterations for relative change in NLL below :0.005
Training convergence attained at Epoch: 740!

Saving the best model at epoch=740, with training loss=24.34549045562744, validation loss=25.024388313293457
------------------------------ Training ends --------------------------------- 

