------------------------------ Training begins --------------------------------- 

Config: {'n_states': 16, 'n_obs': 16, 'mu_w': array([0., 0., 0., 0., 0., 0., 0., 0., 0., 0., 0., 0., 0., 0., 0., 0.]), 'C_w': None, 'H': array([[1., 0., 0., 0., 0., 0., 0., 0., 0., 0., 0., 0., 0., 0., 0., 0.],
       [0., 1., 0., 0., 0., 0., 0., 0., 0., 0., 0., 0., 0., 0., 0., 0.],
       [0., 0., 1., 0., 0., 0., 0., 0., 0., 0., 0., 0., 0., 0., 0., 0.],
       [0., 0., 0., 1., 0., 0., 0., 0., 0., 0., 0., 0., 0., 0., 0., 0.],
       [0., 0., 0., 0., 1., 0., 0., 0., 0., 0., 0., 0., 0., 0., 0., 0.],
       [0., 0., 0., 0., 0., 1., 0., 0., 0., 0., 0., 0., 0., 0., 0., 0.],
       [0., 0., 0., 0., 0., 0., 1., 0., 0., 0., 0., 0., 0., 0., 0., 0.],
       [0., 0., 0., 0., 0., 0., 0., 1., 0., 0., 0., 0., 0., 0., 0., 0.],
       [0., 0., 0., 0., 0., 0., 0., 0., 1., 0., 0., 0., 0., 0., 0., 0.],
       [0., 0., 0., 0., 0., 0., 0., 0., 0., 1., 0., 0., 0., 0., 0., 0.],
       [0., 0., 0., 0., 0., 0., 0., 0., 0., 0., 1., 0., 0., 0., 0., 0.],
       [0., 0., 0., 0., 0., 0., 0., 0., 0., 0., 0., 1., 0., 0., 0., 0.],
       [0., 0., 0., 0., 0., 0., 0., 0., 0., 0., 0., 0., 1., 0., 0., 0.],
       [0., 0., 0., 0., 0., 0., 0., 0., 0., 0., 0., 0., 0., 1., 0., 0.],
       [0., 0., 0., 0., 0., 0., 0., 0., 0., 0., 0., 0., 0., 0., 1., 0.],
       [0., 0., 0., 0., 0., 0., 0., 0., 0., 0., 0., 0., 0., 0., 0., 1.]]), 'mu_x0': array([0., 0., 0., 0., 0., 0., 0., 0., 0., 0., 0., 0., 0., 0., 0., 0.]), 'C_x0': array([[1., 0., 0., 0., 0., 0., 0., 0., 0., 0., 0., 0., 0., 0., 0., 0.],
       [0., 1., 0., 0., 0., 0., 0., 0., 0., 0., 0., 0., 0., 0., 0., 0.],
       [0., 0., 1., 0., 0., 0., 0., 0., 0., 0., 0., 0., 0., 0., 0., 0.],
       [0., 0., 0., 1., 0., 0., 0., 0., 0., 0., 0., 0., 0., 0., 0., 0.],
       [0., 0., 0., 0., 1., 0., 0., 0., 0., 0., 0., 0., 0., 0., 0., 0.],
       [0., 0., 0., 0., 0., 1., 0., 0., 0., 0., 0., 0., 0., 0., 0., 0.],
       [0., 0., 0., 0., 0., 0., 1., 0., 0., 0., 0., 0., 0., 0., 0., 0.],
       [0., 0., 0., 0., 0., 0., 0., 1., 0., 0., 0., 0., 0., 0., 0., 0.],
       [0., 0., 0., 0., 0., 0., 0., 0., 1., 0., 0., 0., 0., 0., 0., 0.],
       [0., 0., 0., 0., 0., 0., 0., 0., 0., 1., 0., 0., 0., 0., 0., 0.],
       [0., 0., 0., 0., 0., 0., 0., 0., 0., 0., 1., 0., 0., 0., 0., 0.],
       [0., 0., 0., 0., 0., 0., 0., 0., 0., 0., 0., 1., 0., 0., 0., 0.],
       [0., 0., 0., 0., 0., 0., 0., 0., 0., 0., 0., 0., 1., 0., 0., 0.],
       [0., 0., 0., 0., 0., 0., 0., 0., 0., 0., 0., 0., 0., 1., 0., 0.],
       [0., 0., 0., 0., 0., 0., 0., 0., 0., 0., 0., 0., 0., 0., 1., 0.],
       [0., 0., 0., 0., 0., 0., 0., 0., 0., 0., 0., 0., 0., 0., 0., 1.]]), 'batch_size': 64, 'rnn_type': 'gru', 'num_mixtures': 10, 'device': device(type='cuda', index=0), 'rnn_params_dict': {'gru': {'model_type': 'gru', 'input_size': 16, 'output_size': 16, 'num_mixtures': 10, 'n_hidden': 128, 'n_layers': 1, 'lr': 1e-05, 'num_epochs': 2000, 'min_delta': 0.005, 'n_hidden_dense': 64, 'device': device(type='cuda', index=0)}, 'rnn': {'model_type': 'gru', 'input_size': 16, 'output_size': 16, 'num_mixtures': None, 'n_hidden': 40, 'n_layers': 2, 'lr': 0.001, 'num_epochs': 300, 'min_delta': 0.001, 'n_hidden_dense': 32, 'device': device(type='cuda', index=0)}, 'lstm': {'model_type': 'lstm', 'input_size': 16, 'output_size': 16, 'num_mixtures': None, 'n_hidden': 40, 'n_layers': 2, 'lr': 0.001, 'num_epochs': 300, 'min_delta': 0.001, 'n_hidden_dense': 32, 'device': device(type='cuda', index=0)}}} 

No. of trainable parameters: 85770

Epoch: 1/2000, Training NLL:25.963497798, Val. NLL:26.900955200, Val. MSE: 15.202405453, Time_Elapsed:0.5570 secs
Epoch: 50/2000, Training NLL:25.950783412, Val. NLL:25.837751389, Val. MSE: 14.017665863, Time_Elapsed:15.4650 secs
Epoch: 100/2000, Training NLL:25.905930201, Val. NLL:25.994086266, Val. MSE: 14.196180820, Time_Elapsed:30.6328 secs
Epoch: 150/2000, Training NLL:25.838735263, Val. NLL:26.121440887, Val. MSE: 13.665894032, Time_Elapsed:45.9353 secs
Epoch: 200/2000, Training NLL:25.738355637, Val. NLL:26.038489342, Val. MSE: 13.585342884, Time_Elapsed:61.2067 secs
Epoch: 250/2000, Training NLL:25.508158366, Val. NLL:26.560701370, Val. MSE: 13.343490601, Time_Elapsed:76.3898 secs
Epoch: 300/2000, Training NLL:25.287720044, Val. NLL:25.836414337, Val. MSE: 12.520713806, Time_Elapsed:91.5249 secs
Epoch: 350/2000, Training NLL:25.131418228, Val. NLL:25.516160011, Val. MSE: 12.628067017, Time_Elapsed:106.8326 secs
Epoch: 400/2000, Training NLL:25.007680893, Val. NLL:25.798640251, Val. MSE: 12.560014248, Time_Elapsed:121.9156 secs
Epoch: 450/2000, Training NLL:24.901433945, Val. NLL:25.960197449, Val. MSE: 12.867169380, Time_Elapsed:137.2045 secs
Epoch: 500/2000, Training NLL:24.773142497, Val. NLL:25.023868561, Val. MSE: 11.625319004, Time_Elapsed:152.3607 secs
Epoch: 550/2000, Training NLL:24.689388275, Val. NLL:25.493413925, Val. MSE: 12.055333138, Time_Elapsed:167.5408 secs
Epoch: 600/2000, Training NLL:24.601684888, Val. NLL:25.465421677, Val. MSE: 11.882627010, Time_Elapsed:182.7303 secs
Epoch: 650/2000, Training NLL:24.503504435, Val. NLL:24.600905418, Val. MSE: 11.447347641, Time_Elapsed:197.9765 secs
Epoch: 700/2000, Training NLL:24.423204104, Val. NLL:25.025800705, Val. MSE: 11.981809139, Time_Elapsed:213.1024 secs
Epoch: 750/2000, Training NLL:24.353768667, Val. NLL:25.202442169, Val. MSE: 12.446099758, Time_Elapsed:228.2898 secs
Epoch: 800/2000, Training NLL:24.256216367, Val. NLL:24.992461205, Val. MSE: 12.096606255, Time_Elapsed:243.3717 secs
Epoch: 850/2000, Training NLL:24.190555890, Val. NLL:24.955957413, Val. MSE: 11.694808960, Time_Elapsed:258.4468 secs
Consecutive iterations are:[853, 854, 855]
Exit and Convergence reached after 3 iterations for relative change in NLL below :0.005
Training convergence attained at Epoch: 855!

Saving the best model at epoch=855, with training loss=24.1847505569458, validation loss=24.64809799194336
------------------------------ Training ends --------------------------------- 

